Archive member included to satisfy reference by file (symbol)

E:/C/stm32/configuration/arm-gnu-toolchain-13.3.rel1-mingw-w64-i686-arm-none-eabi/bin/../lib/gcc/arm-none-eabi/13.3.1/thumb/v7e-m/nofp\libgcc.a(_arm_mulsf3.o)
                              CMakeFiles/gx.elf.dir/Drivers/STM32H7xx_HAL_Driver/Src/stm32h7xx_hal_rcc.c.obj (__aeabi_fmul)
E:/C/stm32/configuration/arm-gnu-toolchain-13.3.rel1-mingw-w64-i686-arm-none-eabi/bin/../lib/gcc/arm-none-eabi/13.3.1/thumb/v7e-m/nofp\libgcc.a(_arm_addsubsf3.o)
                              CMakeFiles/gx.elf.dir/Drivers/STM32H7xx_HAL_Driver/Src/stm32h7xx_hal_rcc.c.obj (__aeabi_fadd)
E:/C/stm32/configuration/arm-gnu-toolchain-13.3.rel1-mingw-w64-i686-arm-none-eabi/bin/../lib/gcc/arm-none-eabi/13.3.1/thumb/v7e-m/nofp\libgcc.a(_arm_muldivsf3.o)
                              CMakeFiles/gx.elf.dir/Drivers/STM32H7xx_HAL_Driver/Src/stm32h7xx_hal_rcc.c.obj (__aeabi_fdiv)
E:/C/stm32/configuration/arm-gnu-toolchain-13.3.rel1-mingw-w64-i686-arm-none-eabi/bin/../lib/gcc/arm-none-eabi/13.3.1/thumb/v7e-m/nofp\libgcc.a(_arm_fixunssfsi.o)
                              CMakeFiles/gx.elf.dir/Drivers/STM32H7xx_HAL_Driver/Src/stm32h7xx_hal_rcc.c.obj (__aeabi_f2uiz)
E:/C/stm32/configuration/arm-gnu-toolchain-13.3.rel1-mingw-w64-i686-arm-none-eabi/bin/../lib/gcc/arm-none-eabi/13.3.1/thumb/v7e-m/nofp\libgcc.a(_aeabi_uldivmod.o)
                              CMakeFiles/gx.elf.dir/Drivers/STM32H7xx_HAL_Driver/Src/stm32h7xx_hal_uart.c.obj (__aeabi_uldivmod)
E:/C/stm32/configuration/arm-gnu-toolchain-13.3.rel1-mingw-w64-i686-arm-none-eabi/bin/../lib/gcc/arm-none-eabi/13.3.1/thumb/v7e-m/nofp\libgcc.a(_udivmoddi4.o)
                              E:/C/stm32/configuration/arm-gnu-toolchain-13.3.rel1-mingw-w64-i686-arm-none-eabi/bin/../lib/gcc/arm-none-eabi/13.3.1/thumb/v7e-m/nofp\libgcc.a(_aeabi_uldivmod.o) (__udivmoddi4)
E:/C/stm32/configuration/arm-gnu-toolchain-13.3.rel1-mingw-w64-i686-arm-none-eabi/bin/../lib/gcc/arm-none-eabi/13.3.1/thumb/v7e-m/nofp\libgcc.a(_dvmd_tls.o)
                              E:/C/stm32/configuration/arm-gnu-toolchain-13.3.rel1-mingw-w64-i686-arm-none-eabi/bin/../lib/gcc/arm-none-eabi/13.3.1/thumb/v7e-m/nofp\libgcc.a(_aeabi_uldivmod.o) (__aeabi_ldiv0)
E:/C/stm32/configuration/arm-gnu-toolchain-13.3.rel1-mingw-w64-i686-arm-none-eabi/bin/../lib/gcc/arm-none-eabi/13.3.1/thumb/v7e-m/nofp\libg.a(libc_a-exit.o)
                              E:/C/stm32/configuration/arm-gnu-toolchain-13.3.rel1-mingw-w64-i686-arm-none-eabi/bin/../lib/gcc/arm-none-eabi/13.3.1/thumb/v7e-m/nofp/crt0.o (exit)
E:/C/stm32/configuration/arm-gnu-toolchain-13.3.rel1-mingw-w64-i686-arm-none-eabi/bin/../lib/gcc/arm-none-eabi/13.3.1/thumb/v7e-m/nofp\libg.a(libc_a-findfp.o)
                              E:/C/stm32/configuration/arm-gnu-toolchain-13.3.rel1-mingw-w64-i686-arm-none-eabi/bin/../lib/gcc/arm-none-eabi/13.3.1/thumb/v7e-m/nofp\libg.a(libc_a-exit.o) (__stdio_exit_handler)
E:/C/stm32/configuration/arm-gnu-toolchain-13.3.rel1-mingw-w64-i686-arm-none-eabi/bin/../lib/gcc/arm-none-eabi/13.3.1/thumb/v7e-m/nofp\libg.a(libc_a-fwalk.o)
                              E:/C/stm32/configuration/arm-gnu-toolchain-13.3.rel1-mingw-w64-i686-arm-none-eabi/bin/../lib/gcc/arm-none-eabi/13.3.1/thumb/v7e-m/nofp\libg.a(libc_a-findfp.o) (_fwalk_sglue)
E:/C/stm32/configuration/arm-gnu-toolchain-13.3.rel1-mingw-w64-i686-arm-none-eabi/bin/../lib/gcc/arm-none-eabi/13.3.1/thumb/v7e-m/nofp\libg.a(libc_a-setvbuf.o)
                              CMakeFiles/gx.elf.dir/Src/retarget.c.obj (setvbuf)
E:/C/stm32/configuration/arm-gnu-toolchain-13.3.rel1-mingw-w64-i686-arm-none-eabi/bin/../lib/gcc/arm-none-eabi/13.3.1/thumb/v7e-m/nofp\libg.a(libc_a-stdio.o)
                              E:/C/stm32/configuration/arm-gnu-toolchain-13.3.rel1-mingw-w64-i686-arm-none-eabi/bin/../lib/gcc/arm-none-eabi/13.3.1/thumb/v7e-m/nofp\libg.a(libc_a-findfp.o) (__sread)
E:/C/stm32/configuration/arm-gnu-toolchain-13.3.rel1-mingw-w64-i686-arm-none-eabi/bin/../lib/gcc/arm-none-eabi/13.3.1/thumb/v7e-m/nofp\libg.a(libc_a-memset.o)
                              E:/C/stm32/configuration/arm-gnu-toolchain-13.3.rel1-mingw-w64-i686-arm-none-eabi/bin/../lib/gcc/arm-none-eabi/13.3.1/thumb/v7e-m/nofp/crt0.o (memset)
E:/C/stm32/configuration/arm-gnu-toolchain-13.3.rel1-mingw-w64-i686-arm-none-eabi/bin/../lib/gcc/arm-none-eabi/13.3.1/thumb/v7e-m/nofp\libg.a(libc_a-closer.o)
                              E:/C/stm32/configuration/arm-gnu-toolchain-13.3.rel1-mingw-w64-i686-arm-none-eabi/bin/../lib/gcc/arm-none-eabi/13.3.1/thumb/v7e-m/nofp\libg.a(libc_a-stdio.o) (_close_r)
E:/C/stm32/configuration/arm-gnu-toolchain-13.3.rel1-mingw-w64-i686-arm-none-eabi/bin/../lib/gcc/arm-none-eabi/13.3.1/thumb/v7e-m/nofp\libg.a(libc_a-reent.o)
                              E:/C/stm32/configuration/arm-gnu-toolchain-13.3.rel1-mingw-w64-i686-arm-none-eabi/bin/../lib/gcc/arm-none-eabi/13.3.1/thumb/v7e-m/nofp\libg.a(libc_a-closer.o) (errno)
[...]
Memory Configuration

Name             Origin             Length             Attributes
FLASH            0x08000000         0x00020000         xr
DTCMRAM          0x20000000         0x00020000         xrw
RAM_D1           0x24000000         0x00080000         xrw
RAM_D2           0x30000000         0x00048000         xrw
RAM_D3           0x38000000         0x00010000         xrw
ITCMRAM          0x00000000         0x00010000         xrw
*default*        0x00000000         0xffffffff

Linker script and memory map

LOAD E:/C/stm32/configuration/arm-gnu-toolchain-13.3.rel1-mingw-w64-i686-arm-none-eabi/bin/../lib/gcc/arm-none-eabi/13.3.1/thumb/v7e-m/nofp/crti.o
LOAD E:/C/stm32/configuration/arm-gnu-toolchain-13.3.rel1-mingw-w64-i686-arm-none-eabi/bin/../lib/gcc/arm-none-eabi/13.3.1/thumb/v7e-m/nofp/crtbegin.o
LOAD E:/C/stm32/configuration/arm-gnu-toolchain-13.3.rel1-mingw-w64-i686-arm-none-eabi/bin/../lib/gcc/arm-none-eabi/13.3.1/thumb/v7e-m/nofp/crt0.o
LOAD CMakeFiles/gx.elf.dir/Drivers/STM32H7xx_HAL_Driver/Src/stm32h7xx_hal.c.obj
LOAD CMakeFiles/gx.elf.dir/Drivers/STM32H7xx_HAL_Driver/Src/stm32h7xx_hal_cortex.c.obj
LOAD CMakeFiles/gx.elf.dir/Drivers/STM32H7xx_HAL_Driver/Src/stm32h7xx_hal_dma.c.obj
LOAD CMakeFiles/gx.elf.dir/Drivers/STM32H7xx_HAL_Driver/Src/stm32h7xx_hal_dma_ex.c.obj
LOAD CMakeFiles/gx.elf.dir/Drivers/STM32H7xx_HAL_Driver/Src/stm32h7xx_hal_exti.c.obj
LOAD CMakeFiles/gx.elf.dir/Drivers/STM32H7xx_HAL_Driver/Src/stm32h7xx_hal_flash.c.obj
LOAD CMakeFiles/gx.elf.dir/Drivers/STM32H7xx_HAL_Driver/Src/stm32h7xx_hal_flash_ex.c.obj
LOAD CMakeFiles/gx.elf.dir/Drivers/STM32H7xx_HAL_Driver/Src/stm32h7xx_hal_gpio.c.obj
LOAD CMakeFiles/gx.elf.dir/Drivers/STM32H7xx_HAL_Driver/Src/stm32h7xx_hal_hsem.c.obj
LOAD CMakeFiles/gx.elf.dir/Drivers/STM32H7xx_HAL_Driver/Src/stm32h7xx_hal_i2c.c.obj
LOAD CMakeFiles/gx.elf.dir/Drivers/STM32H7xx_HAL_Driver/Src/stm32h7xx_hal_i2c_ex.c.obj
LOAD CMakeFiles/gx.elf.dir/Drivers/STM32H7xx_HAL_Driver/Src/stm32h7xx_hal_mdma.c.obj
LOAD CMakeFiles/gx.elf.dir/Drivers/STM32H7xx_HAL_Driver/Src/stm32h7xx_hal_pwr.c.obj
LOAD CMakeFiles/gx.elf.dir/Drivers/STM32H7xx_HAL_Driver/Src/stm32h7xx_hal_pwr_ex.c.obj
LOAD CMakeFiles/gx.elf.dir/Drivers/STM32H7xx_HAL_Driver/Src/stm32h7xx_hal_rcc.c.obj
LOAD CMakeFiles/gx.elf.dir/Drivers/STM32H7xx_HAL_Driver/Src/stm32h7xx_hal_rcc_ex.c.obj
LOAD CMakeFiles/gx.elf.dir/Drivers/STM32H7xx_HAL_Driver/Src/stm32h7xx_hal_tim.c.obj
LOAD CMakeFiles/gx.elf.dir/Drivers/STM32H7xx_HAL_Driver/Src/stm32h7xx_hal_tim_ex.c.obj
LOAD CMakeFiles/gx.elf.dir/Drivers/STM32H7xx_HAL_Driver/Src/stm32h7xx_hal_uart.c.obj
LOAD CMakeFiles/gx.elf.dir/Drivers/STM32H7xx_HAL_Driver/Src/stm32h7xx_hal_uart_ex.c.obj
LOAD CMakeFiles/gx.elf.dir/Src/gpio.c.obj
LOAD CMakeFiles/gx.elf.dir/Src/main.c.obj
LOAD CMakeFiles/gx.elf.dir/Src/memorymap.c.obj
LOAD CMakeFiles/gx.elf.dir/Src/retarget.c.obj
LOAD CMakeFiles/gx.elf.dir/Src/stm32h7xx_hal_msp.c.obj
LOAD CMakeFiles/gx.elf.dir/Src/stm32h7xx_it.c.obj
LOAD CMakeFiles/gx.elf.dir/Src/syscalls.c.obj
LOAD CMakeFiles/gx.elf.dir/Src/sysmem.c.obj
LOAD CMakeFiles/gx.elf.dir/Src/system_stm32h7xx.c.obj
LOAD CMakeFiles/gx.elf.dir/Src/tim.c.obj
LOAD CMakeFiles/gx.elf.dir/Src/usart.c.obj
LOAD CMakeFiles/gx.elf.dir/Startup/startup_stm32h750vbtx.s.obj
START GROUP
LOAD E:/C/stm32/configuration/arm-gnu-toolchain-13.3.rel1-mingw-w64-i686-arm-none-eabi/bin/../lib/gcc/arm-none-eabi/13.3.1/thumb/v7e-m/nofp\libgcc.a
LOAD E:/C/stm32/configuration/arm-gnu-toolchain-13.3.rel1-mingw-w64-i686-arm-none-eabi/bin/../lib/gcc/arm-none-eabi/13.3.1/thumb/v7e-m/nofp\libg.a
LOAD E:/C/stm32/configuration/arm-gnu-toolchain-13.3.rel1-mingw-w64-i686-arm-none-eabi/bin/../lib/gcc/arm-none-eabi/13.3.1/thumb/v7e-m/nofp\libc.a
END GROUP
LOAD E:/C/stm32/configuration/arm-gnu-toolchain-13.3.rel1-mingw-w64-i686-arm-none-eabi/bin/../lib/gcc/arm-none-eabi/13.3.1/thumb/v7e-m/nofp/crtend.o
LOAD E:/C/stm32/configuration/arm-gnu-toolchain-13.3.rel1-mingw-w64-i686-arm-none-eabi/bin/../lib/gcc/arm-none-eabi/13.3.1/thumb/v7e-m/nofp/crtn.o
                0x24080000                        _estack = (ORIGIN (RAM_D1) + LENGTH (RAM_D1))
                0x00000200                        _Min_Heap_Size = 0x200
                0x00000400                        _Min_Stack_Size = 0x400

.isr_vector     0x08000000      0x298
                0x08000000                        . = ALIGN (0x4)
 *(.isr_vector)
 .isr_vector    0x08000000      0x298 CMakeFiles/gx.elf.dir/Startup/startup_stm32h750vbtx.s.obj
                0x08000000                g_pfnVectors
                0x08000298                        . = ALIGN (0x4)

.text           0x08000298     0x5e38
                0x08000298                        . = ALIGN (0x4)
 *(.text)
 .text          0x08000298      0x21c E:/C/stm32/configuration/arm-gnu-toolchain-13.3.rel1-mingw-w64-i686-arm-none-eabi/bin/../lib/gcc/arm-none-eabi/13.3.1/thumb/v7e-m/nofp\libgcc.a(_arm_addsubsf3.o)
                0x08000298                __aeabi_frsub
                0x080002a0                __subsf3
                0x080002a0                __aeabi_fsub
                0x080002a4                __aeabi_fadd
                0x080002a4                __addsf3
                0x08000404                __aeabi_ui2f
                0x08000404                __floatunsisf
                0x0800040c                __aeabi_i2f
                0x0800040c                __floatsisf
                0x08000428                __aeabi_ul2f
                0x08000428                __floatundisf
                0x08000438                __aeabi_l2f
                0x08000438                __floatdisf
 .text          0x080004b4      0x2a0 E:/C/stm32/configuration/arm-gnu-toolchain-13.3.rel1-mingw-w64-i686-arm-none-eabi/bin/../lib/gcc/arm-none-eabi/13.3.1/thumb/v7e-m/nofp\libgcc.a(_arm_muldivsf3.o)
                0x080004b4                __mulsf3
                0x080004b4                __aeabi_fmul
                0x0800061c                __aeabi_fdiv
                0x0800061c                __divsf3
 .text          0x08000754       0x40 E:/C/stm32/configuration/arm-gnu-toolchain-13.3.rel1-mingw-w64-i686-arm-none-eabi/bin/../lib/gcc/arm-none-eabi/13.3.1/thumb/v7e-m/nofp\libgcc.a(_arm_fixunssfsi.o)
                0x08000754                __fixunssfsi
                0x08000754                __aeabi_f2uiz
 .text          0x08000794       0x30 E:/C/stm32/configuration/arm-gnu-toolchain-13.3.rel1-mingw-w64-i686-arm-none-eabi/bin/../lib/gcc/arm-none-eabi/13.3.1/thumb/v7e-m/nofp\libgcc.a(_aeabi_uldivmod.o)
                0x08000794                __aeabi_uldivmod
 .text          0x080007c4        0x4 E:/C/stm32/configuration/arm-gnu-toolchain-13.3.rel1-mingw-w64-i686-arm-none-eabi/bin/../lib/gcc/arm-none-eabi/13.3.1/thumb/v7e-m/nofp\libgcc.a(_dvmd_tls.o)
                0x080007c4                __aeabi_idiv0
                0x080007c4                __aeabi_ldiv0
 *(.text*)
 .text.deregister_tm_clones
                0x080007c8       0x1c E:/C/stm32/configuration/arm-gnu-toolchain-13.3.rel1-mingw-w64-i686-arm-none-eabi/bin/../lib/gcc/arm-none-eabi/13.3.1/thumb/v7e-m/nofp/crtbegin.o
 .text.register_tm_clones
                0x080007e4       0x24 E:/C/stm32/configuration/arm-gnu-toolchain-13.3.rel1-mingw-w64-i686-arm-none-eabi/bin/../lib/gcc/arm-none-eabi/13.3.1/thumb/v7e-m/nofp/crtbegin.o
 .text.__do_global_dtors_aux
                0x08000808       0x28 E:/C/stm32/configuration/arm-gnu-toolchain-13.3.rel1-mingw-w64-i686-arm-none-eabi/bin/../lib/gcc/arm-none-eabi/13.3.1/thumb/v7e-m/nofp/crtbegin.o
 .text.frame_dummy
                0x08000830       0x24 E:/C/stm32/configuration/arm-gnu-toolchain-13.3.rel1-mingw-w64-i686-arm-none-eabi/bin/../lib/gcc/arm-none-eabi/13.3.1/thumb/v7e-m/nofp/crtbegin.o
 .text.HAL_InitTick
                0x08000854       0x50 CMakeFiles/gx.elf.dir/Drivers/STM32H7xx_HAL_Driver/Src/stm32h7xx_hal.c.obj
                0x08000854                HAL_InitTick
 .text.HAL_Init
                0x080008a4       0x5c CMakeFiles/gx.elf.dir/Drivers/STM32H7xx_HAL_Driver/Src/stm32h7xx_hal.c.obj
                0x080008a4                HAL_Init
 .text.HAL_IncTick
                0x08000900       0x18 CMakeFiles/gx.elf.dir/Drivers/STM32H7xx_HAL_Driver/Src/stm32h7xx_hal.c.obj
                0x08000900                HAL_IncTick
 .text.HAL_GetTick
                0x08000918        0xc CMakeFiles/gx.elf.dir/Drivers/STM32H7xx_HAL_Driver/Src/stm32h7xx_hal.c.obj
                0x08000918                HAL_GetTick
 .text.HAL_GetREVID
                0x08000924        0xc CMakeFiles/gx.elf.dir/Drivers/STM32H7xx_HAL_Driver/Src/stm32h7xx_hal.c.obj
                0x08000924                HAL_GetREVID
 .text.__NVIC_EnableIRQ
                0x08000930       0x1c CMakeFiles/gx.elf.dir/Drivers/STM32H7xx_HAL_Driver/Src/stm32h7xx_hal_cortex.c.obj
 .text.__NVIC_SetPriority
                0x0800094c       0x24 CMakeFiles/gx.elf.dir/Drivers/STM32H7xx_HAL_Driver/Src/stm32h7xx_hal_cortex.c.obj
 .text.NVIC_EncodePriority
                0x08000970       0x3e CMakeFiles/gx.elf.dir/Drivers/STM32H7xx_HAL_Driver/Src/stm32h7xx_hal_cortex.c.obj
 *fill*         0x080009ae        0x2 
 .text.HAL_NVIC_SetPriorityGrouping
                0x080009b0       0x24 CMakeFiles/gx.elf.dir/Drivers/STM32H7xx_HAL_Driver/Src/stm32h7xx_hal_cortex.c.obj
                0x080009b0                HAL_NVIC_SetPriorityGrouping
 .text.HAL_NVIC_SetPriority
                0x080009d4       0x20 CMakeFiles/gx.elf.dir/Drivers/STM32H7xx_HAL_Driver/Src/stm32h7xx_hal_cortex.c.obj
                0x080009d4                HAL_NVIC_SetPriority
 .text.HAL_NVIC_EnableIRQ
                0x080009f4        0x8 CMakeFiles/gx.elf.dir/Drivers/STM32H7xx_HAL_Driver/Src/stm32h7xx_hal_cortex.c.obj
                0x080009f4                HAL_NVIC_EnableIRQ
 .text.HAL_SYSTICK_Config
                0x080009fc       0x28 CMakeFiles/gx.elf.dir/Drivers/STM32H7xx_HAL_Driver/Src/stm32h7xx_hal_cortex.c.obj
                0x080009fc                HAL_SYSTICK_Config
 .text.HAL_MPU_Disable
                0x08000a24       0x1c CMakeFiles/gx.elf.dir/Drivers/STM32H7xx_HAL_Driver/Src/stm32h7xx_hal_cortex.c.obj
                0x08000a24                HAL_MPU_Disable
 .text.HAL_MPU_Enable
                0x08000a40       0x20 CMakeFiles/gx.elf.dir/Drivers/STM32H7xx_HAL_Driver/Src/stm32h7xx_hal_cortex.c.obj
                0x08000a40                HAL_MPU_Enable
 .text.HAL_MPU_ConfigRegion
                0x08000a60       0x58 CMakeFiles/gx.elf.dir/Drivers/STM32H7xx_HAL_Driver/Src/stm32h7xx_hal_cortex.c.obj
                0x08000a60                HAL_MPU_ConfigRegion
 .text.HAL_GPIO_Init
                0x08000ab8      0x228 CMakeFiles/gx.elf.dir/Drivers/STM32H7xx_HAL_Driver/Src/stm32h7xx_hal_gpio.c.obj
                0x08000ab8                HAL_GPIO_Init
 .text.HAL_PWREx_ConfigSupply
                0x08000ce0       0x54 CMakeFiles/gx.elf.dir/Drivers/STM32H7xx_HAL_Driver/Src/stm32h7xx_hal_pwr_ex.c.obj
                0x08000ce0                HAL_PWREx_ConfigSupply
 .text.HAL_RCC_OscConfig
                0x08000d34      0x6b0 CMakeFiles/gx.elf.dir/Drivers/STM32H7xx_HAL_Driver/Src/stm32h7xx_hal_rcc.c.obj
                0x08000d34                HAL_RCC_OscConfig
 .text.HAL_RCC_GetSysClockFreq
                0x080013e4      0x224 CMakeFiles/gx.elf.dir/Drivers/STM32H7xx_HAL_Driver/Src/stm32h7xx_hal_rcc.c.obj
                0x080013e4                HAL_RCC_GetSysClockFreq
 .text.HAL_RCC_ClockConfig
                0x08001608      0x294 CMakeFiles/gx.elf.dir/Drivers/STM32H7xx_HAL_Driver/Src/stm32h7xx_hal_rcc.c.obj
                0x08001608                HAL_RCC_ClockConfig
 .text.HAL_RCC_GetHCLKFreq
                0x0800189c       0x44 CMakeFiles/gx.elf.dir/Drivers/STM32H7xx_HAL_Driver/Src/stm32h7xx_hal_rcc.c.obj
                0x0800189c                HAL_RCC_GetHCLKFreq
 .text.HAL_RCC_GetPCLK1Freq
                0x080018e0       0x24 CMakeFiles/gx.elf.dir/Drivers/STM32H7xx_HAL_Driver/Src/stm32h7xx_hal_rcc.c.obj
                0x080018e0                HAL_RCC_GetPCLK1Freq
 .text.HAL_RCC_GetPCLK2Freq
                0x08001904       0x24 CMakeFiles/gx.elf.dir/Drivers/STM32H7xx_HAL_Driver/Src/stm32h7xx_hal_rcc.c.obj
                0x08001904                HAL_RCC_GetPCLK2Freq
 .text.RCCEx_PLL2_Config
                0x08001928      0x108 CMakeFiles/gx.elf.dir/Drivers/STM32H7xx_HAL_Driver/Src/stm32h7xx_hal_rcc_ex.c.obj
 .text.RCCEx_PLL3_Config
                0x08001a30      0x108 CMakeFiles/gx.elf.dir/Drivers/STM32H7xx_HAL_Driver/Src/stm32h7xx_hal_rcc_ex.c.obj
 .text.HAL_RCCEx_PeriphCLKConfig
                0x08001b38      0xaac CMakeFiles/gx.elf.dir/Drivers/STM32H7xx_HAL_Driver/Src/stm32h7xx_hal_rcc_ex.c.obj
                0x08001b38                HAL_RCCEx_PeriphCLKConfig
 .text.HAL_RCCEx_GetD3PCLK1Freq
                0x080025e4       0x24 CMakeFiles/gx.elf.dir/Drivers/STM32H7xx_HAL_Driver/Src/stm32h7xx_hal_rcc_ex.c.obj
                0x080025e4                HAL_RCCEx_GetD3PCLK1Freq
 .text.HAL_RCCEx_GetPLL2ClockFreq
                0x08002608      0x238 CMakeFiles/gx.elf.dir/Drivers/STM32H7xx_HAL_Driver/Src/stm32h7xx_hal_rcc_ex.c.obj
                0x08002608                HAL_RCCEx_GetPLL2ClockFreq
 .text.HAL_RCCEx_GetPLL3ClockFreq
                0x08002840      0x238 CMakeFiles/gx.elf.dir/Drivers/STM32H7xx_HAL_Driver/Src/stm32h7xx_hal_rcc_ex.c.obj
                0x08002840                HAL_RCCEx_GetPLL3ClockFreq
 .text.TIM_OC1_SetConfig
                0x08002a78       0xa4 CMakeFiles/gx.elf.dir/Drivers/STM32H7xx_HAL_Driver/Src/stm32h7xx_hal_tim.c.obj
 .text.TIM_OC3_SetConfig
                0x08002b1c       0x94 CMakeFiles/gx.elf.dir/Drivers/STM32H7xx_HAL_Driver/Src/stm32h7xx_hal_tim.c.obj
 .text.TIM_OC4_SetConfig
                0x08002bb0       0x74 CMakeFiles/gx.elf.dir/Drivers/STM32H7xx_HAL_Driver/Src/stm32h7xx_hal_tim.c.obj
 .text.TIM_OC5_SetConfig
                0x08002c24       0x74 CMakeFiles/gx.elf.dir/Drivers/STM32H7xx_HAL_Driver/Src/stm32h7xx_hal_tim.c.obj
 .text.TIM_OC6_SetConfig
                0x08002c98       0x74 CMakeFiles/gx.elf.dir/Drivers/STM32H7xx_HAL_Driver/Src/stm32h7xx_hal_tim.c.obj
 .text.HAL_TIM_Base_Start_IT
                0x08002d0c       0x90 CMakeFiles/gx.elf.dir/Drivers/STM32H7xx_HAL_Driver/Src/stm32h7xx_hal_tim.c.obj
                0x08002d0c                HAL_TIM_Base_Start_IT
 .text.HAL_TIM_PeriodElapsedCallback
                0x08002d9c        0x2 CMakeFiles/gx.elf.dir/Drivers/STM32H7xx_HAL_Driver/Src/stm32h7xx_hal_tim.c.obj
                0x08002d9c                HAL_TIM_PeriodElapsedCallback
 .text.HAL_TIM_OC_DelayElapsedCallback
                0x08002d9e        0x2 CMakeFiles/gx.elf.dir/Drivers/STM32H7xx_HAL_Driver/Src/stm32h7xx_hal_tim.c.obj
                0x08002d9e                HAL_TIM_OC_DelayElapsedCallback
 .text.HAL_TIM_IC_CaptureCallback
                0x08002da0        0x2 CMakeFiles/gx.elf.dir/Drivers/STM32H7xx_HAL_Driver/Src/stm32h7xx_hal_tim.c.obj
                0x08002da0                HAL_TIM_IC_CaptureCallback
 .text.HAL_TIM_PWM_PulseFinishedCallback
                0x08002da2        0x2 CMakeFiles/gx.elf.dir/Drivers/STM32H7xx_HAL_Driver/Src/stm32h7xx_hal_tim.c.obj
                0x08002da2                HAL_TIM_PWM_PulseFinishedCallback
 .text.HAL_TIM_TriggerCallback
                0x08002da4        0x2 CMakeFiles/gx.elf.dir/Drivers/STM32H7xx_HAL_Driver/Src/stm32h7xx_hal_tim.c.obj
                0x08002da4                HAL_TIM_TriggerCallback
 .text.HAL_TIM_IRQHandler
                0x08002da6      0x17a CMakeFiles/gx.elf.dir/Drivers/STM32H7xx_HAL_Driver/Src/stm32h7xx_hal_tim.c.obj
                0x08002da6                HAL_TIM_IRQHandler
 .text.TIM_Base_SetConfig
                0x08002f20      0x104 CMakeFiles/gx.elf.dir/Drivers/STM32H7xx_HAL_Driver/Src/stm32h7xx_hal_tim.c.obj
                0x08002f20                TIM_Base_SetConfig
 .text.HAL_TIM_Base_Init
                0x08003024       0x60 CMakeFiles/gx.elf.dir/Drivers/STM32H7xx_HAL_Driver/Src/stm32h7xx_hal_tim.c.obj
                0x08003024                HAL_TIM_Base_Init
 .text.HAL_TIM_PWM_Init
                0x08003084       0x60 CMakeFiles/gx.elf.dir/Drivers/STM32H7xx_HAL_Driver/Src/stm32h7xx_hal_tim.c.obj
                0x08003084                HAL_TIM_PWM_Init
 .text.HAL_TIM_Encoder_Init
                0x080030e4       0xb8 CMakeFiles/gx.elf.dir/Drivers/STM32H7xx_HAL_Driver/Src/stm32h7xx_hal_tim.c.obj
                0x080030e4                HAL_TIM_Encoder_Init
 .text.TIM_OC2_SetConfig
                0x0800319c       0x94 CMakeFiles/gx.elf.dir/Drivers/STM32H7xx_HAL_Driver/Src/stm32h7xx_hal_tim.c.obj
                0x0800319c                TIM_OC2_SetConfig
 .text.HAL_TIM_PWM_ConfigChannel
                0x08003230      0x13a CMakeFiles/gx.elf.dir/Drivers/STM32H7xx_HAL_Driver/Src/stm32h7xx_hal_tim.c.obj
                0x08003230                HAL_TIM_PWM_ConfigChannel
 .text.TIM_CCxChannelCmd
                0x0800336a       0x1e CMakeFiles/gx.elf.dir/Drivers/STM32H7xx_HAL_Driver/Src/stm32h7xx_hal_tim.c.obj
                0x0800336a                TIM_CCxChannelCmd
 .text.HAL_TIM_PWM_Start
                0x08003388      0x170 CMakeFiles/gx.elf.dir/Drivers/STM32H7xx_HAL_Driver/Src/stm32h7xx_hal_tim.c.obj
                0x08003388                HAL_TIM_PWM_Start
 .text.HAL_TIM_Encoder_Start
                0x080034f8       0xc8 CMakeFiles/gx.elf.dir/Drivers/STM32H7xx_HAL_Driver/Src/stm32h7xx_hal_tim.c.obj
                0x080034f8                HAL_TIM_Encoder_Start
 .text.HAL_TIMEx_MasterConfigSynchronization
                0x080035c0       0xa0 CMakeFiles/gx.elf.dir/Drivers/STM32H7xx_HAL_Driver/Src/stm32h7xx_hal_tim_ex.c.obj
                0x080035c0                HAL_TIMEx_MasterConfigSynchronization
 .text.HAL_TIMEx_CommutCallback
                0x08003660        0x2 CMakeFiles/gx.elf.dir/Drivers/STM32H7xx_HAL_Driver/Src/stm32h7xx_hal_tim_ex.c.obj
                0x08003660                HAL_TIMEx_CommutCallback
 .text.HAL_TIMEx_BreakCallback
                0x08003662        0x2 CMakeFiles/gx.elf.dir/Drivers/STM32H7xx_HAL_Driver/Src/stm32h7xx_hal_tim_ex.c.obj
                0x08003662                HAL_TIMEx_BreakCallback
 .text.HAL_TIMEx_Break2Callback
                0x08003664        0x2 CMakeFiles/gx.elf.dir/Drivers/STM32H7xx_HAL_Driver/Src/stm32h7xx_hal_tim_ex.c.obj
                0x08003664                HAL_TIMEx_Break2Callback
 *fill*         0x08003666        0x2 
 .text.UART_EndRxTransfer
                0x08003668       0x58 CMakeFiles/gx.elf.dir/Drivers/STM32H7xx_HAL_Driver/Src/stm32h7xx_hal_uart.c.obj
 .text.UART_SetConfig
                0x080036c0      0x5fc CMakeFiles/gx.elf.dir/Drivers/STM32H7xx_HAL_Driver/Src/stm32h7xx_hal_uart.c.obj
                0x080036c0                UART_SetConfig
 .text.UART_AdvFeatureConfig
                0x08003cbc       0xca CMakeFiles/gx.elf.dir/Drivers/STM32H7xx_HAL_Driver/Src/stm32h7xx_hal_uart.c.obj
                0x08003cbc                UART_AdvFeatureConfig
 .text.UART_WaitOnFlagUntilTimeout
                0x08003d86       0xa6 CMakeFiles/gx.elf.dir/Drivers/STM32H7xx_HAL_Driver/Src/stm32h7xx_hal_uart.c.obj
                0x08003d86                UART_WaitOnFlagUntilTimeout
 .text.HAL_UART_Transmit
                0x08003e2c       0xd0 CMakeFiles/gx.elf.dir/Drivers/STM32H7xx_HAL_Driver/Src/stm32h7xx_hal_uart.c.obj
                0x08003e2c                HAL_UART_Transmit
 .text.HAL_UART_Receive
                0x08003efc      0x116 CMakeFiles/gx.elf.dir/Drivers/STM32H7xx_HAL_Driver/Src/stm32h7xx_hal_uart.c.obj
                0x08003efc                HAL_UART_Receive
 .text.UART_CheckIdleState
                0x08004012       0xca CMakeFiles/gx.elf.dir/Drivers/STM32H7xx_HAL_Driver/Src/stm32h7xx_hal_uart.c.obj
                0x08004012                UART_CheckIdleState
 .text.HAL_UART_Init
                0x080040dc       0x66 CMakeFiles/gx.elf.dir/Drivers/STM32H7xx_HAL_Driver/Src/stm32h7xx_hal_uart.c.obj
                0x080040dc                HAL_UART_Init
 *fill*         0x08004142        0x2 
 .text.UARTEx_SetNbDataToProcess
                0x08004144       0x4c CMakeFiles/gx.elf.dir/Drivers/STM32H7xx_HAL_Driver/Src/stm32h7xx_hal_uart_ex.c.obj
 .text.HAL_UARTEx_DisableFifoMode
                0x08004190       0x3e CMakeFiles/gx.elf.dir/Drivers/STM32H7xx_HAL_Driver/Src/stm32h7xx_hal_uart_ex.c.obj
                0x08004190                HAL_UARTEx_DisableFifoMode
 .text.HAL_UARTEx_SetTxFifoThreshold
                0x080041ce       0x4a CMakeFiles/gx.elf.dir/Drivers/STM32H7xx_HAL_Driver/Src/stm32h7xx_hal_uart_ex.c.obj
                0x080041ce                HAL_UARTEx_SetTxFifoThreshold
 .text.HAL_UARTEx_SetRxFifoThreshold
                0x08004218       0x4a CMakeFiles/gx.elf.dir/Drivers/STM32H7xx_HAL_Driver/Src/stm32h7xx_hal_uart_ex.c.obj
                0x08004218                HAL_UARTEx_SetRxFifoThreshold
 *fill*         0x08004262        0x2 
 .text.MX_GPIO_Init
                0x08004264       0x6c CMakeFiles/gx.elf.dir/Src/gpio.c.obj
                0x08004264                MX_GPIO_Init
 .text.MPU_Config
                0x080042d0       0x52 CMakeFiles/gx.elf.dir/Src/main.c.obj
 .text.Error_Handler
                0x08004322        0x4 CMakeFiles/gx.elf.dir/Src/main.c.obj
                0x08004322                Error_Handler
 *fill*         0x08004326        0x2 
 .text.SystemClock_Config
                0x08004328       0xc4 CMakeFiles/gx.elf.dir/Src/main.c.obj
                0x08004328                SystemClock_Config
 .text.main     0x080043ec       0x74 CMakeFiles/gx.elf.dir/Src/main.c.obj
                0x080043ec                main
 .text.RetargetInit
                0x08004460       0x20 CMakeFiles/gx.elf.dir/Src/retarget.c.obj
                0x08004460                RetargetInit
 .text._write   0x08004480       0x34 CMakeFiles/gx.elf.dir/Src/retarget.c.obj
                0x08004480                _write
 .text._close   0x080044b4       0x18 CMakeFiles/gx.elf.dir/Src/retarget.c.obj
                0x080044b4                _close
 .text._lseek   0x080044cc       0x10 CMakeFiles/gx.elf.dir/Src/retarget.c.obj
                0x080044cc                _lseek
 .text._read    0x080044dc       0x30 CMakeFiles/gx.elf.dir/Src/retarget.c.obj
                0x080044dc                _read
 .text._fstat   0x0800450c       0x1a CMakeFiles/gx.elf.dir/Src/retarget.c.obj
                0x0800450c                _fstat
 *fill*         0x08004526        0x2 
 .text.HAL_MspInit
                0x08004528       0x24 CMakeFiles/gx.elf.dir/Src/stm32h7xx_hal_msp.c.obj
                0x08004528                HAL_MspInit
 .text.NMI_Handler
                0x0800454c        0x2 CMakeFiles/gx.elf.dir/Src/stm32h7xx_it.c.obj
                0x0800454c                NMI_Handler
 .text.HardFault_Handler
                0x0800454e        0x2 CMakeFiles/gx.elf.dir/Src/stm32h7xx_it.c.obj
                0x0800454e                HardFault_Handler
 .text.MemManage_Handler
                0x08004550        0x2 CMakeFiles/gx.elf.dir/Src/stm32h7xx_it.c.obj
                0x08004550                MemManage_Handler
 .text.BusFault_Handler
                0x08004552        0x2 CMakeFiles/gx.elf.dir/Src/stm32h7xx_it.c.obj
                0x08004552                BusFault_Handler
 .text.UsageFault_Handler
                0x08004554        0x2 CMakeFiles/gx.elf.dir/Src/stm32h7xx_it.c.obj
                0x08004554                UsageFault_Handler
 .text.SVC_Handler
                0x08004556        0x2 CMakeFiles/gx.elf.dir/Src/stm32h7xx_it.c.obj
                0x08004556                SVC_Handler
 .text.DebugMon_Handler
                0x08004558        0x2 CMakeFiles/gx.elf.dir/Src/stm32h7xx_it.c.obj
                0x08004558                DebugMon_Handler
 .text.PendSV_Handler
                0x0800455a        0x2 CMakeFiles/gx.elf.dir/Src/stm32h7xx_it.c.obj
                0x0800455a                PendSV_Handler
 .text.SysTick_Handler
                0x0800455c        0x8 CMakeFiles/gx.elf.dir/Src/stm32h7xx_it.c.obj
                0x0800455c                SysTick_Handler
 .text.TIM17_IRQHandler
                0x08004564       0x10 CMakeFiles/gx.elf.dir/Src/stm32h7xx_it.c.obj
                0x08004564                TIM17_IRQHandler
 .text._sbrk    0x08004574       0x48 CMakeFiles/gx.elf.dir/Src/sysmem.c.obj
                0x08004574                _sbrk
 .text.SystemInit
                0x080045bc       0xdc CMakeFiles/gx.elf.dir/Src/system_stm32h7xx.c.obj
                0x080045bc                SystemInit
 .text.ExitRun0Mode
                0x08004698       0x1c CMakeFiles/gx.elf.dir/Src/system_stm32h7xx.c.obj
                0x08004698                ExitRun0Mode
 .text.MX_TIM1_Init
                0x080046b4       0x70 CMakeFiles/gx.elf.dir/Src/tim.c.obj
                0x080046b4                MX_TIM1_Init
 .text.MX_TIM2_Init
                0x08004724       0x68 CMakeFiles/gx.elf.dir/Src/tim.c.obj
                0x08004724                MX_TIM2_Init
 .text.MX_TIM17_Init
                0x0800478c       0x30 CMakeFiles/gx.elf.dir/Src/tim.c.obj
                0x0800478c                MX_TIM17_Init
 .text.HAL_TIM_Encoder_MspInit
                0x080047bc       0xc8 CMakeFiles/gx.elf.dir/Src/tim.c.obj
                0x080047bc                HAL_TIM_Encoder_MspInit
 .text.HAL_TIM_PWM_MspInit
                0x08004884       0x34 CMakeFiles/gx.elf.dir/Src/tim.c.obj
                0x08004884                HAL_TIM_PWM_MspInit
 .text.HAL_TIM_Base_MspInit
                0x080048b8       0x48 CMakeFiles/gx.elf.dir/Src/tim.c.obj
                0x080048b8                HAL_TIM_Base_MspInit
 .text.HAL_TIM_MspPostInit
                0x08004900       0x58 CMakeFiles/gx.elf.dir/Src/tim.c.obj
                0x08004900                HAL_TIM_MspPostInit
 .text.MX_TIM3_Init
                0x08004958       0x98 CMakeFiles/gx.elf.dir/Src/tim.c.obj
                0x08004958                MX_TIM3_Init
 .text.MX_USART1_UART_Init
                0x080049f0       0x68 CMakeFiles/gx.elf.dir/Src/usart.c.obj
                0x080049f0                MX_USART1_UART_Init
 .text.MX_USART2_UART_Init
                0x08004a58       0x68 CMakeFiles/gx.elf.dir/Src/usart.c.obj
                0x08004a58                MX_USART2_UART_Init
 .text.HAL_UART_MspInit
                0x08004ac0      0x10c CMakeFiles/gx.elf.dir/Src/usart.c.obj
                0x08004ac0                HAL_UART_MspInit
 .text.Reset_Handler
                0x08004bcc       0x54 CMakeFiles/gx.elf.dir/Startup/startup_stm32h750vbtx.s.obj
                0x08004bcc                Reset_Handler
 .text.Default_Handler
                0x08004c20        0x2 CMakeFiles/gx.elf.dir/Startup/startup_stm32h750vbtx.s.obj
                0x08004c20                RTC_Alarm_IRQHandler
                0x08004c20                HASH_RNG_IRQHandler
                0x08004c20                EXTI2_IRQHandler
                0x08004c20                TIM8_CC_IRQHandler
                0x08004c20                HRTIM1_Master_IRQHandler
                0x08004c20                UART8_IRQHandler
                0x08004c20                SPI4_IRQHandler
                0x08004c20                TIM1_CC_IRQHandler
                0x08004c20                BDMA_Channel6_IRQHandler
                0x08004c20                DMA2_Stream5_IRQHandler
                0x08004c20                HRTIM1_FLT_IRQHandler
                0x08004c20                JPEG_IRQHandler
                0x08004c20                DMA1_Stream5_IRQHandler
                0x08004c20                BDMA_Channel1_IRQHandler
                0x08004c20                HRTIM1_TIMD_IRQHandler
                0x08004c20                TAMP_STAMP_IRQHandler
                0x08004c20                EXTI3_IRQHandler
                0x08004c20                LPTIM4_IRQHandler
                0x08004c20                TIM8_TRG_COM_TIM14_IRQHandler
                0x08004c20                LPTIM2_IRQHandler
                0x08004c20                DFSDM1_FLT1_IRQHandler
                0x08004c20                DMAMUX2_OVR_IRQHandler
                0x08004c20                TIM8_UP_TIM13_IRQHandler
                0x08004c20                I2C3_ER_IRQHandler
                0x08004c20                DFSDM1_FLT2_IRQHandler
                0x08004c20                MDMA_IRQHandler
                0x08004c20                LPTIM3_IRQHandler
                0x08004c20                HSEM1_IRQHandler
                0x08004c20                EXTI0_IRQHandler
                0x08004c20                I2C2_EV_IRQHandler
                0x08004c20                DMA1_Stream2_IRQHandler
                0x08004c20                FPU_IRQHandler
                0x08004c20                OTG_HS_WKUP_IRQHandler
                0x08004c20                FDCAN1_IT1_IRQHandler
                0x08004c20                LTDC_ER_IRQHandler
                0x08004c20                DMA2_Stream2_IRQHandler
                0x08004c20                HRTIM1_TIME_IRQHandler
                0x08004c20                SPI1_IRQHandler
                0x08004c20                TIM6_DAC_IRQHandler
                0x08004c20                DCMI_IRQHandler
                0x08004c20                HRTIM1_TIMC_IRQHandler
                0x08004c20                DMA2_Stream3_IRQHandler
                0x08004c20                SAI2_IRQHandler
                0x08004c20                DFSDM1_FLT3_IRQHandler
                0x08004c20                USART6_IRQHandler
                0x08004c20                USART3_IRQHandler
                0x08004c20                BDMA_Channel7_IRQHandler
                0x08004c20                CRYP_IRQHandler
                0x08004c20                LPTIM5_IRQHandler
                0x08004c20                UART5_IRQHandler
                0x08004c20                ADC3_IRQHandler
                0x08004c20                DMA2_Stream0_IRQHandler
                0x08004c20                TIM4_IRQHandler
                0x08004c20                BDMA_Channel2_IRQHandler
                0x08004c20                QUADSPI_IRQHandler
                0x08004c20                I2C1_EV_IRQHandler
                0x08004c20                DMA1_Stream6_IRQHandler
                0x08004c20                DMAMUX1_OVR_IRQHandler
                0x08004c20                DMA1_Stream1_IRQHandler
                0x08004c20                TIM16_IRQHandler
                0x08004c20                UART4_IRQHandler
                0x08004c20                BDMA_Channel5_IRQHandler
                0x08004c20                TIM3_IRQHandler
                0x08004c20                RCC_IRQHandler
                0x08004c20                TIM8_BRK_TIM12_IRQHandler
                0x08004c20                TIM1_TRG_COM_IRQHandler
                0x08004c20                Default_Handler
                0x08004c20                ECC_IRQHandler
                0x08004c20                CEC_IRQHandler
                0x08004c20                EXTI15_10_IRQHandler
                0x08004c20                BDMA_Channel0_IRQHandler
                0x08004c20                ADC_IRQHandler
                0x08004c20                DMA1_Stream7_IRQHandler
                0x08004c20                HRTIM1_TIMA_IRQHandler
                0x08004c20                SPI5_IRQHandler
                0x08004c20                TIM7_IRQHandler
                0x08004c20                SDMMC1_IRQHandler
                0x08004c20                TIM5_IRQHandler
                0x08004c20                DMA2_Stream7_IRQHandler
                0x08004c20                TIM15_IRQHandler
                0x08004c20                PVD_AVD_IRQHandler
                0x08004c20                I2C3_EV_IRQHandler
                0x08004c20                EXTI9_5_IRQHandler
                0x08004c20                RTC_WKUP_IRQHandler
                0x08004c20                LTDC_IRQHandler
                0x08004c20                SAI3_IRQHandler
                0x08004c20                ETH_WKUP_IRQHandler
                0x08004c20                SPDIF_RX_IRQHandler
                0x08004c20                SPI2_IRQHandler
                0x08004c20                OTG_HS_EP1_IN_IRQHandler
                0x08004c20                DMA1_Stream0_IRQHandler
                0x08004c20                CRS_IRQHandler
                0x08004c20                EXTI4_IRQHandler
                0x08004c20                HRTIM1_TIMB_IRQHandler
                0x08004c20                FDCAN2_IT1_IRQHandler
                0x08004c20                ETH_IRQHandler
                0x08004c20                TIM1_UP_IRQHandler
                0x08004c20                BDMA_Channel4_IRQHandler
                0x08004c20                OTG_HS_EP1_OUT_IRQHandler
                0x08004c20                WWDG_IRQHandler
                0x08004c20                SPI6_IRQHandler
                0x08004c20                MDIOS_IRQHandler
                0x08004c20                I2C4_EV_IRQHandler
                0x08004c20                FDCAN2_IT0_IRQHandler
                0x08004c20                LPUART1_IRQHandler
                0x08004c20                FDCAN1_IT0_IRQHandler
                0x08004c20                TIM2_IRQHandler
                0x08004c20                OTG_FS_WKUP_IRQHandler
                0x08004c20                OTG_HS_IRQHandler
                0x08004c20                DMA2D_IRQHandler
                0x08004c20                TIM1_BRK_IRQHandler
                0x08004c20                EXTI1_IRQHandler
                0x08004c20                SDMMC2_IRQHandler
                0x08004c20                OTG_FS_EP1_OUT_IRQHandler
                0x08004c20                BDMA_Channel3_IRQHandler
                0x08004c20                UART7_IRQHandler
                0x08004c20                MDIOS_WKUP_IRQHandler
                0x08004c20                USART2_IRQHandler
                0x08004c20                DFSDM1_FLT0_IRQHandler
                0x08004c20                SAI4_IRQHandler
                0x08004c20                I2C2_ER_IRQHandler
                0x08004c20                DMA2_Stream1_IRQHandler
                0x08004c20                FLASH_IRQHandler
                0x08004c20                DMA2_Stream4_IRQHandler
                0x08004c20                USART1_IRQHandler
                0x08004c20                OTG_FS_IRQHandler
                0x08004c20                SPI3_IRQHandler
                0x08004c20                WAKEUP_PIN_IRQHandler
                0x08004c20                DMA1_Stream4_IRQHandler
                0x08004c20                OTG_FS_EP1_IN_IRQHandler
                0x08004c20                I2C1_ER_IRQHandler
                0x08004c20                FMC_IRQHandler
                0x08004c20                FDCAN_CAL_IRQHandler
                0x08004c20                SWPMI1_IRQHandler
                0x08004c20                COMP1_IRQHandler
                0x08004c20                LPTIM1_IRQHandler
                0x08004c20                I2C4_ER_IRQHandler
                0x08004c20                DMA2_Stream6_IRQHandler
                0x08004c20                SAI1_IRQHandler
                0x08004c20                DMA1_Stream3_IRQHandler
 *fill*         0x08004c22        0x2 
 .text.__udivmoddi4
                0x08004c24      0x2bc E:/C/stm32/configuration/arm-gnu-toolchain-13.3.rel1-mingw-w64-i686-arm-none-eabi/bin/../lib/gcc/arm-none-eabi/13.3.1/thumb/v7e-m/nofp\libgcc.a(_udivmoddi4.o)
                0x08004c24                __udivmoddi4
 .text.stdio_exit_handler
                0x08004ee0       0x18 E:/C/stm32/configuration/arm-gnu-toolchain-13.3.rel1-mingw-w64-i686-arm-none-eabi/bin/../lib/gcc/arm-none-eabi/13.3.1/thumb/v7e-m/nofp\libg.a(libc_a-findfp.o)
 .text.cleanup_stdio
                0x08004ef8       0x40 E:/C/stm32/configuration/arm-gnu-toolchain-13.3.rel1-mingw-w64-i686-arm-none-eabi/bin/../lib/gcc/arm-none-eabi/13.3.1/thumb/v7e-m/nofp\libg.a(libc_a-findfp.o)
 .text.global_stdio_init.part.0
                0x08004f38       0xf0 E:/C/stm32/configuration/arm-gnu-toolchain-13.3.rel1-mingw-w64-i686-arm-none-eabi/bin/../lib/gcc/arm-none-eabi/13.3.1/thumb/v7e-m/nofp\libg.a(libc_a-findfp.o)
 .text.__sinit  0x08005028       0x3c E:/C/stm32/configuration/arm-gnu-toolchain-13.3.rel1-mingw-w64-i686-arm-none-eabi/bin/../lib/gcc/arm-none-eabi/13.3.1/thumb/v7e-m/nofp\libg.a(libc_a-findfp.o)
                0x08005028                __sinit
 .text.__sfp_lock_acquire
                0x08005064        0xc E:/C/stm32/configuration/arm-gnu-toolchain-13.3.rel1-mingw-w64-i686-arm-none-eabi/bin/../lib/gcc/arm-none-eabi/13.3.1/thumb/v7e-m/nofp\libg.a(libc_a-findfp.o)
                0x08005064                __sfp_lock_acquire
 .text.__sfp_lock_release
                0x08005070        0xc E:/C/stm32/configuration/arm-gnu-toolchain-13.3.rel1-mingw-w64-i686-arm-none-eabi/bin/../lib/gcc/arm-none-eabi/13.3.1/thumb/v7e-m/nofp\libg.a(libc_a-findfp.o)
                0x08005070                __sfp_lock_release
 .text._fwalk_sglue
                0x0800507c       0x44 E:/C/stm32/configuration/arm-gnu-toolchain-13.3.rel1-mingw-w64-i686-arm-none-eabi/bin/../lib/gcc/arm-none-eabi/13.3.1/thumb/v7e-m/nofp\libg.a(libc_a-fwalk.o)
                0x0800507c                _fwalk_sglue
 .text.setvbuf  0x080050c0      0x1a4 E:/C/stm32/configuration/arm-gnu-toolchain-13.3.rel1-mingw-w64-i686-arm-none-eabi/bin/../lib/gcc/arm-none-eabi/13.3.1/thumb/v7e-m/nofp\libg.a(libc_a-setvbuf.o)
                0x080050c0                setvbuf
 .text.__sread  0x08005264       0x24 E:/C/stm32/configuration/arm-gnu-toolchain-13.3.rel1-mingw-w64-i686-arm-none-eabi/bin/../lib/gcc/arm-none-eabi/13.3.1/thumb/v7e-m/nofp\libg.a(libc_a-stdio.o)
                0x08005264                __sread
 .text.__swrite
                0x08005288       0x40 E:/C/stm32/configuration/arm-gnu-toolchain-13.3.rel1-mingw-w64-i686-arm-none-eabi/bin/../lib/gcc/arm-none-eabi/13.3.1/thumb/v7e-m/nofp\libg.a(libc_a-stdio.o)
                0x08005288                __swrite
 .text.__sseek  0x080052c8       0x24 E:/C/stm32/configuration/arm-gnu-toolchain-13.3.rel1-mingw-w64-i686-arm-none-eabi/bin/../lib/gcc/arm-none-eabi/13.3.1/thumb/v7e-m/nofp\libg.a(libc_a-stdio.o)
                0x080052c8                __sseek
 .text.__sclose
                0x080052ec        0x8 E:/C/stm32/configuration/arm-gnu-toolchain-13.3.rel1-mingw-w64-i686-arm-none-eabi/bin/../lib/gcc/arm-none-eabi/13.3.1/thumb/v7e-m/nofp\libg.a(libc_a-stdio.o)
                0x080052ec                __sclose
 .text.memset   0x080052f4       0xa4 E:/C/stm32/configuration/arm-gnu-toolchain-13.3.rel1-mingw-w64-i686-arm-none-eabi/bin/../lib/gcc/arm-none-eabi/13.3.1/thumb/v7e-m/nofp\libg.a(libc_a-memset.o)
                0x080052f4                memset
 .text._close_r
                0x08005398       0x24 E:/C/stm32/configuration/arm-gnu-toolchain-13.3.rel1-mingw-w64-i686-arm-none-eabi/bin/../lib/gcc/arm-none-eabi/13.3.1/thumb/v7e-m/nofp\libg.a(libc_a-closer.o)
                0x08005398                _close_r
 .text._lseek_r
                0x080053bc       0x2c E:/C/stm32/configuration/arm-gnu-toolchain-13.3.rel1-mingw-w64-i686-arm-none-eabi/bin/../lib/gcc/arm-none-eabi/13.3.1/thumb/v7e-m/nofp\libg.a(libc_a-lseekr.o)
                0x080053bc                _lseek_r
 .text._read_r  0x080053e8       0x2c E:/C/stm32/configuration/arm-gnu-toolchain-13.3.rel1-mingw-w64-i686-arm-none-eabi/bin/../lib/gcc/arm-none-eabi/13.3.1/thumb/v7e-m/nofp\libg.a(libc_a-readr.o)
                0x080053e8                _read_r
 .text._write_r
                0x08005414       0x2c E:/C/stm32/configuration/arm-gnu-toolchain-13.3.rel1-mingw-w64-i686-arm-none-eabi/bin/../lib/gcc/arm-none-eabi/13.3.1/thumb/v7e-m/nofp\libg.a(libc_a-writer.o)
                0x08005414                _write_r
 .text.__errno  0x08005440        0xc E:/C/stm32/configuration/arm-gnu-toolchain-13.3.rel1-mingw-w64-i686-arm-none-eabi/bin/../lib/gcc/arm-none-eabi/13.3.1/thumb/v7e-m/nofp\libg.a(libc_a-errno.o)
                0x08005440                __errno
 .text.__libc_init_array
                0x0800544c       0x50 E:/C/stm32/configuration/arm-gnu-toolchain-13.3.rel1-mingw-w64-i686-arm-none-eabi/bin/../lib/gcc/arm-none-eabi/13.3.1/thumb/v7e-m/nofp\libg.a(libc_a-init.o)
                0x0800544c                __libc_init_array
 .text.__retarget_lock_init_recursive
                0x0800549c        0x4 E:/C/stm32/configuration/arm-gnu-toolchain-13.3.rel1-mingw-w64-i686-arm-none-eabi/bin/../lib/gcc/arm-none-eabi/13.3.1/thumb/v7e-m/nofp\libg.a(libc_a-lock.o)
                0x0800549c                __retarget_lock_init_recursive
 .text.__retarget_lock_close_recursive
                0x080054a0        0x4 E:/C/stm32/configuration/arm-gnu-toolchain-13.3.rel1-mingw-w64-i686-arm-none-eabi/bin/../lib/gcc/arm-none-eabi/13.3.1/thumb/v7e-m/nofp\libg.a(libc_a-lock.o)
                0x080054a0                __retarget_lock_close_recursive
 .text.__retarget_lock_acquire_recursive
                0x080054a4        0x4 E:/C/stm32/configuration/arm-gnu-toolchain-13.3.rel1-mingw-w64-i686-arm-none-eabi/bin/../lib/gcc/arm-none-eabi/13.3.1/thumb/v7e-m/nofp\libg.a(libc_a-lock.o)
                0x080054a4                __retarget_lock_acquire_recursive
 .text.__retarget_lock_release_recursive
                0x080054a8        0x4 E:/C/stm32/configuration/arm-gnu-toolchain-13.3.rel1-mingw-w64-i686-arm-none-eabi/bin/../lib/gcc/arm-none-eabi/13.3.1/thumb/v7e-m/nofp\libg.a(libc_a-lock.o)
                0x080054a8                __retarget_lock_release_recursive
 .text.startup.register_fini
                0x080054ac       0x14 E:/C/stm32/configuration/arm-gnu-toolchain-13.3.rel1-mingw-w64-i686-arm-none-eabi/bin/../lib/gcc/arm-none-eabi/13.3.1/thumb/v7e-m/nofp\libg.a(libc_a-__call_atexit.o)
 .text.atexit   0x080054c0        0xc E:/C/stm32/configuration/arm-gnu-toolchain-13.3.rel1-mingw-w64-i686-arm-none-eabi/bin/../lib/gcc/arm-none-eabi/13.3.1/thumb/v7e-m/nofp\libg.a(libc_a-atexit.o)
                0x080054c0                atexit
 .text._malloc_trim_r
                0x080054cc       0xb8 E:/C/stm32/configuration/arm-gnu-toolchain-13.3.rel1-mingw-w64-i686-arm-none-eabi/bin/../lib/gcc/arm-none-eabi/13.3.1/thumb/v7e-m/nofp\libg.a(libc_a-freer.o)
                0x080054cc                _malloc_trim_r
 .text._free_r  0x08005584      0x1f8 E:/C/stm32/configuration/arm-gnu-toolchain-13.3.rel1-mingw-w64-i686-arm-none-eabi/bin/../lib/gcc/arm-none-eabi/13.3.1/thumb/v7e-m/nofp\libg.a(libc_a-freer.o)
                0x08005584                _free_r
 .text.malloc   0x0800577c       0x10 E:/C/stm32/configuration/arm-gnu-toolchain-13.3.rel1-mingw-w64-i686-arm-none-eabi/bin/../lib/gcc/arm-none-eabi/13.3.1/thumb/v7e-m/nofp\libg.a(libc_a-malloc.o)
                0x0800577c                malloc
 .text._malloc_r
                0x0800578c      0x564 E:/C/stm32/configuration/arm-gnu-toolchain-13.3.rel1-mingw-w64-i686-arm-none-eabi/bin/../lib/gcc/arm-none-eabi/13.3.1/thumb/v7e-m/nofp\libg.a(libc_a-mallocr.o)
                0x0800578c                _malloc_r
 .text.__malloc_lock
                0x08005cf0        0xc E:/C/stm32/configuration/arm-gnu-toolchain-13.3.rel1-mingw-w64-i686-arm-none-eabi/bin/../lib/gcc/arm-none-eabi/13.3.1/thumb/v7e-m/nofp\libg.a(libc_a-mlock.o)
                0x08005cf0                __malloc_lock
 .text.__malloc_unlock
                0x08005cfc        0xc E:/C/stm32/configuration/arm-gnu-toolchain-13.3.rel1-mingw-w64-i686-arm-none-eabi/bin/../lib/gcc/arm-none-eabi/13.3.1/thumb/v7e-m/nofp\libg.a(libc_a-mlock.o)
                0x08005cfc                __malloc_unlock
 .text._fclose_r
                0x08005d08       0xc0 E:/C/stm32/configuration/arm-gnu-toolchain-13.3.rel1-mingw-w64-i686-arm-none-eabi/bin/../lib/gcc/arm-none-eabi/13.3.1/thumb/v7e-m/nofp\libg.a(libc_a-fclose.o)
                0x08005d08                _fclose_r
 .text.__sflush_r
                0x08005dc8      0x128 E:/C/stm32/configuration/arm-gnu-toolchain-13.3.rel1-mingw-w64-i686-arm-none-eabi/bin/../lib/gcc/arm-none-eabi/13.3.1/thumb/v7e-m/nofp\libg.a(libc_a-fflush.o)
                0x08005dc8                __sflush_r
 .text._fflush_r
                0x08005ef0       0x54 E:/C/stm32/configuration/arm-gnu-toolchain-13.3.rel1-mingw-w64-i686-arm-none-eabi/bin/../lib/gcc/arm-none-eabi/13.3.1/thumb/v7e-m/nofp\libg.a(libc_a-fflush.o)
                0x08005ef0                _fflush_r
 .text.__swhatbuf_r
                0x08005f44       0x60 E:/C/stm32/configuration/arm-gnu-toolchain-13.3.rel1-mingw-w64-i686-arm-none-eabi/bin/../lib/gcc/arm-none-eabi/13.3.1/thumb/v7e-m/nofp\libg.a(libc_a-makebuf.o)
                0x08005f44                __swhatbuf_r
 .text._fstat_r
                0x08005fa4       0x2c E:/C/stm32/configuration/arm-gnu-toolchain-13.3.rel1-mingw-w64-i686-arm-none-eabi/bin/../lib/gcc/arm-none-eabi/13.3.1/thumb/v7e-m/nofp\libg.a(libc_a-fstatr.o)
                0x08005fa4                _fstat_r
 .text._sbrk_r  0x08005fd0       0x24 E:/C/stm32/configuration/arm-gnu-toolchain-13.3.rel1-mingw-w64-i686-arm-none-eabi/bin/../lib/gcc/arm-none-eabi/13.3.1/thumb/v7e-m/nofp\libg.a(libc_a-sbrkr.o)
                0x08005fd0                _sbrk_r
 .text.__libc_fini_array
                0x08005ff4       0x28 E:/C/stm32/configuration/arm-gnu-toolchain-13.3.rel1-mingw-w64-i686-arm-none-eabi/bin/../lib/gcc/arm-none-eabi/13.3.1/thumb/v7e-m/nofp\libg.a(libc_a-fini.o)
                0x08005ff4                __libc_fini_array
 .text.sysconf  0x0800601c       0x1c E:/C/stm32/configuration/arm-gnu-toolchain-13.3.rel1-mingw-w64-i686-arm-none-eabi/bin/../lib/gcc/arm-none-eabi/13.3.1/thumb/v7e-m/nofp\libg.a(libc_a-sysconf.o)
                0x0800601c                sysconf
 .text.__register_exitproc
                0x08006038       0x80 E:/C/stm32/configuration/arm-gnu-toolchain-13.3.rel1-mingw-w64-i686-arm-none-eabi/bin/../lib/gcc/arm-none-eabi/13.3.1/thumb/v7e-m/nofp\libg.a(libc_a-__atexit.o)
                0x08006038                __register_exitproc
 *(.glue_7)
 .glue_7        0x080060b8        0x0 linker stubs
 *(.glue_7t)
 .glue_7t       0x080060b8        0x0 linker stubs
 *(.eh_frame)
 .eh_frame      0x080060b8        0x0 E:/C/stm32/configuration/arm-gnu-toolchain-13.3.rel1-mingw-w64-i686-arm-none-eabi/bin/../lib/gcc/arm-none-eabi/13.3.1/thumb/v7e-m/nofp/crtbegin.o
 *(.init)
 .init          0x080060b8        0x4 E:/C/stm32/configuration/arm-gnu-toolchain-13.3.rel1-mingw-w64-i686-arm-none-eabi/bin/../lib/gcc/arm-none-eabi/13.3.1/thumb/v7e-m/nofp/crti.o
                0x080060b8                _init
 .init          0x080060bc        0x8 E:/C/stm32/configuration/arm-gnu-toolchain-13.3.rel1-mingw-w64-i686-arm-none-eabi/bin/../lib/gcc/arm-none-eabi/13.3.1/thumb/v7e-m/nofp/crtn.o
 *(.fini)
 .fini          0x080060c4        0x4 E:/C/stm32/configuration/arm-gnu-toolchain-13.3.rel1-mingw-w64-i686-arm-none-eabi/bin/../lib/gcc/arm-none-eabi/13.3.1/thumb/v7e-m/nofp/crti.o
                0x080060c4                _fini
 .fini          0x080060c8        0x8 E:/C/stm32/configuration/arm-gnu-toolchain-13.3.rel1-mingw-w64-i686-arm-none-eabi/bin/../lib/gcc/arm-none-eabi/13.3.1/thumb/v7e-m/nofp/crtn.o
                0x080060d0                        . = ALIGN (0x4)
                0x080060d0                        _etext = .

.vfp11_veneer   0x080060d0        0x0
 .vfp11_veneer  0x080060d0        0x0 linker stubs

.v4_bx          0x080060d0        0x0
 .v4_bx         0x080060d0        0x0 linker stubs

.iplt           0x080060d0        0x0
 .iplt          0x080060d0        0x0 E:/C/stm32/configuration/arm-gnu-toolchain-13.3.rel1-mingw-w64-i686-arm-none-eabi/bin/../lib/gcc/arm-none-eabi/13.3.1/thumb/v7e-m/nofp/crtbegin.o

.rodata         0x080060d0       0x38
                0x080060d0                        . = ALIGN (0x4)
 *(.rodata)
 *(.rodata*)
 .rodata.UARTPrescTable
                0x080060d0       0x18 CMakeFiles/gx.elf.dir/Drivers/STM32H7xx_HAL_Driver/Src/stm32h7xx_hal_uart.c.obj
                0x080060d0                UARTPrescTable
 .rodata.denominator.0
                0x080060e8        0x8 CMakeFiles/gx.elf.dir/Drivers/STM32H7xx_HAL_Driver/Src/stm32h7xx_hal_uart_ex.c.obj
 .rodata.numerator.1
                0x080060f0        0x8 CMakeFiles/gx.elf.dir/Drivers/STM32H7xx_HAL_Driver/Src/stm32h7xx_hal_uart_ex.c.obj
 .rodata.D1CorePrescTable
                0x080060f8       0x10 CMakeFiles/gx.elf.dir/Src/system_stm32h7xx.c.obj
                0x080060f8                D1CorePrescTable
                0x08006108                        . = ALIGN (0x4)

.ARM.extab
 *(.ARM.extab* .gnu.linkonce.armextab.*)

.ARM            0x08006108        0x8
                0x08006108                        __exidx_start = .
 *(.ARM.exidx*)
 .ARM.exidx.text.__udivmoddi4
                0x08006108        0x8 E:/C/stm32/configuration/arm-gnu-toolchain-13.3.rel1-mingw-w64-i686-arm-none-eabi/bin/../lib/gcc/arm-none-eabi/13.3.1/thumb/v7e-m/nofp\libgcc.a(_udivmoddi4.o)
                0x08006110                        __exidx_end = .

.preinit_array  0x08006110        0x0
                0x08006110                        PROVIDE (__preinit_array_start = .)
 *(.preinit_array*)
                0x08006110                        PROVIDE (__preinit_array_end = .)

.init_array     0x08006110        0x8
                0x08006110                        PROVIDE (__init_array_start = .)
 *(SORT_BY_NAME(.init_array.*))
 .init_array.00000
                0x08006110        0x4 E:/C/stm32/configuration/arm-gnu-toolchain-13.3.rel1-mingw-w64-i686-arm-none-eabi/bin/../lib/gcc/arm-none-eabi/13.3.1/thumb/v7e-m/nofp\libg.a(libc_a-__call_atexit.o)
 *(.init_array*)
 .init_array    0x08006114        0x4 E:/C/stm32/configuration/arm-gnu-toolchain-13.3.rel1-mingw-w64-i686-arm-none-eabi/bin/../lib/gcc/arm-none-eabi/13.3.1/thumb/v7e-m/nofp/crtbegin.o
                0x08006118                        PROVIDE (__init_array_end = .)

.fini_array     0x08006118        0x4
                0x08006118                        PROVIDE (__fini_array_start = .)
 *(SORT_BY_NAME(.fini_array.*))
 *(.fini_array*)
 .fini_array    0x08006118        0x4 E:/C/stm32/configuration/arm-gnu-toolchain-13.3.rel1-mingw-w64-i686-arm-none-eabi/bin/../lib/gcc/arm-none-eabi/13.3.1/thumb/v7e-m/nofp/crtbegin.o
                0x0800611c                        PROVIDE (__fini_array_end = .)
                0x0800611c                        _sidata = LOADADDR (.data)

.rel.dyn        0x0800611c        0x0
 .rel.iplt      0x0800611c        0x0 E:/C/stm32/configuration/arm-gnu-toolchain-13.3.rel1-mingw-w64-i686-arm-none-eabi/bin/../lib/gcc/arm-none-eabi/13.3.1/thumb/v7e-m/nofp/crtbegin.o

.data           0x24000000      0x578 load address 0x0800611c
                0x24000000                        . = ALIGN (0x4)
                0x24000000                        _sdata = .
 *(.data)
 *(.data*)
 .data.uwTickFreq
                0x24000000        0x1 CMakeFiles/gx.elf.dir/Drivers/STM32H7xx_HAL_Driver/Src/stm32h7xx_hal.c.obj
                0x24000000                uwTickFreq
 *fill*         0x24000001        0x3 
 .data.uwTickPrio
                0x24000004        0x4 CMakeFiles/gx.elf.dir/Drivers/STM32H7xx_HAL_Driver/Src/stm32h7xx_hal.c.obj
                0x24000004                uwTickPrio
 .data.SystemD2Clock
                0x24000008        0x4 CMakeFiles/gx.elf.dir/Src/system_stm32h7xx.c.obj
                0x24000008                SystemD2Clock
 .data.SystemCoreClock
                0x2400000c        0x4 CMakeFiles/gx.elf.dir/Src/system_stm32h7xx.c.obj
                0x2400000c                SystemCoreClock
 .data.__sglue  0x24000010        0xc E:/C/stm32/configuration/arm-gnu-toolchain-13.3.rel1-mingw-w64-i686-arm-none-eabi/bin/../lib/gcc/arm-none-eabi/13.3.1/thumb/v7e-m/nofp\libg.a(libc_a-findfp.o)
                0x24000010                __sglue
 .data._impure_ptr
                0x2400001c        0x4 E:/C/stm32/configuration/arm-gnu-toolchain-13.3.rel1-mingw-w64-i686-arm-none-eabi/bin/../lib/gcc/arm-none-eabi/13.3.1/thumb/v7e-m/nofp\libg.a(libc_a-impure.o)
                0x2400001c                _impure_ptr
 .data._impure_data
                0x24000020      0x140 E:/C/stm32/configuration/arm-gnu-toolchain-13.3.rel1-mingw-w64-i686-arm-none-eabi/bin/../lib/gcc/arm-none-eabi/13.3.1/thumb/v7e-m/nofp\libg.a(libc_a-impure.o)
                0x24000020                _impure_data
 .data.__atexit_recursive_mutex
                0x24000160        0x4 E:/C/stm32/configuration/arm-gnu-toolchain-13.3.rel1-mingw-w64-i686-arm-none-eabi/bin/../lib/gcc/arm-none-eabi/13.3.1/thumb/v7e-m/nofp\libg.a(libc_a-__call_atexit.o)
                0x24000160                __atexit_recursive_mutex
 .data.__malloc_sbrk_base
                0x24000164        0x4 E:/C/stm32/configuration/arm-gnu-toolchain-13.3.rel1-mingw-w64-i686-arm-none-eabi/bin/../lib/gcc/arm-none-eabi/13.3.1/thumb/v7e-m/nofp\libg.a(libc_a-mallocr.o)
                0x24000164                __malloc_sbrk_base
 .data.__malloc_trim_threshold
                0x24000168        0x4 E:/C/stm32/configuration/arm-gnu-toolchain-13.3.rel1-mingw-w64-i686-arm-none-eabi/bin/../lib/gcc/arm-none-eabi/13.3.1/thumb/v7e-m/nofp\libg.a(libc_a-mallocr.o)
                0x24000168                __malloc_trim_threshold
 *fill*         0x2400016c        0x4 
 .data.__malloc_av_
                0x24000170      0x408 E:/C/stm32/configuration/arm-gnu-toolchain-13.3.rel1-mingw-w64-i686-arm-none-eabi/bin/../lib/gcc/arm-none-eabi/13.3.1/thumb/v7e-m/nofp\libg.a(libc_a-mallocr.o)
                0x24000170                __malloc_av_
 *(.RamFunc)
 *(.RamFunc*)
                0x24000578                        . = ALIGN (0x4)
                0x24000578                        _edata = .

.tm_clone_table
                0x24000578        0x0 load address 0x08006694
 .tm_clone_table
                0x24000578        0x0 E:/C/stm32/configuration/arm-gnu-toolchain-13.3.rel1-mingw-w64-i686-arm-none-eabi/bin/../lib/gcc/arm-none-eabi/13.3.1/thumb/v7e-m/nofp/crtbegin.o
 .tm_clone_table
                0x24000578        0x0 E:/C/stm32/configuration/arm-gnu-toolchain-13.3.rel1-mingw-w64-i686-arm-none-eabi/bin/../lib/gcc/arm-none-eabi/13.3.1/thumb/v7e-m/nofp/crtend.o

.igot.plt       0x24000578        0x0 load address 0x08006694
 .igot.plt      0x24000578        0x0 E:/C/stm32/configuration/arm-gnu-toolchain-13.3.rel1-mingw-w64-i686-arm-none-eabi/bin/../lib/gcc/arm-none-eabi/13.3.1/thumb/v7e-m/nofp/crtbegin.o
                0x24000578                        . = ALIGN (0x4)

.bss            0x24000578      0x594 load address 0x08006694
                0x24000578                        _sbss = .
                0x24000578                        __bss_start__ = _sbss
 *(.bss)
 *(.bss*)
 .bss.completed.1
                0x24000578        0x1 E:/C/stm32/configuration/arm-gnu-toolchain-13.3.rel1-mingw-w64-i686-arm-none-eabi/bin/../lib/gcc/arm-none-eabi/13.3.1/thumb/v7e-m/nofp/crtbegin.o
 *fill*         0x24000579        0x3 
 .bss.object.0  0x2400057c       0x18 E:/C/stm32/configuration/arm-gnu-toolchain-13.3.rel1-mingw-w64-i686-arm-none-eabi/bin/../lib/gcc/arm-none-eabi/13.3.1/thumb/v7e-m/nofp/crtbegin.o
 .bss.uwTick    0x24000594        0x4 CMakeFiles/gx.elf.dir/Drivers/STM32H7xx_HAL_Driver/Src/stm32h7xx_hal.c.obj
                0x24000594                uwTick
 .bss.gHuart    0x24000598        0x4 CMakeFiles/gx.elf.dir/Src/retarget.c.obj
                0x24000598                gHuart
 .bss.__sbrk_heap_end
                0x2400059c        0x4 CMakeFiles/gx.elf.dir/Src/sysmem.c.obj
 .bss.htim17    0x240005a0       0x4c CMakeFiles/gx.elf.dir/Src/tim.c.obj
                0x240005a0                htim17
 .bss.htim3     0x240005ec       0x4c CMakeFiles/gx.elf.dir/Src/tim.c.obj
                0x240005ec                htim3
 .bss.htim2     0x24000638       0x4c CMakeFiles/gx.elf.dir/Src/tim.c.obj
                0x24000638                htim2
 .bss.htim1     0x24000684       0x4c CMakeFiles/gx.elf.dir/Src/tim.c.obj
                0x24000684                htim1
 .bss.huart2    0x240006d0       0x94 CMakeFiles/gx.elf.dir/Src/usart.c.obj
                0x240006d0                huart2
 .bss.huart1    0x24000764       0x94 CMakeFiles/gx.elf.dir/Src/usart.c.obj
                0x24000764                huart1
 .bss.__sf      0x240007f8      0x138 E:/C/stm32/configuration/arm-gnu-toolchain-13.3.rel1-mingw-w64-i686-arm-none-eabi/bin/../lib/gcc/arm-none-eabi/13.3.1/thumb/v7e-m/nofp\libg.a(libc_a-findfp.o)
                0x240007f8                __sf
 .bss.__stdio_exit_handler
                0x24000930        0x4 E:/C/stm32/configuration/arm-gnu-toolchain-13.3.rel1-mingw-w64-i686-arm-none-eabi/bin/../lib/gcc/arm-none-eabi/13.3.1/thumb/v7e-m/nofp\libg.a(libc_a-findfp.o)
                0x24000930                __stdio_exit_handler
 .bss.errno     0x24000934        0x4 E:/C/stm32/configuration/arm-gnu-toolchain-13.3.rel1-mingw-w64-i686-arm-none-eabi/bin/../lib/gcc/arm-none-eabi/13.3.1/thumb/v7e-m/nofp\libg.a(libc_a-reent.o)
                0x24000934                errno
 .bss.__lock___malloc_recursive_mutex
                0x24000938        0x1 E:/C/stm32/configuration/arm-gnu-toolchain-13.3.rel1-mingw-w64-i686-arm-none-eabi/bin/../lib/gcc/arm-none-eabi/13.3.1/thumb/v7e-m/nofp\libg.a(libc_a-lock.o)
                0x24000938                __lock___malloc_recursive_mutex
 *fill*         0x24000939        0x3 
 .bss.__lock___atexit_recursive_mutex
                0x2400093c        0x1 E:/C/stm32/configuration/arm-gnu-toolchain-13.3.rel1-mingw-w64-i686-arm-none-eabi/bin/../lib/gcc/arm-none-eabi/13.3.1/thumb/v7e-m/nofp\libg.a(libc_a-lock.o)
                0x2400093c                __lock___atexit_recursive_mutex
 *fill*         0x2400093d        0x3 
 .bss.__lock___sfp_recursive_mutex
                0x24000940        0x1 E:/C/stm32/configuration/arm-gnu-toolchain-13.3.rel1-mingw-w64-i686-arm-none-eabi/bin/../lib/gcc/arm-none-eabi/13.3.1/thumb/v7e-m/nofp\libg.a(libc_a-lock.o)
                0x24000940                __lock___sfp_recursive_mutex
 *fill*         0x24000941        0x3 
 .bss.__atexit  0x24000944        0x4 E:/C/stm32/configuration/arm-gnu-toolchain-13.3.rel1-mingw-w64-i686-arm-none-eabi/bin/../lib/gcc/arm-none-eabi/13.3.1/thumb/v7e-m/nofp\libg.a(libc_a-__call_atexit.o)
                0x24000944                __atexit
 .bss.__malloc_current_mallinfo
                0x24000948       0x28 E:/C/stm32/configuration/arm-gnu-toolchain-13.3.rel1-mingw-w64-i686-arm-none-eabi/bin/../lib/gcc/arm-none-eabi/13.3.1/thumb/v7e-m/nofp\libg.a(libc_a-mallocr.o)
                0x24000948                __malloc_current_mallinfo
 .bss.__malloc_max_total_mem
                0x24000970        0x4 E:/C/stm32/configuration/arm-gnu-toolchain-13.3.rel1-mingw-w64-i686-arm-none-eabi/bin/../lib/gcc/arm-none-eabi/13.3.1/thumb/v7e-m/nofp\libg.a(libc_a-mallocr.o)
                0x24000970                __malloc_max_total_mem
 .bss.__malloc_max_sbrked_mem
                0x24000974        0x4 E:/C/stm32/configuration/arm-gnu-toolchain-13.3.rel1-mingw-w64-i686-arm-none-eabi/bin/../lib/gcc/arm-none-eabi/13.3.1/thumb/v7e-m/nofp\libg.a(libc_a-mallocr.o)
                0x24000974                __malloc_max_sbrked_mem
 .bss.__malloc_top_pad
                0x24000978        0x4 E:/C/stm32/configuration/arm-gnu-toolchain-13.3.rel1-mingw-w64-i686-arm-none-eabi/bin/../lib/gcc/arm-none-eabi/13.3.1/thumb/v7e-m/nofp\libg.a(libc_a-mallocr.o)
                0x24000978                __malloc_top_pad
 .bss.__atexit0
                0x2400097c      0x190 E:/C/stm32/configuration/arm-gnu-toolchain-13.3.rel1-mingw-w64-i686-arm-none-eabi/bin/../lib/gcc/arm-none-eabi/13.3.1/thumb/v7e-m/nofp\libg.a(libc_a-__atexit.o)
                0x2400097c                __atexit0
 *(COMMON)
                0x24000b0c                        . = ALIGN (0x4)
                0x24000b0c                        _ebss = .
                0x24000b0c                        __bss_end__ = _ebss

._user_heap_stack
                0x24000b0c      0x604 load address 0x08006694
                0x24000b10                        . = ALIGN (0x8)
 *fill*         0x24000b0c        0x4 
                [!provide]                        PROVIDE (end = .)
                0x24000b10                        PROVIDE (_end = .)
                0x24000d10                        . = (. + _Min_Heap_Size)
 *fill*         0x24000b10      0x200 
                0x24001110                        . = (. + _Min_Stack_Size)
 *fill*         0x24000d10      0x400 
                0x24001110                        . = ALIGN (0x8)

/DISCARD/
 libc.a(*)
 libm.a(*)
 libgcc.a(*)

.ARM.attributes
                0x00000000       0x2a
 *(.ARM.attributes)
 .ARM.attributes
                0x00000000       0x1e E:/C/stm32/configuration/arm-gnu-toolchain-13.3.rel1-mingw-w64-i686-arm-none-eabi/bin/../lib/gcc/arm-none-eabi/13.3.1/thumb/v7e-m/nofp/crti.o
 .ARM.attributes
                0x0000001e       0x2e E:/C/stm32/configuration/arm-gnu-toolchain-13.3.rel1-mingw-w64-i686-arm-none-eabi/bin/../lib/gcc/arm-none-eabi/13.3.1/thumb/v7e-m/nofp/crtbegin.o
 .ARM.attributes
                0x0000004c       0x2e CMakeFiles/gx.elf.dir/Drivers/STM32H7xx_HAL_Driver/Src/stm32h7xx_hal.c.obj
 .ARM.attributes
                0x0000007a       0x2e CMakeFiles/gx.elf.dir/Drivers/STM32H7xx_HAL_Driver/Src/stm32h7xx_hal_cortex.c.obj
 .ARM.attributes
                0x000000a8       0x2e CMakeFiles/gx.elf.dir/Drivers/STM32H7xx_HAL_Driver/Src/stm32h7xx_hal_gpio.c.obj
 .ARM.attributes
                0x000000d6       0x2e CMakeFiles/gx.elf.dir/Drivers/STM32H7xx_HAL_Driver/Src/stm32h7xx_hal_pwr_ex.c.obj
 .ARM.attributes
                0x00000104       0x2e CMakeFiles/gx.elf.dir/Drivers/STM32H7xx_HAL_Driver/Src/stm32h7xx_hal_rcc.c.obj
 .ARM.attributes
                0x00000132       0x2e CMakeFiles/gx.elf.dir/Drivers/STM32H7xx_HAL_Driver/Src/stm32h7xx_hal_rcc_ex.c.obj
 .ARM.attributes
                0x00000160       0x2e CMakeFiles/gx.elf.dir/Drivers/STM32H7xx_HAL_Driver/Src/stm32h7xx_hal_tim.c.obj
 .ARM.attributes
                0x0000018e       0x2e CMakeFiles/gx.elf.dir/Drivers/STM32H7xx_HAL_Driver/Src/stm32h7xx_hal_tim_ex.c.obj
 .ARM.attributes
                0x000001bc       0x2e CMakeFiles/gx.elf.dir/Drivers/STM32H7xx_HAL_Driver/Src/stm32h7xx_hal_uart.c.obj
 .ARM.attributes
                0x000001ea       0x2e CMakeFiles/gx.elf.dir/Drivers/STM32H7xx_HAL_Driver/Src/stm32h7xx_hal_uart_ex.c.obj
 .ARM.attributes
                0x00000218       0x2e CMakeFiles/gx.elf.dir/Src/gpio.c.obj
 .ARM.attributes
                0x00000246       0x2e CMakeFiles/gx.elf.dir/Src/main.c.obj
 .ARM.attributes
                0x00000274       0x2e CMakeFiles/gx.elf.dir/Src/retarget.c.obj
 .ARM.attributes
                0x000002a2       0x2e CMakeFiles/gx.elf.dir/Src/stm32h7xx_hal_msp.c.obj
 .ARM.attributes
                0x000002d0       0x2e CMakeFiles/gx.elf.dir/Src/stm32h7xx_it.c.obj
 .ARM.attributes
                0x000002fe       0x2e CMakeFiles/gx.elf.dir/Src/sysmem.c.obj
 .ARM.attributes
                0x0000032c       0x2e CMakeFiles/gx.elf.dir/Src/system_stm32h7xx.c.obj
 .ARM.attributes
                0x0000035a       0x2e CMakeFiles/gx.elf.dir/Src/tim.c.obj
 .ARM.attributes
                0x00000388       0x2e CMakeFiles/gx.elf.dir/Src/usart.c.obj
 .ARM.attributes
                0x000003b6       0x21 CMakeFiles/gx.elf.dir/Startup/startup_stm32h750vbtx.s.obj
 .ARM.attributes
                0x000003d7       0x1e E:/C/stm32/configuration/arm-gnu-toolchain-13.3.rel1-mingw-w64-i686-arm-none-eabi/bin/../lib/gcc/arm-none-eabi/13.3.1/thumb/v7e-m/nofp\libgcc.a(_arm_addsubsf3.o)
 .ARM.attributes
                0x000003f5       0x1e E:/C/stm32/configuration/arm-gnu-toolchain-13.3.rel1-mingw-w64-i686-arm-none-eabi/bin/../lib/gcc/arm-none-eabi/13.3.1/thumb/v7e-m/nofp\libgcc.a(_arm_muldivsf3.o)
 .ARM.attributes
                0x00000413       0x1e E:/C/stm32/configuration/arm-gnu-toolchain-13.3.rel1-mingw-w64-i686-arm-none-eabi/bin/../lib/gcc/arm-none-eabi/13.3.1/thumb/v7e-m/nofp\libgcc.a(_arm_fixunssfsi.o)
 .ARM.attributes
                0x00000431       0x1e E:/C/stm32/configuration/arm-gnu-toolchain-13.3.rel1-mingw-w64-i686-arm-none-eabi/bin/../lib/gcc/arm-none-eabi/13.3.1/thumb/v7e-m/nofp\libgcc.a(_aeabi_uldivmod.o)
 .ARM.attributes
                0x0000044f       0x2e E:/C/stm32/configuration/arm-gnu-toolchain-13.3.rel1-mingw-w64-i686-arm-none-eabi/bin/../lib/gcc/arm-none-eabi/13.3.1/thumb/v7e-m/nofp\libgcc.a(_udivmoddi4.o)
 .ARM.attributes
                0x0000047d       0x1e E:/C/stm32/configuration/arm-gnu-toolchain-13.3.rel1-mingw-w64-i686-arm-none-eabi/bin/../lib/gcc/arm-none-eabi/13.3.1/thumb/v7e-m/nofp\libgcc.a(_dvmd_tls.o)
 .ARM.attributes
                0x0000049b       0x2e E:/C/stm32/configuration/arm-gnu-toolchain-13.3.rel1-mingw-w64-i686-arm-none-eabi/bin/../lib/gcc/arm-none-eabi/13.3.1/thumb/v7e-m/nofp\libg.a(libc_a-findfp.o)
 .ARM.attributes
                0x000004c9       0x2e E:/C/stm32/configuration/arm-gnu-toolchain-13.3.rel1-mingw-w64-i686-arm-none-eabi/bin/../lib/gcc/arm-none-eabi/13.3.1/thumb/v7e-m/nofp\libg.a(libc_a-fwalk.o)
 .ARM.attributes
                0x000004f7       0x2e E:/C/stm32/configuration/arm-gnu-toolchain-13.3.rel1-mingw-w64-i686-arm-none-eabi/bin/../lib/gcc/arm-none-eabi/13.3.1/thumb/v7e-m/nofp\libg.a(libc_a-setvbuf.o)
 .ARM.attributes
                0x00000525       0x2e E:/C/stm32/configuration/arm-gnu-toolchain-13.3.rel1-mingw-w64-i686-arm-none-eabi/bin/../lib/gcc/arm-none-eabi/13.3.1/thumb/v7e-m/nofp\libg.a(libc_a-stdio.o)
 .ARM.attributes
                0x00000553       0x2e E:/C/stm32/configuration/arm-gnu-toolchain-13.3.rel1-mingw-w64-i686-arm-none-eabi/bin/../lib/gcc/arm-none-eabi/13.3.1/thumb/v7e-m/nofp\libg.a(libc_a-memset.o)
 .ARM.attributes
                0x00000581       0x2e E:/C/stm32/configuration/arm-gnu-toolchain-13.3.rel1-mingw-w64-i686-arm-none-eabi/bin/../lib/gcc/arm-none-eabi/13.3.1/thumb/v7e-m/nofp\libg.a(libc_a-closer.o)
 .ARM.attributes
                0x000005af       0x2e E:/C/stm32/configuration/arm-gnu-toolchain-13.3.rel1-mingw-w64-i686-arm-none-eabi/bin/../lib/gcc/arm-none-eabi/13.3.1/thumb/v7e-m/nofp\libg.a(libc_a-reent.o)
 .ARM.attributes
                0x000005dd       0x2e E:/C/stm32/configuration/arm-gnu-toolchain-13.3.rel1-mingw-w64-i686-arm-none-eabi/bin/../lib/gcc/arm-none-eabi/13.3.1/thumb/v7e-m/nofp\libg.a(libc_a-impure.o)
 .ARM.attributes
                0x0000060b       0x2e E:/C/stm32/configuration/arm-gnu-toolchain-13.3.rel1-mingw-w64-i686-arm-none-eabi/bin/../lib/gcc/arm-none-eabi/13.3.1/thumb/v7e-m/nofp\libg.a(libc_a-lseekr.o)
 .ARM.attributes
                0x00000639       0x2e E:/C/stm32/configuration/arm-gnu-toolchain-13.3.rel1-mingw-w64-i686-arm-none-eabi/bin/../lib/gcc/arm-none-eabi/13.3.1/thumb/v7e-m/nofp\libg.a(libc_a-readr.o)
 .ARM.attributes
                0x00000667       0x2e E:/C/stm32/configuration/arm-gnu-toolchain-13.3.rel1-mingw-w64-i686-arm-none-eabi/bin/../lib/gcc/arm-none-eabi/13.3.1/thumb/v7e-m/nofp\libg.a(libc_a-writer.o)
 .ARM.attributes
                0x00000695       0x2e E:/C/stm32/configuration/arm-gnu-toolchain-13.3.rel1-mingw-w64-i686-arm-none-eabi/bin/../lib/gcc/arm-none-eabi/13.3.1/thumb/v7e-m/nofp\libg.a(libc_a-errno.o)
 .ARM.attributes
                0x000006c3       0x2e E:/C/stm32/configuration/arm-gnu-toolchain-13.3.rel1-mingw-w64-i686-arm-none-eabi/bin/../lib/gcc/arm-none-eabi/13.3.1/thumb/v7e-m/nofp\libg.a(libc_a-init.o)
 .ARM.attributes
                0x000006f1       0x2e E:/C/stm32/configuration/arm-gnu-toolchain-13.3.rel1-mingw-w64-i686-arm-none-eabi/bin/../lib/gcc/arm-none-eabi/13.3.1/thumb/v7e-m/nofp\libg.a(libc_a-lock.o)
 .ARM.attributes
                0x0000071f       0x2e E:/C/stm32/configuration/arm-gnu-toolchain-13.3.rel1-mingw-w64-i686-arm-none-eabi/bin/../lib/gcc/arm-none-eabi/13.3.1/thumb/v7e-m/nofp\libg.a(libc_a-__call_atexit.o)
 .ARM.attributes
                0x0000074d       0x2e E:/C/stm32/configuration/arm-gnu-toolchain-13.3.rel1-mingw-w64-i686-arm-none-eabi/bin/../lib/gcc/arm-none-eabi/13.3.1/thumb/v7e-m/nofp\libg.a(libc_a-atexit.o)
 .ARM.attributes
                0x0000077b       0x2e E:/C/stm32/configuration/arm-gnu-toolchain-13.3.rel1-mingw-w64-i686-arm-none-eabi/bin/../lib/gcc/arm-none-eabi/13.3.1/thumb/v7e-m/nofp\libg.a(libc_a-freer.o)
 .ARM.attributes
                0x000007a9       0x2e E:/C/stm32/configuration/arm-gnu-toolchain-13.3.rel1-mingw-w64-i686-arm-none-eabi/bin/../lib/gcc/arm-none-eabi/13.3.1/thumb/v7e-m/nofp\libg.a(libc_a-malloc.o)
 .ARM.attributes
                0x000007d7       0x2e E:/C/stm32/configuration/arm-gnu-toolchain-13.3.rel1-mingw-w64-i686-arm-none-eabi/bin/../lib/gcc/arm-none-eabi/13.3.1/thumb/v7e-m/nofp\libg.a(libc_a-mallocr.o)
 .ARM.attributes
                0x00000805       0x2e E:/C/stm32/configuration/arm-gnu-toolchain-13.3.rel1-mingw-w64-i686-arm-none-eabi/bin/../lib/gcc/arm-none-eabi/13.3.1/thumb/v7e-m/nofp\libg.a(libc_a-mlock.o)
 .ARM.attributes
                0x00000833       0x2e E:/C/stm32/configuration/arm-gnu-toolchain-13.3.rel1-mingw-w64-i686-arm-none-eabi/bin/../lib/gcc/arm-none-eabi/13.3.1/thumb/v7e-m/nofp\libg.a(libc_a-fclose.o)
 .ARM.attributes
                0x00000861       0x2e E:/C/stm32/configuration/arm-gnu-toolchain-13.3.rel1-mingw-w64-i686-arm-none-eabi/bin/../lib/gcc/arm-none-eabi/13.3.1/thumb/v7e-m/nofp\libg.a(libc_a-fflush.o)
 .ARM.attributes
                0x0000088f       0x2e E:/C/stm32/configuration/arm-gnu-toolchain-13.3.rel1-mingw-w64-i686-arm-none-eabi/bin/../lib/gcc/arm-none-eabi/13.3.1/thumb/v7e-m/nofp\libg.a(libc_a-makebuf.o)
 .ARM.attributes
                0x000008bd       0x2e E:/C/stm32/configuration/arm-gnu-toolchain-13.3.rel1-mingw-w64-i686-arm-none-eabi/bin/../lib/gcc/arm-none-eabi/13.3.1/thumb/v7e-m/nofp\libg.a(libc_a-fstatr.o)
 .ARM.attributes
                0x000008eb       0x2e E:/C/stm32/configuration/arm-gnu-toolchain-13.3.rel1-mingw-w64-i686-arm-none-eabi/bin/../lib/gcc/arm-none-eabi/13.3.1/thumb/v7e-m/nofp\libg.a(libc_a-sbrkr.o)
 .ARM.attributes
                0x00000919       0x2e E:/C/stm32/configuration/arm-gnu-toolchain-13.3.rel1-mingw-w64-i686-arm-none-eabi/bin/../lib/gcc/arm-none-eabi/13.3.1/thumb/v7e-m/nofp\libg.a(libc_a-fini.o)
 .ARM.attributes
                0x00000947       0x2e E:/C/stm32/configuration/arm-gnu-toolchain-13.3.rel1-mingw-w64-i686-arm-none-eabi/bin/../lib/gcc/arm-none-eabi/13.3.1/thumb/v7e-m/nofp\libg.a(libc_a-sysconf.o)
 .ARM.attributes
                0x00000975       0x2e E:/C/stm32/configuration/arm-gnu-toolchain-13.3.rel1-mingw-w64-i686-arm-none-eabi/bin/../lib/gcc/arm-none-eabi/13.3.1/thumb/v7e-m/nofp\libg.a(libc_a-__atexit.o)
 .ARM.attributes
                0x000009a3       0x2e E:/C/stm32/configuration/arm-gnu-toolchain-13.3.rel1-mingw-w64-i686-arm-none-eabi/bin/../lib/gcc/arm-none-eabi/13.3.1/thumb/v7e-m/nofp/crtend.o
 .ARM.attributes
                0x000009d1       0x1e E:/C/stm32/configuration/arm-gnu-toolchain-13.3.rel1-mingw-w64-i686-arm-none-eabi/bin/../lib/gcc/arm-none-eabi/13.3.1/thumb/v7e-m/nofp/crtn.o
OUTPUT(gx.elf elf32-littlearm)
LOAD linker stubs
LOAD E:/C/stm32/configuration/arm-gnu-toolchain-13.3.rel1-mingw-w64-i686-arm-none-eabi/bin/../lib/gcc/arm-none-eabi/13.3.1/thumb/v7e-m/nofp\libc.a
LOAD E:/C/stm32/configuration/arm-gnu-toolchain-13.3.rel1-mingw-w64-i686-arm-none-eabi/bin/../lib/gcc/arm-none-eabi/13.3.1/thumb/v7e-m/nofp\libm.a
LOAD E:/C/stm32/configuration/arm-gnu-toolchain-13.3.rel1-mingw-w64-i686-arm-none-eabi/bin/../lib/gcc/arm-none-eabi/13.3.1/thumb/v7e-m/nofp\libgcc.a

.debug_info     0x00000000    0x1be92
 .debug_info    0x00000000     0x163f CMakeFiles/gx.elf.dir/Drivers/STM32H7xx_HAL_Driver/Src/stm32h7xx_hal.c.obj
 .debug_info    0x0000163f     0x1320 CMakeFiles/gx.elf.dir/Drivers/STM32H7xx_HAL_Driver/Src/stm32h7xx_hal_cortex.c.obj
 .debug_info    0x0000295f      0xc96 CMakeFiles/gx.elf.dir/Drivers/STM32H7xx_HAL_Driver/Src/stm32h7xx_hal_gpio.c.obj
 .debug_info    0x000035f5     0x11a6 CMakeFiles/gx.elf.dir/Drivers/STM32H7xx_HAL_Driver/Src/stm32h7xx_hal_pwr_ex.c.obj
 .debug_info    0x0000479b     0x12ff CMakeFiles/gx.elf.dir/Drivers/STM32H7xx_HAL_Driver/Src/stm32h7xx_hal_rcc.c.obj
 .debug_info    0x00005a9a     0x1f7a CMakeFiles/gx.elf.dir/Drivers/STM32H7xx_HAL_Driver/Src/stm32h7xx_hal_rcc_ex.c.obj
 .debug_info    0x00007a14     0x3e1d CMakeFiles/gx.elf.dir/Drivers/STM32H7xx_HAL_Driver/Src/stm32h7xx_hal_tim.c.obj
 .debug_info    0x0000b831     0x1e70 CMakeFiles/gx.elf.dir/Drivers/STM32H7xx_HAL_Driver/Src/stm32h7xx_hal_tim_ex.c.obj
 .debug_info    0x0000d6a1     0x655d CMakeFiles/gx.elf.dir/Drivers/STM32H7xx_HAL_Driver/Src/stm32h7xx_hal_uart.c.obj
 .debug_info    0x00013bfe     0x1226 CMakeFiles/gx.elf.dir/Drivers/STM32H7xx_HAL_Driver/Src/stm32h7xx_hal_uart_ex.c.obj
 .debug_info    0x00014e24      0x4af CMakeFiles/gx.elf.dir/Src/gpio.c.obj
 .debug_info    0x000152d3     0x1408 CMakeFiles/gx.elf.dir/Src/main.c.obj
 .debug_info    0x000166db     0x137f CMakeFiles/gx.elf.dir/Src/retarget.c.obj
 .debug_info    0x00017a5a      0x460 CMakeFiles/gx.elf.dir/Src/stm32h7xx_hal_msp.c.obj
 .debug_info    0x00017eba      0x835 CMakeFiles/gx.elf.dir/Src/stm32h7xx_it.c.obj
 .debug_info    0x000186ef      0x171 CMakeFiles/gx.elf.dir/Src/sysmem.c.obj
 .debug_info    0x00018860      0xb18 CMakeFiles/gx.elf.dir/Src/system_stm32h7xx.c.obj
 .debug_info    0x00019378     0x17dd CMakeFiles/gx.elf.dir/Src/tim.c.obj
 .debug_info    0x0001ab55     0x130d CMakeFiles/gx.elf.dir/Src/usart.c.obj
 .debug_info    0x0001be62       0x30 CMakeFiles/gx.elf.dir/Startup/startup_stm32h750vbtx.s.obj

.debug_abbrev   0x00000000     0x2cfd
 .debug_abbrev  0x00000000      0x2ba CMakeFiles/gx.elf.dir/Drivers/STM32H7xx_HAL_Driver/Src/stm32h7xx_hal.c.obj
 .debug_abbrev  0x000002ba      0x3ad CMakeFiles/gx.elf.dir/Drivers/STM32H7xx_HAL_Driver/Src/stm32h7xx_hal_cortex.c.obj
 .debug_abbrev  0x00000667      0x255 CMakeFiles/gx.elf.dir/Drivers/STM32H7xx_HAL_Driver/Src/stm32h7xx_hal_gpio.c.obj
 .debug_abbrev  0x000008bc      0x2c7 CMakeFiles/gx.elf.dir/Drivers/STM32H7xx_HAL_Driver/Src/stm32h7xx_hal_pwr_ex.c.obj
 .debug_abbrev  0x00000b83      0x2bc CMakeFiles/gx.elf.dir/Drivers/STM32H7xx_HAL_Driver/Src/stm32h7xx_hal_rcc.c.obj
 .debug_abbrev  0x00000e3f      0x291 CMakeFiles/gx.elf.dir/Drivers/STM32H7xx_HAL_Driver/Src/stm32h7xx_hal_rcc_ex.c.obj
 .debug_abbrev  0x000010d0      0x26f CMakeFiles/gx.elf.dir/Drivers/STM32H7xx_HAL_Driver/Src/stm32h7xx_hal_tim.c.obj
 .debug_abbrev  0x0000133f      0x26d CMakeFiles/gx.elf.dir/Drivers/STM32H7xx_HAL_Driver/Src/stm32h7xx_hal_tim_ex.c.obj
 .debug_abbrev  0x000015ac      0x37a CMakeFiles/gx.elf.dir/Drivers/STM32H7xx_HAL_Driver/Src/stm32h7xx_hal_uart.c.obj
 .debug_abbrev  0x00001926      0x343 CMakeFiles/gx.elf.dir/Drivers/STM32H7xx_HAL_Driver/Src/stm32h7xx_hal_uart_ex.c.obj
 .debug_abbrev  0x00001c69       0xe6 CMakeFiles/gx.elf.dir/Src/gpio.c.obj
 .debug_abbrev  0x00001d4f      0x2d2 CMakeFiles/gx.elf.dir/Src/main.c.obj
 .debug_abbrev  0x00002021      0x2b1 CMakeFiles/gx.elf.dir/Src/retarget.c.obj
 .debug_abbrev  0x000022d2       0xd9 CMakeFiles/gx.elf.dir/Src/stm32h7xx_hal_msp.c.obj
 .debug_abbrev  0x000023ab      0x199 CMakeFiles/gx.elf.dir/Src/stm32h7xx_it.c.obj
 .debug_abbrev  0x00002544       0xea CMakeFiles/gx.elf.dir/Src/sysmem.c.obj
 .debug_abbrev  0x0000262e      0x184 CMakeFiles/gx.elf.dir/Src/system_stm32h7xx.c.obj
 .debug_abbrev  0x000027b2      0x2cc CMakeFiles/gx.elf.dir/Src/tim.c.obj
 .debug_abbrev  0x00002a7e      0x25b CMakeFiles/gx.elf.dir/Src/usart.c.obj
 .debug_abbrev  0x00002cd9       0x24 CMakeFiles/gx.elf.dir/Startup/startup_stm32h750vbtx.s.obj

.debug_loclists
                0x00000000     0xc722
 .debug_loclists
                0x00000000      0x2e8 CMakeFiles/gx.elf.dir/Drivers/STM32H7xx_HAL_Driver/Src/stm32h7xx_hal.c.obj
 .debug_loclists
                0x000002e8      0x50a CMakeFiles/gx.elf.dir/Drivers/STM32H7xx_HAL_Driver/Src/stm32h7xx_hal_cortex.c.obj
 .debug_loclists
                0x000007f2      0x2a0 CMakeFiles/gx.elf.dir/Drivers/STM32H7xx_HAL_Driver/Src/stm32h7xx_hal_gpio.c.obj
 .debug_loclists
                0x00000a92      0x340 CMakeFiles/gx.elf.dir/Drivers/STM32H7xx_HAL_Driver/Src/stm32h7xx_hal_pwr_ex.c.obj
 .debug_loclists
                0x00000dd2      0x68e CMakeFiles/gx.elf.dir/Drivers/STM32H7xx_HAL_Driver/Src/stm32h7xx_hal_rcc.c.obj
 .debug_loclists
                0x00001460     0x16da CMakeFiles/gx.elf.dir/Drivers/STM32H7xx_HAL_Driver/Src/stm32h7xx_hal_rcc_ex.c.obj
 .debug_loclists
                0x00002b3a     0x3be3 CMakeFiles/gx.elf.dir/Drivers/STM32H7xx_HAL_Driver/Src/stm32h7xx_hal_tim.c.obj
 .debug_loclists
                0x0000671d     0x19ea CMakeFiles/gx.elf.dir/Drivers/STM32H7xx_HAL_Driver/Src/stm32h7xx_hal_tim_ex.c.obj
 .debug_loclists
                0x00008107     0x3847 CMakeFiles/gx.elf.dir/Drivers/STM32H7xx_HAL_Driver/Src/stm32h7xx_hal_uart.c.obj
 .debug_loclists
                0x0000b94e      0x7dc CMakeFiles/gx.elf.dir/Drivers/STM32H7xx_HAL_Driver/Src/stm32h7xx_hal_uart_ex.c.obj
 .debug_loclists
                0x0000c12a      0x2bb CMakeFiles/gx.elf.dir/Src/retarget.c.obj
 .debug_loclists
                0x0000c3e5       0x52 CMakeFiles/gx.elf.dir/Src/sysmem.c.obj
 .debug_loclists
                0x0000c437      0x155 CMakeFiles/gx.elf.dir/Src/system_stm32h7xx.c.obj
 .debug_loclists
                0x0000c58c      0x12a CMakeFiles/gx.elf.dir/Src/tim.c.obj
 .debug_loclists
                0x0000c6b6       0x6c CMakeFiles/gx.elf.dir/Src/usart.c.obj

.debug_aranges  0x00000000     0x1068
 .debug_aranges
                0x00000000      0x198 CMakeFiles/gx.elf.dir/Drivers/STM32H7xx_HAL_Driver/Src/stm32h7xx_hal.c.obj
 .debug_aranges
                0x00000198       0xf8 CMakeFiles/gx.elf.dir/Drivers/STM32H7xx_HAL_Driver/Src/stm32h7xx_hal_cortex.c.obj
 .debug_aranges
                0x00000290       0x58 CMakeFiles/gx.elf.dir/Drivers/STM32H7xx_HAL_Driver/Src/stm32h7xx_hal_gpio.c.obj
 .debug_aranges
                0x000002e8      0x158 CMakeFiles/gx.elf.dir/Drivers/STM32H7xx_HAL_Driver/Src/stm32h7xx_hal_pwr_ex.c.obj
 .debug_aranges
                0x00000440       0x88 CMakeFiles/gx.elf.dir/Drivers/STM32H7xx_HAL_Driver/Src/stm32h7xx_hal_rcc.c.obj
 .debug_aranges
                0x000004c8       0xf8 CMakeFiles/gx.elf.dir/Drivers/STM32H7xx_HAL_Driver/Src/stm32h7xx_hal_rcc_ex.c.obj
 .debug_aranges
                0x000005c0      0x3e0 CMakeFiles/gx.elf.dir/Drivers/STM32H7xx_HAL_Driver/Src/stm32h7xx_hal_tim.c.obj
 .debug_aranges
                0x000009a0      0x188 CMakeFiles/gx.elf.dir/Drivers/STM32H7xx_HAL_Driver/Src/stm32h7xx_hal_tim_ex.c.obj
 .debug_aranges
                0x00000b28      0x248 CMakeFiles/gx.elf.dir/Drivers/STM32H7xx_HAL_Driver/Src/stm32h7xx_hal_uart.c.obj
 .debug_aranges
                0x00000d70       0xa8 CMakeFiles/gx.elf.dir/Drivers/STM32H7xx_HAL_Driver/Src/stm32h7xx_hal_uart_ex.c.obj
 .debug_aranges
                0x00000e18       0x20 CMakeFiles/gx.elf.dir/Src/gpio.c.obj
 .debug_aranges
                0x00000e38       0x38 CMakeFiles/gx.elf.dir/Src/main.c.obj
 .debug_aranges
                0x00000e70       0x50 CMakeFiles/gx.elf.dir/Src/retarget.c.obj
 .debug_aranges
                0x00000ec0       0x20 CMakeFiles/gx.elf.dir/Src/stm32h7xx_hal_msp.c.obj
 .debug_aranges
                0x00000ee0       0x68 CMakeFiles/gx.elf.dir/Src/stm32h7xx_it.c.obj
 .debug_aranges
                0x00000f48       0x20 CMakeFiles/gx.elf.dir/Src/sysmem.c.obj
 .debug_aranges
                0x00000f68       0x30 CMakeFiles/gx.elf.dir/Src/system_stm32h7xx.c.obj
 .debug_aranges
                0x00000f98       0x70 CMakeFiles/gx.elf.dir/Src/tim.c.obj
 .debug_aranges
                0x00001008       0x38 CMakeFiles/gx.elf.dir/Src/usart.c.obj
 .debug_aranges
                0x00001040       0x28 CMakeFiles/gx.elf.dir/Startup/startup_stm32h750vbtx.s.obj

.debug_rnglists
                0x00000000      0xced
 .debug_rnglists
                0x00000000      0x12f CMakeFiles/gx.elf.dir/Drivers/STM32H7xx_HAL_Driver/Src/stm32h7xx_hal.c.obj
 .debug_rnglists
                0x0000012f       0xb5 CMakeFiles/gx.elf.dir/Drivers/STM32H7xx_HAL_Driver/Src/stm32h7xx_hal_cortex.c.obj
 .debug_rnglists
                0x000001e4       0x3f CMakeFiles/gx.elf.dir/Drivers/STM32H7xx_HAL_Driver/Src/stm32h7xx_hal_gpio.c.obj
 .debug_rnglists
                0x00000223      0x133 CMakeFiles/gx.elf.dir/Drivers/STM32H7xx_HAL_Driver/Src/stm32h7xx_hal_pwr_ex.c.obj
 .debug_rnglists
                0x00000356       0xaa CMakeFiles/gx.elf.dir/Drivers/STM32H7xx_HAL_Driver/Src/stm32h7xx_hal_rcc.c.obj
 .debug_rnglists
                0x00000400       0xbf CMakeFiles/gx.elf.dir/Drivers/STM32H7xx_HAL_Driver/Src/stm32h7xx_hal_rcc_ex.c.obj
 .debug_rnglists
                0x000004bf      0x314 CMakeFiles/gx.elf.dir/Drivers/STM32H7xx_HAL_Driver/Src/stm32h7xx_hal_tim.c.obj
 .debug_rnglists
                0x000007d3      0x137 CMakeFiles/gx.elf.dir/Drivers/STM32H7xx_HAL_Driver/Src/stm32h7xx_hal_tim_ex.c.obj
 .debug_rnglists
                0x0000090a      0x1cb CMakeFiles/gx.elf.dir/Drivers/STM32H7xx_HAL_Driver/Src/stm32h7xx_hal_uart.c.obj
 .debug_rnglists
                0x00000ad5       0x88 CMakeFiles/gx.elf.dir/Drivers/STM32H7xx_HAL_Driver/Src/stm32h7xx_hal_uart_ex.c.obj
 .debug_rnglists
                0x00000b5d       0x13 CMakeFiles/gx.elf.dir/Src/gpio.c.obj
 .debug_rnglists
                0x00000b70       0x26 CMakeFiles/gx.elf.dir/Src/main.c.obj
 .debug_rnglists
                0x00000b96       0x37 CMakeFiles/gx.elf.dir/Src/retarget.c.obj
 .debug_rnglists
                0x00000bcd       0x13 CMakeFiles/gx.elf.dir/Src/stm32h7xx_hal_msp.c.obj
 .debug_rnglists
                0x00000be0       0x49 CMakeFiles/gx.elf.dir/Src/stm32h7xx_it.c.obj
 .debug_rnglists
                0x00000c29       0x13 CMakeFiles/gx.elf.dir/Src/sysmem.c.obj
 .debug_rnglists
                0x00000c3c       0x21 CMakeFiles/gx.elf.dir/Src/system_stm32h7xx.c.obj
 .debug_rnglists
                0x00000c5d       0x51 CMakeFiles/gx.elf.dir/Src/tim.c.obj
 .debug_rnglists
                0x00000cae       0x26 CMakeFiles/gx.elf.dir/Src/usart.c.obj
 .debug_rnglists
                0x00000cd4       0x19 CMakeFiles/gx.elf.dir/Startup/startup_stm32h750vbtx.s.obj

.debug_line     0x00000000    0x14864
 .debug_line    0x00000000      0x9c7 CMakeFiles/gx.elf.dir/Drivers/STM32H7xx_HAL_Driver/Src/stm32h7xx_hal.c.obj
 .debug_line    0x000009c7      0x915 CMakeFiles/gx.elf.dir/Drivers/STM32H7xx_HAL_Driver/Src/stm32h7xx_hal_cortex.c.obj
 .debug_line    0x000012dc      0x7c7 CMakeFiles/gx.elf.dir/Drivers/STM32H7xx_HAL_Driver/Src/stm32h7xx_hal_gpio.c.obj
 .debug_line    0x00001aa3      0xbfe CMakeFiles/gx.elf.dir/Drivers/STM32H7xx_HAL_Driver/Src/stm32h7xx_hal_pwr_ex.c.obj
 .debug_line    0x000026a1     0x148b CMakeFiles/gx.elf.dir/Drivers/STM32H7xx_HAL_Driver/Src/stm32h7xx_hal_rcc.c.obj
 .debug_line    0x00003b2c     0x2092 CMakeFiles/gx.elf.dir/Drivers/STM32H7xx_HAL_Driver/Src/stm32h7xx_hal_rcc_ex.c.obj
 .debug_line    0x00005bbe     0x4aff CMakeFiles/gx.elf.dir/Drivers/STM32H7xx_HAL_Driver/Src/stm32h7xx_hal_tim.c.obj
 .debug_line    0x0000a6bd     0x1da8 CMakeFiles/gx.elf.dir/Drivers/STM32H7xx_HAL_Driver/Src/stm32h7xx_hal_tim_ex.c.obj
 .debug_line    0x0000c465     0x522e CMakeFiles/gx.elf.dir/Drivers/STM32H7xx_HAL_Driver/Src/stm32h7xx_hal_uart.c.obj
 .debug_line    0x00011693      0xb6b CMakeFiles/gx.elf.dir/Drivers/STM32H7xx_HAL_Driver/Src/stm32h7xx_hal_uart_ex.c.obj
 .debug_line    0x000121fe      0x1e6 CMakeFiles/gx.elf.dir/Src/gpio.c.obj
 .debug_line    0x000123e4      0x563 CMakeFiles/gx.elf.dir/Src/main.c.obj
 .debug_line    0x00012947      0x545 CMakeFiles/gx.elf.dir/Src/retarget.c.obj
 .debug_line    0x00012e8c      0x1e1 CMakeFiles/gx.elf.dir/Src/stm32h7xx_hal_msp.c.obj
 .debug_line    0x0001306d      0x34c CMakeFiles/gx.elf.dir/Src/stm32h7xx_it.c.obj
 .debug_line    0x000133b9      0x248 CMakeFiles/gx.elf.dir/Src/sysmem.c.obj
 .debug_line    0x00013601      0x502 CMakeFiles/gx.elf.dir/Src/system_stm32h7xx.c.obj
 .debug_line    0x00013b03      0x760 CMakeFiles/gx.elf.dir/Src/tim.c.obj
 .debug_line    0x00014263      0x586 CMakeFiles/gx.elf.dir/Src/usart.c.obj
 .debug_line    0x000147e9       0x7b CMakeFiles/gx.elf.dir/Startup/startup_stm32h750vbtx.s.obj

.debug_str      0x00000000     0x639f
 .debug_str     0x00000000     0x639f CMakeFiles/gx.elf.dir/Drivers/STM32H7xx_HAL_Driver/Src/stm32h7xx_hal.c.obj
                               0x1501 (size before relaxing)
 .debug_str     0x0000639f     0x10c7 CMakeFiles/gx.elf.dir/Drivers/STM32H7xx_HAL_Driver/Src/stm32h7xx_hal_cortex.c.obj
 .debug_str     0x0000639f      0x70c CMakeFiles/gx.elf.dir/Drivers/STM32H7xx_HAL_Driver/Src/stm32h7xx_hal_gpio.c.obj
 .debug_str     0x0000639f      0xa81 CMakeFiles/gx.elf.dir/Drivers/STM32H7xx_HAL_Driver/Src/stm32h7xx_hal_pwr_ex.c.obj
 .debug_str     0x0000639f      0xa94 CMakeFiles/gx.elf.dir/Drivers/STM32H7xx_HAL_Driver/Src/stm32h7xx_hal_rcc.c.obj
 .debug_str     0x0000639f      0xf9f CMakeFiles/gx.elf.dir/Drivers/STM32H7xx_HAL_Driver/Src/stm32h7xx_hal_rcc_ex.c.obj
 .debug_str     0x0000639f     0x18a1 CMakeFiles/gx.elf.dir/Drivers/STM32H7xx_HAL_Driver/Src/stm32h7xx_hal_tim.c.obj
 .debug_str     0x0000639f     0x11c9 CMakeFiles/gx.elf.dir/Drivers/STM32H7xx_HAL_Driver/Src/stm32h7xx_hal_tim_ex.c.obj
 .debug_str     0x0000639f     0x14eb CMakeFiles/gx.elf.dir/Drivers/STM32H7xx_HAL_Driver/Src/stm32h7xx_hal_uart.c.obj
 .debug_str     0x0000639f      0xbdf CMakeFiles/gx.elf.dir/Drivers/STM32H7xx_HAL_Driver/Src/stm32h7xx_hal_uart_ex.c.obj
 .debug_str     0x0000639f      0x419 CMakeFiles/gx.elf.dir/Src/gpio.c.obj
 .debug_str     0x0000639f      0xf8b CMakeFiles/gx.elf.dir/Src/main.c.obj
 .debug_str     0x0000639f      0xc96 CMakeFiles/gx.elf.dir/Src/retarget.c.obj
 .debug_str     0x0000639f      0x425 CMakeFiles/gx.elf.dir/Src/stm32h7xx_hal_msp.c.obj
 .debug_str     0x0000639f      0x8ef CMakeFiles/gx.elf.dir/Src/stm32h7xx_it.c.obj
 .debug_str     0x0000639f      0x256 CMakeFiles/gx.elf.dir/Src/sysmem.c.obj
 .debug_str     0x0000639f      0x6da CMakeFiles/gx.elf.dir/Src/system_stm32h7xx.c.obj
 .debug_str     0x0000639f     0x16a6 CMakeFiles/gx.elf.dir/Src/tim.c.obj
 .debug_str     0x0000639f      0xece CMakeFiles/gx.elf.dir/Src/usart.c.obj
 .debug_str     0x0000639f       0xa2 CMakeFiles/gx.elf.dir/Startup/startup_stm32h750vbtx.s.obj

.comment        0x00000000       0x45
 .comment       0x00000000       0x45 CMakeFiles/gx.elf.dir/Drivers/STM32H7xx_HAL_Driver/Src/stm32h7xx_hal.c.obj
                                 0x46 (size before relaxing)
 .comment       0x00000045       0x46 CMakeFiles/gx.elf.dir/Drivers/STM32H7xx_HAL_Driver/Src/stm32h7xx_hal_cortex.c.obj
 .comment       0x00000045       0x46 CMakeFiles/gx.elf.dir/Drivers/STM32H7xx_HAL_Driver/Src/stm32h7xx_hal_gpio.c.obj
 .comment       0x00000045       0x46 CMakeFiles/gx.elf.dir/Drivers/STM32H7xx_HAL_Driver/Src/stm32h7xx_hal_pwr_ex.c.obj
 .comment       0x00000045       0x46 CMakeFiles/gx.elf.dir/Drivers/STM32H7xx_HAL_Driver/Src/stm32h7xx_hal_rcc.c.obj
 .comment       0x00000045       0x46 CMakeFiles/gx.elf.dir/Drivers/STM32H7xx_HAL_Driver/Src/stm32h7xx_hal_rcc_ex.c.obj
 .comment       0x00000045       0x46 CMakeFiles/gx.elf.dir/Drivers/STM32H7xx_HAL_Driver/Src/stm32h7xx_hal_tim.c.obj
 .comment       0x00000045       0x46 CMakeFiles/gx.elf.dir/Drivers/STM32H7xx_HAL_Driver/Src/stm32h7xx_hal_tim_ex.c.obj
 .comment       0x00000045       0x46 CMakeFiles/gx.elf.dir/Drivers/STM32H7xx_HAL_Driver/Src/stm32h7xx_hal_uart.c.obj
 .comment       0x00000045       0x46 CMakeFiles/gx.elf.dir/Drivers/STM32H7xx_HAL_Driver/Src/stm32h7xx_hal_uart_ex.c.obj
 .comment       0x00000045       0x46 CMakeFiles/gx.elf.dir/Src/gpio.c.obj
 .comment       0x00000045       0x46 CMakeFiles/gx.elf.dir/Src/main.c.obj
 .comment       0x00000045       0x46 CMakeFiles/gx.elf.dir/Src/retarget.c.obj
 .comment       0x00000045       0x46 CMakeFiles/gx.elf.dir/Src/stm32h7xx_hal_msp.c.obj
 .comment       0x00000045       0x46 CMakeFiles/gx.elf.dir/Src/stm32h7xx_it.c.obj
 .comment       0x00000045       0x46 CMakeFiles/gx.elf.dir/Src/sysmem.c.obj
 .comment       0x00000045       0x46 CMakeFiles/gx.elf.dir/Src/system_stm32h7xx.c.obj
 .comment       0x00000045       0x46 CMakeFiles/gx.elf.dir/Src/tim.c.obj
 .comment       0x00000045       0x46 CMakeFiles/gx.elf.dir/Src/usart.c.obj

.debug_frame    0x00000000     0x32f0
 .debug_frame   0x00000000      0x360 CMakeFiles/gx.elf.dir/Drivers/STM32H7xx_HAL_Driver/Src/stm32h7xx_hal.c.obj
 .debug_frame   0x00000360      0x214 CMakeFiles/gx.elf.dir/Drivers/STM32H7xx_HAL_Driver/Src/stm32h7xx_hal_cortex.c.obj
 .debug_frame   0x00000574       0xd0 CMakeFiles/gx.elf.dir/Drivers/STM32H7xx_HAL_Driver/Src/stm32h7xx_hal_gpio.c.obj
 .debug_frame   0x00000644      0x2f4 CMakeFiles/gx.elf.dir/Drivers/STM32H7xx_HAL_Driver/Src/stm32h7xx_hal_pwr_ex.c.obj
 .debug_frame   0x00000938      0x188 CMakeFiles/gx.elf.dir/Drivers/STM32H7xx_HAL_Driver/Src/stm32h7xx_hal_rcc.c.obj
 .debug_frame   0x00000ac0      0x284 CMakeFiles/gx.elf.dir/Drivers/STM32H7xx_HAL_Driver/Src/stm32h7xx_hal_rcc_ex.c.obj
 .debug_frame   0x00000d44      0xb6c CMakeFiles/gx.elf.dir/Drivers/STM32H7xx_HAL_Driver/Src/stm32h7xx_hal_tim.c.obj
 .debug_frame   0x000018b0      0x494 CMakeFiles/gx.elf.dir/Drivers/STM32H7xx_HAL_Driver/Src/stm32h7xx_hal_tim_ex.c.obj
 .debug_frame   0x00001d44      0x680 CMakeFiles/gx.elf.dir/Drivers/STM32H7xx_HAL_Driver/Src/stm32h7xx_hal_uart.c.obj
 .debug_frame   0x000023c4      0x1c8 CMakeFiles/gx.elf.dir/Drivers/STM32H7xx_HAL_Driver/Src/stm32h7xx_hal_uart_ex.c.obj
 .debug_frame   0x0000258c       0x28 CMakeFiles/gx.elf.dir/Src/gpio.c.obj
 .debug_frame   0x000025b4       0x78 CMakeFiles/gx.elf.dir/Src/main.c.obj
 .debug_frame   0x0000262c       0xb8 CMakeFiles/gx.elf.dir/Src/retarget.c.obj
 .debug_frame   0x000026e4       0x28 CMakeFiles/gx.elf.dir/Src/stm32h7xx_hal_msp.c.obj
 .debug_frame   0x0000270c       0xc0 CMakeFiles/gx.elf.dir/Src/stm32h7xx_it.c.obj
 .debug_frame   0x000027cc       0x28 CMakeFiles/gx.elf.dir/Src/sysmem.c.obj
 .debug_frame   0x000027f4       0x50 CMakeFiles/gx.elf.dir/Src/system_stm32h7xx.c.obj
 .debug_frame   0x00002844      0x13c CMakeFiles/gx.elf.dir/Src/tim.c.obj
 .debug_frame   0x00002980       0x7c CMakeFiles/gx.elf.dir/Src/usart.c.obj
 .debug_frame   0x000029fc       0x4c E:/C/stm32/configuration/arm-gnu-toolchain-13.3.rel1-mingw-w64-i686-arm-none-eabi/bin/../lib/gcc/arm-none-eabi/13.3.1/thumb/v7e-m/nofp\libgcc.a(_arm_addsubsf3.o)
 .debug_frame   0x00002a48       0x38 E:/C/stm32/configuration/arm-gnu-toolchain-13.3.rel1-mingw-w64-i686-arm-none-eabi/bin/../lib/gcc/arm-none-eabi/13.3.1/thumb/v7e-m/nofp\libgcc.a(_arm_muldivsf3.o)
 .debug_frame   0x00002a80       0x24 E:/C/stm32/configuration/arm-gnu-toolchain-13.3.rel1-mingw-w64-i686-arm-none-eabi/bin/../lib/gcc/arm-none-eabi/13.3.1/thumb/v7e-m/nofp\libgcc.a(_arm_fixunssfsi.o)
 .debug_frame   0x00002aa4       0x2c E:/C/stm32/configuration/arm-gnu-toolchain-13.3.rel1-mingw-w64-i686-arm-none-eabi/bin/../lib/gcc/arm-none-eabi/13.3.1/thumb/v7e-m/nofp\libgcc.a(_aeabi_uldivmod.o)
 .debug_frame   0x00002ad0       0x34 E:/C/stm32/configuration/arm-gnu-toolchain-13.3.rel1-mingw-w64-i686-arm-none-eabi/bin/../lib/gcc/arm-none-eabi/13.3.1/thumb/v7e-m/nofp\libgcc.a(_udivmoddi4.o)
 .debug_frame   0x00002b04      0x13c E:/C/stm32/configuration/arm-gnu-toolchain-13.3.rel1-mingw-w64-i686-arm-none-eabi/bin/../lib/gcc/arm-none-eabi/13.3.1/thumb/v7e-m/nofp\libg.a(libc_a-findfp.o)
 .debug_frame   0x00002c40       0x34 E:/C/stm32/configuration/arm-gnu-toolchain-13.3.rel1-mingw-w64-i686-arm-none-eabi/bin/../lib/gcc/arm-none-eabi/13.3.1/thumb/v7e-m/nofp\libg.a(libc_a-fwalk.o)
 .debug_frame   0x00002c74       0x3c E:/C/stm32/configuration/arm-gnu-toolchain-13.3.rel1-mingw-w64-i686-arm-none-eabi/bin/../lib/gcc/arm-none-eabi/13.3.1/thumb/v7e-m/nofp\libg.a(libc_a-setvbuf.o)
 .debug_frame   0x00002cb0       0x8c E:/C/stm32/configuration/arm-gnu-toolchain-13.3.rel1-mingw-w64-i686-arm-none-eabi/bin/../lib/gcc/arm-none-eabi/13.3.1/thumb/v7e-m/nofp\libg.a(libc_a-stdio.o)
 .debug_frame   0x00002d3c       0x2c E:/C/stm32/configuration/arm-gnu-toolchain-13.3.rel1-mingw-w64-i686-arm-none-eabi/bin/../lib/gcc/arm-none-eabi/13.3.1/thumb/v7e-m/nofp\libg.a(libc_a-memset.o)
 .debug_frame   0x00002d68       0x2c E:/C/stm32/configuration/arm-gnu-toolchain-13.3.rel1-mingw-w64-i686-arm-none-eabi/bin/../lib/gcc/arm-none-eabi/13.3.1/thumb/v7e-m/nofp\libg.a(libc_a-closer.o)
 .debug_frame   0x00002d94       0x3c E:/C/stm32/configuration/arm-gnu-toolchain-13.3.rel1-mingw-w64-i686-arm-none-eabi/bin/../lib/gcc/arm-none-eabi/13.3.1/thumb/v7e-m/nofp\libg.a(libc_a-reent.o)
 .debug_frame   0x00002dd0       0x2c E:/C/stm32/configuration/arm-gnu-toolchain-13.3.rel1-mingw-w64-i686-arm-none-eabi/bin/../lib/gcc/arm-none-eabi/13.3.1/thumb/v7e-m/nofp\libg.a(libc_a-lseekr.o)
 .debug_frame   0x00002dfc       0x2c E:/C/stm32/configuration/arm-gnu-toolchain-13.3.rel1-mingw-w64-i686-arm-none-eabi/bin/../lib/gcc/arm-none-eabi/13.3.1/thumb/v7e-m/nofp\libg.a(libc_a-readr.o)
 .debug_frame   0x00002e28       0x2c E:/C/stm32/configuration/arm-gnu-toolchain-13.3.rel1-mingw-w64-i686-arm-none-eabi/bin/../lib/gcc/arm-none-eabi/13.3.1/thumb/v7e-m/nofp\libg.a(libc_a-writer.o)
 .debug_frame   0x00002e54       0x20 E:/C/stm32/configuration/arm-gnu-toolchain-13.3.rel1-mingw-w64-i686-arm-none-eabi/bin/../lib/gcc/arm-none-eabi/13.3.1/thumb/v7e-m/nofp\libg.a(libc_a-errno.o)
 .debug_frame   0x00002e74       0x2c E:/C/stm32/configuration/arm-gnu-toolchain-13.3.rel1-mingw-w64-i686-arm-none-eabi/bin/../lib/gcc/arm-none-eabi/13.3.1/thumb/v7e-m/nofp\libg.a(libc_a-init.o)
 .debug_frame   0x00002ea0       0xb0 E:/C/stm32/configuration/arm-gnu-toolchain-13.3.rel1-mingw-w64-i686-arm-none-eabi/bin/../lib/gcc/arm-none-eabi/13.3.1/thumb/v7e-m/nofp\libg.a(libc_a-lock.o)
 .debug_frame   0x00002f50       0x5c E:/C/stm32/configuration/arm-gnu-toolchain-13.3.rel1-mingw-w64-i686-arm-none-eabi/bin/../lib/gcc/arm-none-eabi/13.3.1/thumb/v7e-m/nofp\libg.a(libc_a-__call_atexit.o)
 .debug_frame   0x00002fac       0x20 E:/C/stm32/configuration/arm-gnu-toolchain-13.3.rel1-mingw-w64-i686-arm-none-eabi/bin/../lib/gcc/arm-none-eabi/13.3.1/thumb/v7e-m/nofp\libg.a(libc_a-atexit.o)
 .debug_frame   0x00002fcc       0x78 E:/C/stm32/configuration/arm-gnu-toolchain-13.3.rel1-mingw-w64-i686-arm-none-eabi/bin/../lib/gcc/arm-none-eabi/13.3.1/thumb/v7e-m/nofp\libg.a(libc_a-freer.o)