Component: ARM Compiler 5.06 update 7 (build 960) Tool: armlink [4d3601]

==============================================================================

Section Cross References

    startup_stm32h750xx.o(STACK) refers (Special) to heapauxi.o(.text) for __use_two_region_memory
    startup_stm32h750xx.o(HEAP) refers (Special) to heapauxi.o(.text) for __use_two_region_memory
    startup_stm32h750xx.o(RESET) refers (Special) to heapauxi.o(.text) for __use_two_region_memory
    startup_stm32h750xx.o(RESET) refers to startup_stm32h750xx.o(STACK) for __initial_sp
    startup_stm32h750xx.o(RESET) refers to startup_stm32h750xx.o(.text) for Reset_Handler
    startup_stm32h750xx.o(RESET) refers to stm32h7xx_it.o(i.NMI_Handler) for NMI_Handler
    startup_stm32h750xx.o(RESET) refers to stm32h7xx_it.o(i.HardFault_Handler) for HardFault_Handler
    startup_stm32h750xx.o(RESET) refers to stm32h7xx_it.o(i.MemManage_Handler) for MemManage_Handler
    startup_stm32h750xx.o(RESET) refers to stm32h7xx_it.o(i.BusFault_Handler) for BusFault_Handler
    startup_stm32h750xx.o(RESET) refers to stm32h7xx_it.o(i.UsageFault_Handler) for UsageFault_Handler
    startup_stm32h750xx.o(RESET) refers to port.o(.emb_text) for SVC_Handler
    startup_stm32h750xx.o(RESET) refers to stm32h7xx_it.o(i.DebugMon_Handler) for DebugMon_Handler
    startup_stm32h750xx.o(RESET) refers to stm32h7xx_it.o(i.SysTick_Handler) for SysTick_Handler
    startup_stm32h750xx.o(RESET) refers to stm32h7xx_it.o(i.DMA1_Stream0_IRQHandler) for DMA1_Stream0_IRQHandler
    startup_stm32h750xx.o(RESET) refers to stm32h7xx_it.o(i.DMA1_Stream1_IRQHandler) for DMA1_Stream1_IRQHandler
    startup_stm32h750xx.o(RESET) refers to stm32h7xx_it.o(i.DMA1_Stream2_IRQHandler) for DMA1_Stream2_IRQHandler
    startup_stm32h750xx.o(RESET) refers to stm32h7xx_it.o(i.DMA1_Stream3_IRQHandler) for DMA1_Stream3_IRQHandler
    startup_stm32h750xx.o(RESET) refers to stm32h7xx_it.o(i.USART1_IRQHandler) for USART1_IRQHandler
    startup_stm32h750xx.o(RESET) refers to stm32h7xx_it.o(i.USART2_IRQHandler) for USART2_IRQHandler
    startup_stm32h750xx.o(RESET) refers to stm32h7xx_it.o(i.TIM5_IRQHandler) for TIM5_IRQHandler
    startup_stm32h750xx.o(RESET) refers to stm32h7xx_it.o(i.TIM17_IRQHandler) for TIM17_IRQHandler
    startup_stm32h750xx.o(.text) refers (Special) to heapauxi.o(.text) for __use_two_region_memory
    startup_stm32h750xx.o(.text) refers to system_stm32h7xx.o(i.ExitRun0Mode) for ExitRun0Mode
    startup_stm32h750xx.o(.text) refers to system_stm32h7xx.o(i.SystemInit) for SystemInit
    startup_stm32h750xx.o(.text) refers to __main.o(!!!main) for __main
    startup_stm32h750xx.o(.text) refers to startup_stm32h750xx.o(HEAP) for Heap_Mem
    startup_stm32h750xx.o(.text) refers to startup_stm32h750xx.o(STACK) for Stack_Mem
    stm32h7xx_hal_tim.o(i.HAL_TIM_Base_DeInit) refers to tim.o(i.HAL_TIM_Base_MspDeInit) for HAL_TIM_Base_MspDeInit
    stm32h7xx_hal_tim.o(i.HAL_TIM_Base_Init) refers to tim.o(i.HAL_TIM_Base_MspInit) for HAL_TIM_Base_MspInit
    stm32h7xx_hal_tim.o(i.HAL_TIM_Base_Init) refers to stm32h7xx_hal_tim.o(i.TIM_Base_SetConfig) for TIM_Base_SetConfig
    stm32h7xx_hal_tim.o(i.HAL_TIM_Base_Start_DMA) refers to stm32h7xx_hal_dma.o(i.HAL_DMA_Start_IT) for HAL_DMA_Start_IT
    stm32h7xx_hal_tim.o(i.HAL_TIM_Base_Start_DMA) refers to stm32h7xx_hal_tim.o(i.TIM_DMAPeriodElapsedCplt) for TIM_DMAPeriodElapsedCplt
    stm32h7xx_hal_tim.o(i.HAL_TIM_Base_Start_DMA) refers to stm32h7xx_hal_tim.o(i.TIM_DMAPeriodElapsedHalfCplt) for TIM_DMAPeriodElapsedHalfCplt
    stm32h7xx_hal_tim.o(i.HAL_TIM_Base_Start_DMA) refers to stm32h7xx_hal_tim.o(i.TIM_DMAError) for TIM_DMAError
    stm32h7xx_hal_tim.o(i.HAL_TIM_Base_Stop_DMA) refers to stm32h7xx_hal_dma.o(i.HAL_DMA_Abort_IT) for HAL_DMA_Abort_IT
    stm32h7xx_hal_tim.o(i.HAL_TIM_ConfigClockSource) refers to stm32h7xx_hal_tim.o(i.TIM_ETR_SetConfig) for TIM_ETR_SetConfig
    stm32h7xx_hal_tim.o(i.HAL_TIM_ConfigClockSource) refers to stm32h7xx_hal_tim.o(i.TIM_TI1_ConfigInputStage) for TIM_TI1_ConfigInputStage
    stm32h7xx_hal_tim.o(i.HAL_TIM_ConfigClockSource) refers to stm32h7xx_hal_tim.o(i.TIM_ITRx_SetConfig) for TIM_ITRx_SetConfig
    stm32h7xx_hal_tim.o(i.HAL_TIM_ConfigClockSource) refers to stm32h7xx_hal_tim.o(i.TIM_TI2_ConfigInputStage) for TIM_TI2_ConfigInputStage
    stm32h7xx_hal_tim.o(i.HAL_TIM_ConfigOCrefClear) refers to stm32h7xx_hal_tim.o(i.TIM_ETR_SetConfig) for TIM_ETR_SetConfig
    stm32h7xx_hal_tim.o(i.HAL_TIM_DMABurst_MultiReadStart) refers to stm32h7xx_hal_dma.o(i.HAL_DMA_Start_IT) for HAL_DMA_Start_IT
    stm32h7xx_hal_tim.o(i.HAL_TIM_DMABurst_MultiReadStart) refers to stm32h7xx_hal_tim.o(i.TIM_DMAPeriodElapsedCplt) for TIM_DMAPeriodElapsedCplt
    stm32h7xx_hal_tim.o(i.HAL_TIM_DMABurst_MultiReadStart) refers to stm32h7xx_hal_tim.o(i.TIM_DMAPeriodElapsedHalfCplt) for TIM_DMAPeriodElapsedHalfCplt
    stm32h7xx_hal_tim.o(i.HAL_TIM_DMABurst_MultiReadStart) refers to stm32h7xx_hal_tim.o(i.TIM_DMAError) for TIM_DMAError
[...]
    _memcpy_lastbytes                        0x08000723   Thumb Code     0  rt_memcpy_v6.o(.text)
    __aeabi_memcpy4                          0x08000747   Thumb Code     0  rt_memcpy_w.o(.text)
    __aeabi_memcpy8                          0x08000747   Thumb Code     0  rt_memcpy_w.o(.text)
    __rt_memcpy_w                            0x08000747   Thumb Code   100  rt_memcpy_w.o(.text)
    _memcpy_lastbytes_aligned                0x0800078f   Thumb Code     0  rt_memcpy_w.o(.text)
    __aeabi_memset                           0x080007ab   Thumb Code    16  aeabi_memset.o(.text)
    __aeabi_memclr                           0x080007bb   Thumb Code     0  rt_memclr.o(.text)
    __rt_memclr                              0x080007bb   Thumb Code    68  rt_memclr.o(.text)
    _memset                                  0x080007bf   Thumb Code     0  rt_memclr.o(.text)
    __aeabi_memclr4                          0x080007ff   Thumb Code     0  rt_memclr_w.o(.text)
    __aeabi_memclr8                          0x080007ff   Thumb Code     0  rt_memclr_w.o(.text)
    __rt_memclr_w                            0x080007ff   Thumb Code    78  rt_memclr_w.o(.text)
    _memset_w                                0x08000803   Thumb Code     0  rt_memclr_w.o(.text)
    __use_two_region_memory                  0x0800084d   Thumb Code     2  heapauxi.o(.text)
    __rt_heap_escrow$2region                 0x0800084f   Thumb Code     2  heapauxi.o(.text)
    __rt_heap_expand$2region                 0x08000851   Thumb Code     2  heapauxi.o(.text)
    __read_errno                             0x08000853   Thumb Code    10  _rserrno.o(.text)
    __set_errno                              0x0800085d   Thumb Code    12  _rserrno.o(.text)
    __lib_sel_fp_printf                      0x08000869   Thumb Code     2  _printf_fp_dec.o(.text)
    _printf_fp_dec_real                      0x08000a1b   Thumb Code   620  _printf_fp_dec.o(.text)
    _printf_char_common                      0x08000c93   Thumb Code    32  _printf_char_common.o(.text)
    _printf_char_file                        0x08000cb9   Thumb Code    32  _printf_char_file.o(.text)
    _scanf_really_real                       0x08000f29   Thumb Code   684  scanf_fp.o(.text)
    __vfscanf_char                           0x080011e1   Thumb Code    24  scanf_char.o(.text)
    _sgetc                                   0x08001201   Thumb Code    30  _sgetc.o(.text)
    _sbackspace                              0x0800121f   Thumb Code    34  _sgetc.o(.text)
    __rt_locale                              0x08001241   Thumb Code     8  rt_locale_intlibspace.o(.text)
    __aeabi_errno_addr                       0x08001249   Thumb Code     8  rt_errno_addr_intlibspace.o(.text)
    __errno$intlibspace                      0x08001249   Thumb Code     0  rt_errno_addr_intlibspace.o(.text)
    __rt_errno_addr$intlibspace              0x08001249   Thumb Code     0  rt_errno_addr_intlibspace.o(.text)
    _ll_udiv10                               0x08001251   Thumb Code   138  lludiv10.o(.text)
    isspace                                  0x080012db   Thumb Code    18  isspace.o(.text)
    _printf_fp_infnan                        0x080012ed   Thumb Code   112  _printf_fp_infnan.o(.text)
    __vfscanf                                0x0800136d   Thumb Code   880  _scanf.o(.text)
    _btod_etento                             0x080016e1   Thumb Code   224  bigflt0.o(.text)
    __user_libspace                          0x080017c5   Thumb Code     8  libspace.o(.text)
    __user_perproc_libspace                  0x080017c5   Thumb Code     0  libspace.o(.text)
    __user_perthread_libspace                0x080017c5   Thumb Code     0  libspace.o(.text)
    __user_setup_stackheap                   0x080017cd   Thumb Code    74  sys_stackheap_outer.o(.text)
    __rt_ctype_table                         0x08001819   Thumb Code    16  rt_ctype_table.o(.text)
    _scanf_really_hex_real                   0x08001829   Thumb Code   786  scanf_hexfp.o(.text)
    _scanf_really_infnan                     0x08001b49   Thumb Code   292  scanf_infnan.o(.text)
    exit                                     0x08001c7d   Thumb Code    18  exit.o(.text)
    strcmp                                   0x08001c91   Thumb Code   104  strcmpv7m_pel.o(.text)
    __aeabi_llsl                             0x08001cf9   Thumb Code     0  llshl.o(.text)
    _ll_shift_l                              0x08001cf9   Thumb Code    38  llshl.o(.text)
    _chval                                   0x08001d1f   Thumb Code    28  _chval.o(.text)
    _sys_exit                                0x08001d3d   Thumb Code     8  sys_exit.o(.text)
    __I$use$semihosting                      0x08001d49   Thumb Code     0  use_no_semi.o(.text)
    __use_no_semihosting_swi                 0x08001d49   Thumb Code     2  use_no_semi.o(.text)
    __semihosting_library_function           0x08001d4b   Thumb Code     0  indicate_semi.o(.text)
    _btod_d2e                                0x08001d4b   Thumb Code    62  btod.o(CL$$btod_d2e)
    _d2e_denorm_low                          0x08001d89   Thumb Code    70  btod.o(CL$$btod_d2e_denorm_low)
    _d2e_norm_op1                            0x08001dcf   Thumb Code    96  btod.o(CL$$btod_d2e_norm_op1)
    __btod_div_common                        0x08001e2f   Thumb Code   696  btod.o(CL$$btod_div_common)
    _e2d                                     0x08002169   Thumb Code   122  btod.o(CL$$btod_e2d)
    _e2e                                     0x080021ed   Thumb Code   220  btod.o(CL$$btod_e2e)
    _btod_ediv                               0x080022c9   Thumb Code    42  btod.o(CL$$btod_ediv)
    _btod_edivd                              0x080022f3   Thumb Code    42  btod.o(CL$$btod_edivd)
    _btod_emul                               0x0800231d   Thumb Code    42  btod.o(CL$$btod_emul)
    _btod_emuld                              0x08002347   Thumb Code    42  btod.o(CL$$btod_emuld)
    __btod_mult_common                       0x08002371   Thumb Code   580  btod.o(CL$$btod_mult_common)
    BusFault_Handler                         0x080025b5   Thumb Code     4  stm32h7xx_it.o(i.BusFault_Handler)
    Control_Task                             0x080025b9   Thumb Code   374  rescue_car.o(i.Control_Task)
    DMA1_Stream0_IRQHandler                  0x08002795   Thumb Code    10  stm32h7xx_it.o(i.DMA1_Stream0_IRQHandler)
    DMA1_Stream1_IRQHandler                  0x080027a5   Thumb Code    10  stm32h7xx_it.o(i.DMA1_Stream1_IRQHandler)
    DMA1_Stream2_IRQHandler                  0x080027b5   Thumb Code    10  stm32h7xx_it.o(i.DMA1_Stream2_IRQHandler)
    DMA1_Stream3_IRQHandler                  0x080027c5   Thumb Code    10  stm32h7xx_it.o(i.DMA1_Stream3_IRQHandler)
    Data_Task                                0x08002d41   Thumb Code    74  rescue_car.o(i.Data_Task)
    DebugMon_Handler                         0x08002da1   Thumb Code     2  stm32h7xx_it.o(i.DebugMon_Handler)
    Debug_Task                               0x08002da5   Thumb Code   338  rescue_car.o(i.Debug_Task)
    Error_Handler                            0x08002f41   Thumb Code     6  main.o(i.Error_Handler)
    ExitRun0Mode                             0x08002f49   Thumb Code    30  system_stm32h7xx.o(i.ExitRun0Mode)
    Get_Data_Xbox                            0x08002f6d   Thumb Code   252  xbox.o(i.Get_Data_Xbox)
    Get_Encoder                              0x0800306d   Thumb Code    38  encoder.o(i.Get_Encoder)
    Get_LinearSpeed                          0x0800309d   Thumb Code    78  position.o(i.Get_LinearSpeed)
    Get_Position                             0x080030f5   Thumb Code   264  position.o(i.Get_Position)
    HAL_DMA_Abort                            0x0800320d   Thumb Code  1236  stm32h7xx_hal_dma.o(i.HAL_DMA_Abort)
    HAL_DMA_Abort_IT                         0x080036e9   Thumb Code   906  stm32h7xx_hal_dma.o(i.HAL_DMA_Abort_IT)
    HAL_DMA_IRQHandler                       0x08003a81   Thumb Code  2798  stm32h7xx_hal_dma.o(i.HAL_DMA_IRQHandler)
    HAL_DMA_Init                             0x08004579   Thumb Code  1304  stm32h7xx_hal_dma.o(i.HAL_DMA_Init)
    HAL_DMA_Start_IT                         0x08004a99   Thumb Code   980  stm32h7xx_hal_dma.o(i.HAL_DMA_Start_IT)
    HAL_Delay                                0x08004e79   Thumb Code    36  stm32h7xx_hal.o(i.HAL_Delay)
    HAL_GPIO_Init                            0x08004ea1   Thumb Code   456  stm32h7xx_hal_gpio.o(i.HAL_GPIO_Init)
    HAL_GPIO_WritePin                        0x0800509d   Thumb Code    12  stm32h7xx_hal_gpio.o(i.HAL_GPIO_WritePin)
    HAL_GetREVID                             0x080050a9   Thumb Code     8  stm32h7xx_hal.o(i.HAL_GetREVID)
    HAL_GetTick                              0x080050b5   Thumb Code     6  stm32h7xx_hal.o(i.HAL_GetTick)
    HAL_IncTick                              0x080050c1   Thumb Code    16  stm32h7xx_hal.o(i.HAL_IncTick)
    HAL_Init                                 0x080050d9   Thumb Code    80  stm32h7xx_hal.o(i.HAL_Init)
    HAL_InitTick                             0x08005139   Thumb Code   140  stm32h7xx_hal_timebase_tim.o(i.HAL_InitTick)
    HAL_MPU_ConfigRegion                     0x080051d9   Thumb Code    86  stm32h7xx_hal_cortex.o(i.HAL_MPU_ConfigRegion)
    HAL_MPU_Disable                          0x08005235   Thumb Code    38  stm32h7xx_hal_cortex.o(i.HAL_MPU_Disable)
    HAL_MPU_Enable                           0x08005261   Thumb Code    58  stm32h7xx_hal_cortex.o(i.HAL_MPU_Enable)
    HAL_MspInit                              0x080052a1   Thumb Code    42  stm32h7xx_hal_msp.o(i.HAL_MspInit)
    HAL_NVIC_EnableIRQ                       0x080052d1   Thumb Code    40  stm32h7xx_hal_cortex.o(i.HAL_NVIC_EnableIRQ)
    HAL_NVIC_SetPriority                     0x080052f9   Thumb Code   122  stm32h7xx_hal_cortex.o(i.HAL_NVIC_SetPriority)
    HAL_NVIC_SetPriorityGrouping             0x08005375   Thumb Code    32  stm32h7xx_hal_cortex.o(i.HAL_NVIC_SetPriorityGrouping)
    HAL_PWREx_ConfigSupply                   0x0800539d   Thumb Code    90  stm32h7xx_hal_pwr_ex.o(i.HAL_PWREx_ConfigSupply)
    HAL_RCCEx_GetD3PCLK1Freq                 0x080053fd   Thumb Code    26  stm32h7xx_hal_rcc_ex.o(i.HAL_RCCEx_GetD3PCLK1Freq)
    HAL_RCCEx_GetPLL2ClockFreq               0x08005421   Thumb Code   536  stm32h7xx_hal_rcc_ex.o(i.HAL_RCCEx_GetPLL2ClockFreq)
    HAL_RCCEx_GetPLL3ClockFreq               0x08005651   Thumb Code   536  stm32h7xx_hal_rcc_ex.o(i.HAL_RCCEx_GetPLL3ClockFreq)
    HAL_RCCEx_PeriphCLKConfig                0x08005881   Thumb Code  3432  stm32h7xx_hal_rcc_ex.o(i.HAL_RCCEx_PeriphCLKConfig)
    HAL_RCC_ClockConfig                      0x080065e9   Thumb Code   774  stm32h7xx_hal_rcc.o(i.HAL_RCC_ClockConfig)
    HAL_RCC_GetClockConfig                   0x08006909   Thumb Code    98  stm32h7xx_hal_rcc.o(i.HAL_RCC_GetClockConfig)
    HAL_RCC_GetHCLKFreq                      0x08006975   Thumb Code    60  stm32h7xx_hal_rcc.o(i.HAL_RCC_GetHCLKFreq)
    HAL_RCC_GetPCLK1Freq                     0x080069c1   Thumb Code    26  stm32h7xx_hal_rcc.o(i.HAL_RCC_GetPCLK1Freq)
    HAL_RCC_GetPCLK2Freq                     0x080069e5   Thumb Code    26  stm32h7xx_hal_rcc.o(i.HAL_RCC_GetPCLK2Freq)
    HAL_RCC_GetSysClockFreq                  0x08006a09   Thumb Code   524  stm32h7xx_hal_rcc.o(i.HAL_RCC_GetSysClockFreq)
    HAL_RCC_OscConfig                        0x08006c35   Thumb Code  2130  stm32h7xx_hal_rcc.o(i.HAL_RCC_OscConfig)
    HAL_TIMEx_Break2Callback                 0x0800748d   Thumb Code     2  stm32h7xx_hal_tim_ex.o(i.HAL_TIMEx_Break2Callback)
    HAL_TIMEx_BreakCallback                  0x0800748f   Thumb Code     2  stm32h7xx_hal_tim_ex.o(i.HAL_TIMEx_BreakCallback)
    HAL_TIMEx_CommutCallback                 0x08007491   Thumb Code     2  stm32h7xx_hal_tim_ex.o(i.HAL_TIMEx_CommutCallback)
    HAL_TIMEx_MasterConfigSynchronization    0x08007495   Thumb Code   174  stm32h7xx_hal_tim_ex.o(i.HAL_TIMEx_MasterConfigSynchronization)
    HAL_TIM_Base_Init                        0x08007561   Thumb Code   110  stm32h7xx_hal_tim.o(i.HAL_TIM_Base_Init)
    HAL_TIM_Base_MspInit                     0x080075d1   Thumb Code   174  tim.o(i.HAL_TIM_Base_MspInit)
    HAL_TIM_Base_Start_IT                    0x08007695   Thumb Code   146  stm32h7xx_hal_tim.o(i.HAL_TIM_Base_Start_IT)
    HAL_TIM_ConfigClockSource                0x08007749   Thumb Code   304  stm32h7xx_hal_tim.o(i.HAL_TIM_ConfigClockSource)
    HAL_TIM_Encoder_Init                     0x0800787d   Thumb Code   198  stm32h7xx_hal_tim.o(i.HAL_TIM_Encoder_Init)
    HAL_TIM_Encoder_MspInit                  0x08007949   Thumb Code   214  tim.o(i.HAL_TIM_Encoder_MspInit)
    HAL_TIM_Encoder_Start                    0x08007a31   Thumb Code   204  stm32h7xx_hal_tim.o(i.HAL_TIM_Encoder_Start)
    HAL_TIM_IC_CaptureCallback               0x08007afd   Thumb Code     2  stm32h7xx_hal_tim.o(i.HAL_TIM_IC_CaptureCallback)
    HAL_TIM_IRQHandler                       0x08007aff   Thumb Code   408  stm32h7xx_hal_tim.o(i.HAL_TIM_IRQHandler)
    HAL_TIM_MspPostInit                      0x08007c99   Thumb Code   146  tim.o(i.HAL_TIM_MspPostInit)
    HAL_TIM_OC_DelayElapsedCallback          0x08007d41   Thumb Code     2  stm32h7xx_hal_tim.o(i.HAL_TIM_OC_DelayElapsedCallback)
    HAL_TIM_PWM_ConfigChannel                0x08007d43   Thumb Code   368  stm32h7xx_hal_tim.o(i.HAL_TIM_PWM_ConfigChannel)
    HAL_TIM_PWM_Init                         0x08007eb3   Thumb Code   110  stm32h7xx_hal_tim.o(i.HAL_TIM_PWM_Init)
    HAL_TIM_PWM_MspInit                      0x08007f21   Thumb Code     2  stm32h7xx_hal_tim.o(i.HAL_TIM_PWM_MspInit)
    HAL_TIM_PWM_PulseFinishedCallback        0x08007f23   Thumb Code     2  stm32h7xx_hal_tim.o(i.HAL_TIM_PWM_PulseFinishedCallback)
    HAL_TIM_PWM_Start                        0x08007f25   Thumb Code   314  stm32h7xx_hal_tim.o(i.HAL_TIM_PWM_Start)
    HAL_TIM_PeriodElapsedCallback            0x08008089   Thumb Code    18  main.o(i.HAL_TIM_PeriodElapsedCallback)
    HAL_TIM_TriggerCallback                  0x080080a1   Thumb Code     2  stm32h7xx_hal_tim.o(i.HAL_TIM_TriggerCallback)
    HAL_UARTEx_DisableFifoMode               0x080080a3   Thumb Code    78  stm32h7xx_hal_uart_ex.o(i.HAL_UARTEx_DisableFifoMode)
    HAL_UARTEx_ReceiveToIdle_DMA             0x080080f1   Thumb Code    98  stm32h7xx_hal_uart_ex.o(i.HAL_UARTEx_ReceiveToIdle_DMA)
    HAL_UARTEx_RxEventCallback               0x08008155   Thumb Code   106  rescue_car.o(i.HAL_UARTEx_RxEventCallback)
    HAL_UARTEx_RxFifoFullCallback            0x080081e1   Thumb Code     2  stm32h7xx_hal_uart_ex.o(i.HAL_UARTEx_RxFifoFullCallback)
    HAL_UARTEx_SetRxFifoThreshold            0x080081e3   Thumb Code    94  stm32h7xx_hal_uart_ex.o(i.HAL_UARTEx_SetRxFifoThreshold)
    HAL_UARTEx_SetTxFifoThreshold            0x08008241   Thumb Code    94  stm32h7xx_hal_uart_ex.o(i.HAL_UARTEx_SetTxFifoThreshold)
    HAL_UARTEx_TxFifoEmptyCallback           0x0800829f   Thumb Code     2  stm32h7xx_hal_uart_ex.o(i.HAL_UARTEx_TxFifoEmptyCallback)
    HAL_UARTEx_WakeupCallback                0x080082a1   Thumb Code     2  stm32h7xx_hal_uart_ex.o(i.HAL_UARTEx_WakeupCallback)
    HAL_UART_AbortReceiveCpltCallback        0x080082a5   Thumb Code    30  rescue_car.o(i.HAL_UART_AbortReceiveCpltCallback)
    HAL_UART_AbortReceive_IT                 0x080082d5   Thumb Code   248  stm32h7xx_hal_uart.o(i.HAL_UART_AbortReceive_IT)
    HAL_UART_ErrorCallback                   0x080083d5   Thumb Code     2  stm32h7xx_hal_uart.o(i.HAL_UART_ErrorCallback)
    HAL_UART_IRQHandler                      0x080083d9   Thumb Code  1206  stm32h7xx_hal_uart.o(i.HAL_UART_IRQHandler)
    HAL_UART_Init                            0x0800888f   Thumb Code   120  stm32h7xx_hal_uart.o(i.HAL_UART_Init)
    HAL_UART_MspInit                         0x08008909   Thumb Code   832  usart.o(i.HAL_UART_MspInit)
    HAL_UART_Receive_IT                      0x08008c7d   Thumb Code    88  stm32h7xx_hal_uart.o(i.HAL_UART_Receive_IT)
    HAL_UART_RxCpltCallback                  0x08008cd9   Thumb Code     2  stm32h7xx_hal_uart.o(i.HAL_UART_RxCpltCallback)
    HAL_UART_RxHalfCpltCallback              0x08008cdb   Thumb Code     2  stm32h7xx_hal_uart.o(i.HAL_UART_RxHalfCpltCallback)
    HAL_UART_Transmit                        0x08008cdd   Thumb Code   194  stm32h7xx_hal_uart.o(i.HAL_UART_Transmit)
    HAL_UART_TxCpltCallback                  0x08008d9f   Thumb Code     2  stm32h7xx_hal_uart.o(i.HAL_UART_TxCpltCallback)
    HardFault_Handler                        0x08008da1   Thumb Code     4  stm32h7xx_it.o(i.HardFault_Handler)
    JY901S_DataConverse                      0x08008da5   Thumb Code   388  jy901s.o(i.JY901S_DataConverse)
    JY901S_GetData                           0x08008f5d   Thumb Code   330  jy901s.o(i.JY901S_GetData)
    MX_DMA_Init                              0x0800910d   Thumb Code    96  dma.o(i.MX_DMA_Init)
    MX_GPIO_Init                             0x08009171   Thumb Code   220  gpio.o(i.MX_GPIO_Init)
    MX_TIM16_Init                            0x08009259   Thumb Code    44  tim.o(i.MX_TIM16_Init)
    MX_TIM17_Init                            0x0800928d   Thumb Code    46  tim.o(i.MX_TIM17_Init)
    MX_TIM1_Init                             0x080092c5   Thumb Code   126  tim.o(i.MX_TIM1_Init)
    MX_TIM2_Init                             0x0800934d   Thumb Code   122  tim.o(i.MX_TIM2_Init)
    MX_TIM3_Init                             0x080093cd   Thumb Code   204  tim.o(i.MX_TIM3_Init)
    MX_TIM4_Init                             0x080094a1   Thumb Code   206  tim.o(i.MX_TIM4_Init)
    MX_UART5_Init                            0x08009579   Thumb Code    98  usart.o(i.MX_UART5_Init)
    MX_UART8_Init                            0x080095e5   Thumb Code    98  usart.o(i.MX_UART8_Init)
    MX_USART1_UART_Init                      0x08009651   Thumb Code    98  usart.o(i.MX_USART1_UART_Init)
    MX_USART2_UART_Init                      0x080096bd   Thumb Code    98  usart.o(i.MX_USART2_UART_Init)
    MemManage_Handler                        0x08009729   Thumb Code     4  stm32h7xx_it.o(i.MemManage_Handler)
    NMI_Handler                              0x0800972d   Thumb Code     4  stm32h7xx_it.o(i.NMI_Handler)
    PID_Clamp                                0x08009731   Thumb Code    42  pid.o(i.PID_Clamp)
    PID_Gyro                                 0x0800975d   Thumb Code   140  pid.o(i.PID_Gyro)
    PID_Init                                 0x080097f9   Thumb Code    50  pid.o(i.PID_Init)
    PID_Position                             0x08009831   Thumb Code   340  pid.o(i.PID_Position)
    PID_Turn                                 0x080099a9   Thumb Code   202  pid.o(i.PID_Turn)
    PID_Velocity                             0x08009a8d   Thumb Code   114  pid.o(i.PID_Velocity)
    Rescue_Car_Init                          0x08009dd1   Thumb Code    28  rescue_car.o(i.Rescue_Car_Init)
    Rescue_Car_Start                         0x08009e09   Thumb Code   104  rescue_car.o(i.Rescue_Car_Start)
    Set_Motor                                0x08009ec5   Thumb Code   196  control.o(i.Set_Motor)
    Show_Task                                0x08009f95   Thumb Code   242  rescue_car.o(i.Show_Task)
    SysTick_Handler                          0x0800a0b9   Thumb Code    16  stm32h7xx_it.o(i.SysTick_Handler)
    SystemClock_Config                       0x0800a0c9   Thumb Code   198  main.o(i.SystemClock_Config)
    SystemInit                               0x0800a199   Thumb Code   256  system_stm32h7xx.o(i.SystemInit)
    TIM17_IRQHandler                         0x0800a2c1   Thumb Code    10  stm32h7xx_it.o(i.TIM17_IRQHandler)
    TIM5_IRQHandler                          0x0800a2d1   Thumb Code    10  stm32h7xx_it.o(i.TIM5_IRQHandler)
    TIM_Base_SetConfig                       0x0800a2e1   Thumb Code   178  stm32h7xx_hal_tim.o(i.TIM_Base_SetConfig)
    TIM_CCxChannelCmd                        0x0800a3b5   Thumb Code    34  stm32h7xx_hal_tim.o(i.TIM_CCxChannelCmd)
    TIM_ETR_SetConfig                        0x0800a3d7   Thumb Code    22  stm32h7xx_hal_tim.o(i.TIM_ETR_SetConfig)
    TIM_OC2_SetConfig                        0x0800a4b1   Thumb Code   156  stm32h7xx_hal_tim.o(i.TIM_OC2_SetConfig)
    UART_AdvFeatureConfig                    0x0800a815   Thumb Code   248  stm32h7xx_hal_uart.o(i.UART_AdvFeatureConfig)
    UART_CheckIdleState                      0x0800a90d   Thumb Code   234  stm32h7xx_hal_uart.o(i.UART_CheckIdleState)
    UART_SetConfig                           0x0800b24d   Thumb Code  1402  stm32h7xx_hal_uart.o(i.UART_SetConfig)
    UART_Start_Receive_DMA                   0x0800b7d9   Thumb Code   186  stm32h7xx_hal_uart.o(i.UART_Start_Receive_DMA)
    UART_Start_Receive_IT                    0x0800b8a1   Thumb Code   332  stm32h7xx_hal_uart.o(i.UART_Start_Receive_IT)
    UART_WaitOnFlagUntilTimeout              0x0800b9fd   Thumb Code   172  stm32h7xx_hal_uart.o(i.UART_WaitOnFlagUntilTimeout)
    USART1_IRQHandler                        0x0800baa9   Thumb Code    36  stm32h7xx_it.o(i.USART1_IRQHandler)
    USART2_IRQHandler                        0x0800bad1   Thumb Code    10  stm32h7xx_it.o(i.USART2_IRQHandler)
    UsageFault_Handler                       0x0800bae1   Thumb Code     4  stm32h7xx_it.o(i.UsageFault_Handler)
    __ARM_fpclassify                         0x0800bae5   Thumb Code    48  fpclassify.o(i.__ARM_fpclassify)
    __ARM_fpclassifyf                        0x0800bb15   Thumb Code    38  fpclassifyf.o(i.__ARM_fpclassifyf)
    __hardfp___mathlib_tofloat               0x0800bb79   Thumb Code   232  narrow.o(i.__hardfp___mathlib_tofloat)
    __hardfp_atan2f                          0x0800bc71   Thumb Code   594  atan2f.o(i.__hardfp_atan2f)
    __hardfp_cosf                            0x0800bf1d   Thumb Code   280  cosf.o(i.__hardfp_cosf)
    __hardfp_fabs                            0x0800c06d   Thumb Code    20  fabs.o(i.__hardfp_fabs)
    __hardfp_ldexp                           0x0800c081   Thumb Code   200  ldexp.o(i.__hardfp_ldexp)
    __hardfp_sinf                            0x0800c151   Thumb Code   344  sinf.o(i.__hardfp_sinf)
    __hardfp_sqrt                            0x0800c2e1   Thumb Code   122  sqrt.o(i.__hardfp_sqrt)
    __mathlib_dbl_overflow                   0x0800c361   Thumb Code    24  dunder.o(i.__mathlib_dbl_overflow)
    __mathlib_dbl_underflow                  0x0800c381   Thumb Code    24  dunder.o(i.__mathlib_dbl_underflow)
    __mathlib_flt_infnan                     0x0800c3a1   Thumb Code     6  funder.o(i.__mathlib_flt_infnan)
    __mathlib_flt_infnan2                    0x0800c3a7   Thumb Code     6  funder.o(i.__mathlib_flt_infnan2)
    __mathlib_flt_invalid                    0x0800c3ad   Thumb Code    10  funder.o(i.__mathlib_flt_invalid)
    __mathlib_flt_underflow                  0x0800c3bd   Thumb Code    10  funder.o(i.__mathlib_flt_underflow)
    __mathlib_narrow                         0x0800c3cd   Thumb Code    18  narrow.o(i.__mathlib_narrow)
    __mathlib_rredf2                         0x0800c3e1   Thumb Code   316  rredf.o(i.__mathlib_rredf2)
    __support_ldexp                          0x0800c535   Thumb Code    20  ldexp.o(i.__support_ldexp)
    _is_digit                                0x0800c549   Thumb Code    14  __printf_wp.o(i._is_digit)
    calculate_target_speeds                  0x0800c559   Thumb Code   108  xbox.o(i.calculate_target_speeds)
    data_Integer_calculate                   0x0800c5d5   Thumb Code    40  algorithm.o(i.data_Integer_calculate)
    ferror                                   0x0800c5fd   Thumb Code     6  usart.o(i.ferror)
    fputc                                    0x0800c605   Thumb Code    22  usart.o(i.fputc)
    frexp                                    0x0800c621   Thumb Code   118  frexp.o(i.frexp)
    main                                     0x0800c6ad   Thumb Code   230  main.o(i.main)
    map                                      0x0800c7c9   Thumb Code    30  xbox.o(i.map)
    pvPortMalloc                             0x0800cca5   Thumb Code   288  heap_4.o(i.pvPortMalloc)
    pxPortInitialiseStack                    0x0800cdd9   Thumb Code    38  port.o(i.pxPortInitialiseStack)
    uxListRemove                             0x0800ce05   Thumb Code    40  list.o(i.uxListRemove)
    vListInitialise                          0x0800ce2d   Thumb Code    26  list.o(i.vListInitialise)
    vListInitialiseItem                      0x0800ce47   Thumb Code     6  list.o(i.vListInitialiseItem)
    vListInsert                              0x0800ce4d   Thumb Code    52  list.o(i.vListInsert)
    vListInsertEnd                           0x0800ce81   Thumb Code    24  list.o(i.vListInsertEnd)
    vPortEnterCritical                       0x0800ce99   Thumb Code    84  port.o(i.vPortEnterCritical)
    vPortExitCritical                        0x0800cef5   Thumb Code    60  port.o(i.vPortExitCritical)
    vPortFree                                0x0800cf35   Thumb Code   140  heap_4.o(i.vPortFree)
    vPortSetupTimerInterrupt                 0x0800cfc9   Thumb Code    36  port.o(i.vPortSetupTimerInterrupt)
    vTaskDelay                               0x0800cff1   Thumb Code    86  tasks.o(i.vTaskDelay)
    vTaskDelete                              0x0800d051   Thumb Code   214  tasks.o(i.vTaskDelete)
    vTaskStartScheduler                      0x0800d151   Thumb Code   120  tasks.o(i.vTaskStartScheduler)
    vTaskSuspendAll                          0x0800d1e9   Thumb Code    12  tasks.o(i.vTaskSuspendAll)
    vTaskSwitchContext                       0x0800d1f9   Thumb Code   122  tasks.o(i.vTaskSwitchContext)
    xPortStartScheduler                      0x0800d289   Thumb Code   252  port.o(i.xPortStartScheduler)
    xPortSysTickHandler                      0x0800d39d   Thumb Code    50  port.o(i.xPortSysTickHandler)
    xTaskCreate                              0x0800d3d5   Thumb Code   104  tasks.o(i.xTaskCreate)
    xTaskDelayUntil                          0x0800d43d   Thumb Code   214  tasks.o(i.xTaskDelayUntil)
    xTaskGetSchedulerState                   0x0800d521   Thumb Code    24  tasks.o(i.xTaskGetSchedulerState)
    xTaskGetTickCount                        0x0800d541   Thumb Code     6  tasks.o(i.xTaskGetTickCount)
    xTaskIncrementTick                       0x0800d54d   Thumb Code   402  tasks.o(i.xTaskIncrementTick)
    xTaskResumeAll                           0x0800d70d   Thumb Code   342  tasks.o(i.xTaskResumeAll)
    _get_lc_numeric                          0x0800d889   Thumb Code    44  lc_numeric_c.o(locale$$code)
    _get_lc_ctype                            0x0800d8b5   Thumb Code    44  lc_ctype_c.o(locale$$code)
    __aeabi_d2f                              0x0800d8e1   Thumb Code     0  d2f.o(x$fpl$d2f)
    _d2f                                     0x0800d8e1   Thumb Code    98  d2f.o(x$fpl$d2f)
    __aeabi_dadd                             0x0800d945   Thumb Code     0  daddsub_clz.o(x$fpl$dadd)
    _dadd                                    0x0800d945   Thumb Code   332  daddsub_clz.o(x$fpl$dadd)
    __fpl_dcheck_NaN1                        0x0800da95   Thumb Code    10  dcheck1.o(x$fpl$dcheck1)
    __fpl_dcmp_Inf                           0x0800daa5   Thumb Code    24  dcmpi.o(x$fpl$dcmpinf)
    __aeabi_cdcmpeq                          0x0800dabd   Thumb Code     0  deqf.o(x$fpl$deqf)
    _dcmpeq                                  0x0800dabd   Thumb Code   120  deqf.o(x$fpl$deqf)
    __aeabi_i2d                              0x0800db35   Thumb Code     0  dflt_clz.o(x$fpl$dflt)
    _dflt                                    0x0800db35   Thumb Code    46  dflt_clz.o(x$fpl$dflt)
    __aeabi_cdcmple                          0x0800db65   Thumb Code     0  dleqf.o(x$fpl$dleqf)
    _dcmple                                  0x0800db65   Thumb Code   120  dleqf.o(x$fpl$dleqf)
    __fpl_dcmple_InfNaN                      0x0800dbc7   Thumb Code     0  dleqf.o(x$fpl$dleqf)
    __aeabi_dmul                             0x0800dbdd   Thumb Code     0  dmul.o(x$fpl$dmul)
    _dmul                                    0x0800dbdd   Thumb Code   332  dmul.o(x$fpl$dmul)
    __fpl_dnaninf                            0x0800dd31   Thumb Code   156  dnaninf.o(x$fpl$dnaninf)
    __fpl_dretinf                            0x0800ddcd   Thumb Code    12  dretinf.o(x$fpl$dretinf)
    __aeabi_cdrcmple                         0x0800ddd9   Thumb Code     0  drleqf.o(x$fpl$drleqf)
    _drcmple                                 0x0800ddd9   Thumb Code   108  drleqf.o(x$fpl$drleqf)
    _dsqrt                                   0x0800de45   Thumb Code   404  dsqrt_umaal.o(x$fpl$dsqrt)
    __aeabi_dsub                             0x0800dfdd   Thumb Code     0  daddsub_clz.o(x$fpl$dsub)
    _dsub                                    0x0800dfdd   Thumb Code   464  daddsub_clz.o(x$fpl$dsub)
    __aeabi_f2d                              0x0800e1b1   Thumb Code     0  f2d.o(x$fpl$f2d)
    _f2d                                     0x0800e1b1   Thumb Code    86  f2d.o(x$fpl$f2d)
    __fpl_fnaninf                            0x0800e207   Thumb Code   140  fnaninf.o(x$fpl$fnaninf)
    _fp_init                                 0x0800e293   Thumb Code    10  fpinit.o(x$fpl$fpinit)
    __fplib_config_fpu_vfp                   0x0800e29b   Thumb Code     0  fpinit.o(x$fpl$fpinit)
    __fplib_config_pureend_doubles           0x0800e29b   Thumb Code     0  fpinit.o(x$fpl$fpinit)
    __fpl_fretinf                            0x0800e29d   Thumb Code    10  fretinf.o(x$fpl$fretinf)
    __ieee_status                            0x0800e2a7   Thumb Code     6  istatus.o(x$fpl$ieeestatus)
    _printf_fp_dec                           0x0800e2ad   Thumb Code     4  printf1.o(x$fpl$printf1)
    __fpl_return_NaN                         0x0800e2b1   Thumb Code   100  retnan.o(x$fpl$retnan)
    __ARM_scalbn                             0x0800e315   Thumb Code    92  scalbn.o(x$fpl$scalbn)
    _scanf_real                              0x0800e371   Thumb Code     4  scanf1.o(x$fpl$scanf1)
    _scanf_hex_real                          0x0800e375   Thumb Code     4  scanf2.o(x$fpl$scanf2)
    _scanf_infnan                            0x0800e379   Thumb Code     4  scanf2.o(x$fpl$scanf2)
    __fpl_cmpreturn                          0x0800e37d   Thumb Code    48  trapv.o(x$fpl$trapveneer)
    __I$use$fp                               0x0800e3ac   Number         0  usenofp.o(x$fpl$usenofp)
    UARTPrescTable                           0x0800e3b4   Data          24  stm32h7xx_hal_uart.o(.constdata)
    D1CorePrescTable                         0x0800e3dc   Data          16  system_stm32h7xx.o(.constdata)
    Region$$Table$$Base                      0x0800e4a0   Number         0  anon$$obj.o(Region$$Table)
    Region$$Table$$Limit                     0x0800e4c0   Number         0  anon$$obj.o(Region$$Table)
    __aeabi_HUGE_VAL                         0x0800e4c0   Data           0  fpconst.o(c$$dinf)
    __aeabi_HUGE_VALL                        0x0800e4c0   Data           0  fpconst.o(c$$dinf)
    __aeabi_INFINITY                         0x0800e4c0   Data           0  fpconst.o(c$$dinf)
    __dInf                                   0x0800e4c0   Data           0  fpconst.o(c$$dinf)
    __huge_val                               0x0800e4c0   Data           0  fpconst.o(c$$dinf)
    __dbl_max                                0x0800e4c8   Data           0  fpconst.o(c$$dmax)
    __ctype                                  0x0800e4f9   Data           0  lc_ctype_c.o(locale$$data)
    uwTick                                   0x24000000   Data           4  stm32h7xx_hal.o(.data)
    uwTickPrio                               0x24000004   Data           4  stm32h7xx_hal.o(.data)
    uwTickFreq                               0x24000008   Data           1  stm32h7xx_hal.o(.data)
    SystemCoreClock                          0x2400000c   Data           4  system_stm32h7xx.o(.data)
    SystemD2Clock                            0x24000010   Data           4  system_stm32h7xx.o(.data)
    pxCurrentTCB                             0x24000014   Data           4  tasks.o(.data)
    uxTopUsedPriority                        0x2400004c   Data           4  tasks.o(.data)
    command1                                 0x2400007c   Data           5  main.o(.data)
    command2                                 0x24000081   Data           5  main.o(.data)
    command3                                 0x24000086   Data           5  main.o(.data)
    command4                                 0x2400008b   Data           5  main.o(.data)
    __stdout                                 0x24000090   Data           4  usart.o(.data)
    imurxflag                                0x24000094   Data           1  jy901s.o(.data)
    imurxsize                                0x24000095   Data           1  jy901s.o(.data)
    XboxData                                 0x24000096   Data           8  xbox.o(.data)
    positionflag                             0x240000a0   Data           1  pid.o(.data)
    current                                  0x240000a4   Data           4  pid.o(.data)
    xset                                     0x240000a8   Data           4  pid.o(.data)
    yset                                     0x240000ac   Data           4  pid.o(.data)
    temp                                     0x240000b0   Data           4  pid.o(.data)
    rescue_car_start_handle                  0x240000b4   Data           4  rescue_car.o(.data)
    data_task_handle                         0x240000b8   Data           4  rescue_car.o(.data)
    control_task_handle                      0x240000bc   Data           4  rescue_car.o(.data)
    show_task_handle                         0x240000c0   Data           4  rescue_car.o(.data)
    debug_task_handle                        0x240000c4   Data           4  rescue_car.o(.data)
    enl                                      0x240000c8   Data           2  rescue_car.o(.data)
    enr                                      0x240000ca   Data           2  rescue_car.o(.data)
    linear_speed                             0x240000cc   Data           4  rescue_car.o(.data)
    accspeed                                 0x240000d0   Data           4  rescue_car.o(.data)
    x                                        0x240000d4   Data           4  rescue_car.o(.data)
    y                                        0x240000d8   Data           4  rescue_car.o(.data)
    pwm_l                                    0x240000dc   Data           4  rescue_car.o(.data)
    pwm_r                                    0x240000e0   Data           4  rescue_car.o(.data)
    debugflag                                0x240000e4   Data           1  rescue_car.o(.data)
    xUART8                                   0x240051d8   Data         178  main.o(.bss)
    htim1                                    0x2400528c   Data          76  tim.o(.bss)
    htim2                                    0x240052d8   Data          76  tim.o(.bss)
    htim3                                    0x24005324   Data          76  tim.o(.bss)
    htim4                                    0x24005370   Data          76  tim.o(.bss)
    htim16                                   0x240053bc   Data          76  tim.o(.bss)
    htim17                                   0x24005408   Data          76  tim.o(.bss)
    huart5                                   0x24005454   Data         148  usart.o(.bss)
    huart8                                   0x240054e8   Data         148  usart.o(.bss)
    huart1                                   0x2400557c   Data         148  usart.o(.bss)
    huart2                                   0x24005610   Data         148  usart.o(.bss)
    hdma_uart5_rx                            0x240056a4   Data         120  usart.o(.bss)
    hdma_uart8_rx                            0x2400571c   Data         120  usart.o(.bss)
    hdma_usart1_rx                           0x24005794   Data         120  usart.o(.bss)
    hdma_usart2_rx                           0x2400580c   Data         120  usart.o(.bss)
    htim5                                    0x24005884   Data          76  stm32h7xx_hal_timebase_tim.o(.bss)
    imu_buffer                               0x240058d0   Data         100  jy901s.o(.bss)
    jytempdata                               0x24005934   Data          44  jy901s.o(.bss)
    initdata                                 0x24005960   Data          18  jy901s.o(.bss)
    angle                                    0x24005978   Data          72  rescue_car.o(.bss)
    velocity_pid                             0x240059c0   Data          32  rescue_car.o(.bss)
    gyro_pid                                 0x240059e0   Data          32  rescue_car.o(.bss)
    turn_pid                                 0x24005a00   Data          32  rescue_car.o(.bss)
    position_pid                             0x24005a20   Data          32  rescue_car.o(.bss)
    debugrxdata                              0x24005a40   Data          30  rescue_car.o(.bss)
    __libspace_start                         0x24005a60   Data          96  libspace.o(.bss)
    __temporary_stack_top$libspace           0x24005ac0   Data           0  libspace.o(.bss)



==============================================================================

Memory Map of the image

  Image Entry point : 0x08000299

  Load Region LR_IROM1 (Base: 0x08000000, Size: 0x0000e6e4, Max: 0x00020000, ABSOLUTE)

    Execution Region ER_IROM1 (Exec base: 0x08000000, Load base: 0x08000000, Size: 0x0000e5fc, Max: 0x00020000, ABSOLUTE)

    Exec Addr    Load Addr    Size         Type   Attr      Idx    E Section Name        Object

    0x08000000   0x08000000   0x00000298   Data   RO            3    RESET               startup_stm32h750xx.o
    0x08000298   0x08000298   0x00000008   Code   RO         6329  * !!!main             c_w.l(__main.o)
    0x080002a0   0x080002a0   0x00000034   Code   RO         6785    !!!scatter          c_w.l(__scatter.o)
    0x080002d4   0x080002d4   0x0000001a   Code   RO         6787    !!handler_copy      c_w.l(__scatter_copy.o)
    0x080002ee   0x080002ee   0x00000002   PAD
    0x080002f0   0x080002f0   0x0000001c   Code   RO         6789    !!handler_zi        c_w.l(__scatter_zi.o)
    0x0800030c   0x0800030c   0x00000000   Code   RO         6308    .ARM.Collect$$_printf_percent$$00000000  c_w.l(_printf_percent.o)
    0x0800030c   0x0800030c   0x00000006   Code   RO         6307    .ARM.Collect$$_printf_percent$$00000003  c_w.l(_printf_f.o)
    0x08000312   0x08000312   0x00000004   Code   RO         6448    .ARM.Collect$$_printf_percent$$00000017  c_w.l(_printf_percent_end.o)
    0x08000316   0x08000316   0x00000002   Code   RO         6621    .ARM.Collect$$libinit$$00000000  c_w.l(libinit.o)
    0x08000318   0x08000318   0x00000004   Code   RO         6622    .ARM.Collect$$libinit$$00000001  c_w.l(libinit2.o)
    0x0800031c   0x0800031c   0x00000000   Code   RO         6625    .ARM.Collect$$libinit$$00000004  c_w.l(libinit2.o)
    0x0800031c   0x0800031c   0x00000000   Code   RO         6628    .ARM.Collect$$libinit$$0000000A  c_w.l(libinit2.o)
    0x0800031c   0x0800031c   0x00000000   Code   RO         6630    .ARM.Collect$$libinit$$0000000C  c_w.l(libinit2.o)
    0x0800031c   0x0800031c   0x00000000   Code   RO         6632    .ARM.Collect$$libinit$$0000000E  c_w.l(libinit2.o)
    0x0800031c   0x0800031c   0x00000006   Code   RO         6633    .ARM.Collect$$libinit$$0000000F  c_w.l(libinit2.o)
    0x08000322   0x08000322   0x00000000   Code   RO         6635    .ARM.Collect$$libinit$$00000011  c_w.l(libinit2.o)
    0x08000322   0x08000322   0x0000000c   Code   RO         6636    .ARM.Collect$$libinit$$00000012  c_w.l(libinit2.o)
    0x0800032e   0x0800032e   0x00000000   Code   RO         6637    .ARM.Collect$$libinit$$00000013  c_w.l(libinit2.o)
    0x0800032e   0x0800032e   0x00000000   Code   RO         6639    .ARM.Collect$$libinit$$00000015  c_w.l(libinit2.o)
    0x0800032e   0x0800032e   0x0000000a   Code   RO         6640    .ARM.Collect$$libinit$$00000016  c_w.l(libinit2.o)
    0x08000338   0x08000338   0x00000000   Code   RO         6641    .ARM.Collect$$libinit$$00000017  c_w.l(libinit2.o)
    0x08000338   0x08000338   0x00000000   Code   RO         6643    .ARM.Collect$$libinit$$00000019  c_w.l(libinit2.o)
    0x08000338   0x08000338   0x00000000   Code   RO         6645    .ARM.Collect$$libinit$$0000001B  c_w.l(libinit2.o)
    0x08000338   0x08000338   0x00000000   Code   RO         6647    .ARM.Collect$$libinit$$0000001D  c_w.l(libinit2.o)
    0x08000338   0x08000338   0x00000000   Code   RO         6649    .ARM.Collect$$libinit$$0000001F  c_w.l(libinit2.o)
    0x08000338   0x08000338   0x00000000   Code   RO         6651    .ARM.Collect$$libinit$$00000021  c_w.l(libinit2.o)
    0x08000338   0x08000338   0x00000000   Code   RO         6653    .ARM.Collect$$libinit$$00000023  c_w.l(libinit2.o)
    0x08000338   0x08000338   0x00000000   Code   RO         6655    .ARM.Collect$$libinit$$00000025  c_w.l(libinit2.o)
    0x08000338   0x08000338   0x00000000   Code   RO         6659    .ARM.Collect$$libinit$$0000002C  c_w.l(libinit2.o)
    0x08000338   0x08000338   0x00000000   Code   RO         6661    .ARM.Collect$$libinit$$0000002E  c_w.l(libinit2.o)
    0x08000338   0x08000338   0x00000000   Code   RO         6663    .ARM.Collect$$libinit$$00000030  c_w.l(libinit2.o)
    0x08000338   0x08000338   0x00000000   Code   RO         6665    .ARM.Collect$$libinit$$00000032  c_w.l(libinit2.o)
    0x08000338   0x08000338   0x00000002   Code   RO         6666    .ARM.Collect$$libinit$$00000033  c_w.l(libinit2.o)
    0x0800033a   0x0800033a   0x00000002   Code   RO         6748    .ARM.Collect$$libshutdown$$00000000  c_w.l(libshutdown.o)
    0x0800033c   0x0800033c   0x00000000   Code   RO         6766    .ARM.Collect$$libshutdown$$00000002  c_w.l(libshutdown2.o)
    0x0800033c   0x0800033c   0x00000000   Code   RO         6768    .ARM.Collect$$libshutdown$$00000004  c_w.l(libshutdown2.o)
    0x0800033c   0x0800033c   0x00000000   Code   RO         6770    .ARM.Collect$$libshutdown$$00000006  c_w.l(libshutdown2.o)
    0x0800033c   0x0800033c   0x00000000   Code   RO         6773    .ARM.Collect$$libshutdown$$00000009  c_w.l(libshutdown2.o)
    0x0800033c   0x0800033c   0x00000000   Code   RO         6776    .ARM.Collect$$libshutdown$$0000000C  c_w.l(libshutdown2.o)
    0x0800033c   0x0800033c   0x00000000   Code   RO         6778    .ARM.Collect$$libshutdown$$0000000E  c_w.l(libshutdown2.o)
    0x0800033c   0x0800033c   0x00000000   Code   RO         6781    .ARM.Collect$$libshutdown$$00000011  c_w.l(libshutdown2.o)
    0x0800033c   0x0800033c   0x00000002   Code   RO         6782    .ARM.Collect$$libshutdown$$00000012  c_w.l(libshutdown2.o)
    0x0800033e   0x0800033e   0x00000000   Code   RO         6429    .ARM.Collect$$rtentry$$00000000  c_w.l(__rtentry.o)
    0x0800033e   0x0800033e   0x00000000   Code   RO         6511    .ARM.Collect$$rtentry$$00000002  c_w.l(__rtentry2.o)
    0x0800033e   0x0800033e   0x00000006   Code   RO         6523    .ARM.Collect$$rtentry$$00000004  c_w.l(__rtentry4.o)
    0x08000344   0x08000344   0x00000000   Code   RO         6513    .ARM.Collect$$rtentry$$00000009  c_w.l(__rtentry2.o)
    0x08000344   0x08000344   0x00000004   Code   RO         6514    .ARM.Collect$$rtentry$$0000000A  c_w.l(__rtentry2.o)
    0x08000348   0x08000348   0x00000000   Code   RO         6516    .ARM.Collect$$rtentry$$0000000C  c_w.l(__rtentry2.o)
    0x08000348   0x08000348   0x00000008   Code   RO         6517    .ARM.Collect$$rtentry$$0000000D  c_w.l(__rtentry2.o)
    0x08000350   0x08000350   0x00000002   Code   RO         6677    .ARM.Collect$$rtexit$$00000000  c_w.l(rtexit.o)
    0x08000352   0x08000352   0x00000000   Code   RO         6717    .ARM.Collect$$rtexit$$00000002  c_w.l(rtexit2.o)
    0x08000352   0x08000352   0x00000004   Code   RO         6718    .ARM.Collect$$rtexit$$00000003  c_w.l(rtexit2.o)
    0x08000356   0x08000356   0x00000006   Code   RO         6719    .ARM.Collect$$rtexit$$00000004  c_w.l(rtexit2.o)
    0x0800035c   0x0800035c   0x000000c2   Code   RO         5224    .emb_text           port.o
    0x0800041e   0x0800041e   0x00000002   PAD
    0x08000420   0x08000420   0x00000048   Code   RO            4    .text               startup_stm32h750xx.o
    0x08000468   0x08000468   0x000000ee   Code   RO         6269    .text               c_w.l(lludivv7m.o)
    0x08000556   0x08000556   0x00000002   PAD
    0x08000558   0x08000558   0x00000018   Code   RO         6275    .text               c_w.l(noretval__2printf.o)
    0x08000570   0x08000570   0x0000010e   Code   RO         6293    .text               c_w.l(__printf_wp.o)
    0x0800067e   0x0800067e   0x00000002   PAD
    0x08000680   0x08000680   0x0000003c   Code   RO         6309    .text               c_w.l(__0sscanf.o)
    0x080006bc   0x080006bc   0x0000008a   Code   RO         6315    .text               c_w.l(rt_memcpy_v6.o)
    0x08000746   0x08000746   0x00000064   Code   RO         6317    .text               c_w.l(rt_memcpy_w.o)
    0x080007aa   0x080007aa   0x00000010   Code   RO         6321    .text               c_w.l(aeabi_memset.o)
    0x080007ba   0x080007ba   0x00000044   Code   RO         6323    .text               c_w.l(rt_memclr.o)
    0x080007fe   0x080007fe   0x0000004e   Code   RO         6325    .text               c_w.l(rt_memclr_w.o)
    0x0800084c   0x0800084c   0x00000006   Code   RO         6327    .text               c_w.l(heapauxi.o)
    0x08000852   0x08000852   0x00000016   Code   RO         6434    .text               c_w.l(_rserrno.o)
    0x08000868   0x08000868   0x0000041e   Code   RO         6438    .text               c_w.l(_printf_fp_dec.o)
    0x08000c86   0x08000c86   0x00000002   PAD
    0x08000c88   0x08000c88   0x00000030   Code   RO         6440    .text               c_w.l(_printf_char_common.o)
    0x08000cb8   0x08000cb8   0x00000024   Code   RO         6446    .text               c_w.l(_printf_char_file.o)
    0x08000cdc   0x08000cdc   0x000004f8   Code   RO         6449    .text               c_w.l(scanf_fp.o)
    0x080011d4   0x080011d4   0x0000002c   Code   RO         6451    .text               c_w.l(scanf_char.o)
    0x08001200   0x08001200   0x00000040   Code   RO         6453    .text               c_w.l(_sgetc.o)
    0x08001240   0x08001240   0x00000008   Code   RO         6530    .text               c_w.l(rt_locale_intlibspace.o)
    0x08001248   0x08001248   0x00000008   Code   RO         6535    .text               c_w.l(rt_errno_addr_intlibspace.o)
    0x08001250   0x08001250   0x0000008a   Code   RO         6537    .text               c_w.l(lludiv10.o)
    0x080012da   0x080012da   0x00000012   Code   RO         6539    .text               c_w.l(isspace.o)
    0x080012ec   0x080012ec   0x00000080   Code   RO         6541    .text               c_w.l(_printf_fp_infnan.o)
    0x0800136c   0x0800136c   0x00000374   Code   RO         6545    .text               c_w.l(_scanf.o)
    0x080016e0   0x080016e0   0x000000e4   Code   RO         6547    .text               c_w.l(bigflt0.o)
    0x080017c4   0x080017c4   0x00000008   Code   RO         6597    .text               c_w.l(libspace.o)
    0x080017cc   0x080017cc   0x0000004a   Code   RO         6600    .text               c_w.l(sys_stackheap_outer.o)
    0x08001816   0x08001816   0x00000002   PAD
    0x08001818   0x08001818   0x00000010   Code   RO         6602    .text               c_w.l(rt_ctype_table.o)
    0x08001828   0x08001828   0x00000320   Code   RO         6604    .text               c_w.l(scanf_hexfp.o)
    0x08001b48   0x08001b48   0x00000134   Code   RO         6606    .text               c_w.l(scanf_infnan.o)
    0x08001c7c   0x08001c7c   0x00000012   Code   RO         6608    .text               c_w.l(exit.o)
    0x08001c8e   0x08001c8e   0x00000002   PAD
    0x08001c90   0x08001c90   0x00000068   Code   RO         6614    .text               c_w.l(strcmpv7m_pel.o)
    0x08001cf8   0x08001cf8   0x00000026   Code   RO         6681    .text               c_w.l(llshl.o)
    0x08001d1e   0x08001d1e   0x0000001c   Code   RO         6683    .text               c_w.l(_chval.o)
    0x08001d3a   0x08001d3a   0x00000002   PAD
    0x08001d3c   0x08001d3c   0x0000000c   Code   RO         6714    .text               c_w.l(sys_exit.o)
    0x08001d48   0x08001d48   0x00000002   Code   RO         6735    .text               c_w.l(use_no_semi.o)
    0x08001d4a   0x08001d4a   0x00000000   Code   RO         6737    .text               c_w.l(indicate_semi.o)
    0x08001d4a   0x08001d4a   0x0000003e   Code   RO         6550    CL$$btod_d2e        c_w.l(btod.o)
    0x08001d88   0x08001d88   0x00000046   Code   RO         6552    CL$$btod_d2e_denorm_low  c_w.l(btod.o)
    0x08001dce   0x08001dce   0x00000060   Code   RO         6551    CL$$btod_d2e_norm_op1  c_w.l(btod.o)
    0x08001e2e   0x08001e2e   0x00000338   Code   RO         6560    CL$$btod_div_common  c_w.l(btod.o)
    0x08002166   0x08002166   0x00000002   PAD
    0x08002168   0x08002168   0x00000084   Code   RO         6558    CL$$btod_e2d        c_w.l(btod.o)
    0x080021ec   0x080021ec   0x000000dc   Code   RO         6557    CL$$btod_e2e        c_w.l(btod.o)
    0x080022c8   0x080022c8   0x0000002a   Code   RO         6554    CL$$btod_ediv       c_w.l(btod.o)
    0x080022f2   0x080022f2   0x0000002a   Code   RO         6556    CL$$btod_edivd      c_w.l(btod.o)
    0x0800231c   0x0800231c   0x0000002a   Code   RO         6553    CL$$btod_emul       c_w.l(btod.o)
    0x08002346   0x08002346   0x0000002a   Code   RO         6555    CL$$btod_emuld      c_w.l(btod.o)
    0x08002370   0x08002370   0x00000244   Code   RO         6559    CL$$btod_mult_common  c_w.l(btod.o)
    0x080025b4   0x080025b4   0x00000004   Code   RO         5695    i.BusFault_Handler  stm32h7xx_it.o
    0x080025b8   0x080025b8   0x000001dc   Code   RO         6193    i.Control_Task      rescue_car.o
    0x08002794   0x08002794   0x00000010   Code   RO         5696    i.DMA1_Stream0_IRQHandler  stm32h7xx_it.o
    0x080027a4   0x080027a4   0x00000010   Code   RO         5697    i.DMA1_Stream1_IRQHandler  stm32h7xx_it.o
    0x080027b4   0x080027b4   0x00000010   Code   RO         5698    i.DMA1_Stream2_IRQHandler  stm32h7xx_it.o
    0x080027c4   0x080027c4   0x00000010   Code   RO         5699    i.DMA1_Stream3_IRQHandler  stm32h7xx_it.o
    0x080027d4   0x080027d4   0x000000ec   Code   RO         2001    i.DMA_CalcBaseAndBitshift  stm32h7xx_hal_dma.o
    0x080028c0   0x080028c0   0x000000c4   Code   RO         2002    i.DMA_CalcDMAMUXChannelBaseAndMask  stm32h7xx_hal_dma.o
    0x08002984   0x08002984   0x00000098   Code   RO         2003    i.DMA_CalcDMAMUXRequestGenBaseAndMask  stm32h7xx_hal_dma.o
    0x08002a1c   0x08002a1c   0x000000ae   Code   RO         2004    i.DMA_CheckFifoParam  stm32h7xx_hal_dma.o
    0x08002aca   0x08002aca   0x00000002   PAD
    0x08002acc   0x08002acc   0x00000274   Code   RO         2005    i.DMA_SetConfig     stm32h7xx_hal_dma.o
    0x08002d40   0x08002d40   0x00000060   Code   RO         6194    i.Data_Task         rescue_car.o
    0x08002da0   0x08002da0   0x00000002   Code   RO         5700    i.DebugMon_Handler  stm32h7xx_it.o
    0x08002da2   0x08002da2   0x00000002   PAD
    0x08002da4   0x08002da4   0x0000019c   Code   RO         6195    i.Debug_Task        rescue_car.o
    0x08002f40   0x08002f40   0x00000006   Code   RO         5346    i.Error_Handler     main.o
    0x08002f46   0x08002f46   0x00000002   PAD
    0x08002f48   0x08002f48   0x00000024   Code   RO         4166    i.ExitRun0Mode      system_stm32h7xx.o
    0x08002f6c   0x08002f6c   0x00000100   Code   RO         6002    i.Get_Data_Xbox     xbox.o
    0x0800306c   0x0800306c   0x00000030   Code   RO         5901    i.Get_Encoder       encoder.o
    0x0800309c   0x0800309c   0x00000058   Code   RO         6150    i.Get_LinearSpeed   position.o
    0x080030f4   0x080030f4   0x00000118   Code   RO         6151    i.Get_Position      position.o
    0x0800320c   0x0800320c   0x000004dc   Code   RO         2006    i.HAL_DMA_Abort     stm32h7xx_hal_dma.o
    0x080036e8   0x080036e8   0x00000398   Code   RO         2007    i.HAL_DMA_Abort_IT  stm32h7xx_hal_dma.o
    0x08003a80   0x08003a80   0x00000af8   Code   RO         2011    i.HAL_DMA_IRQHandler  stm32h7xx_hal_dma.o
    0x08004578   0x08004578   0x00000520   Code   RO         2012    i.HAL_DMA_Init      stm32h7xx_hal_dma.o
    0x08004a98   0x08004a98   0x000003e0   Code   RO         2016    i.HAL_DMA_Start_IT  stm32h7xx_hal_dma.o
    0x08004e78   0x08004e78   0x00000028   Code   RO         2715    i.HAL_Delay         stm32h7xx_hal.o
    0x08004ea0   0x08004ea0   0x000001fc   Code   RO         1854    i.HAL_GPIO_Init     stm32h7xx_hal_gpio.o
    0x0800509c   0x0800509c   0x0000000c   Code   RO         1858    i.HAL_GPIO_WritePin  stm32h7xx_hal_gpio.o
    0x080050a8   0x080050a8   0x0000000c   Code   RO         2726    i.HAL_GetREVID      stm32h7xx_hal.o
    0x080050b4   0x080050b4   0x0000000c   Code   RO         2727    i.HAL_GetTick       stm32h7xx_hal.o
    0x080050c0   0x080050c0   0x00000018   Code   RO         2733    i.HAL_IncTick       stm32h7xx_hal.o
    0x080050d8   0x080050d8   0x00000060   Code   RO         2734    i.HAL_Init          stm32h7xx_hal.o
    0x08005138   0x08005138   0x000000a0   Code   RO         5835    i.HAL_InitTick      stm32h7xx_hal_timebase_tim.o
    0x080051d8   0x080051d8   0x0000005c   Code   RO         1144    i.HAL_MPU_ConfigRegion  stm32h7xx_hal_cortex.o
    0x08005234   0x08005234   0x0000002c   Code   RO         1145    i.HAL_MPU_Disable   stm32h7xx_hal_cortex.o
    0x08005260   0x08005260   0x00000040   Code   RO         1147    i.HAL_MPU_Enable    stm32h7xx_hal_cortex.o
    0x080052a0   0x080052a0   0x00000030   Code   RO         5811    i.HAL_MspInit       stm32h7xx_hal_msp.o
    0x080052d0   0x080052d0   0x00000028   Code   RO         1151    i.HAL_NVIC_EnableIRQ  stm32h7xx_hal_cortex.o
    0x080052f8   0x080052f8   0x0000007a   Code   RO         1157    i.HAL_NVIC_SetPriority  stm32h7xx_hal_cortex.o
    0x08005372   0x08005372   0x00000002   PAD
    0x08005374   0x08005374   0x00000028   Code   RO         1158    i.HAL_NVIC_SetPriorityGrouping  stm32h7xx_hal_cortex.o
    0x0800539c   0x0800539c   0x00000060   Code   RO         2455    i.HAL_PWREx_ConfigSupply  stm32h7xx_hal_pwr_ex.o
    0x080053fc   0x080053fc   0x00000024   Code   RO         1417    i.HAL_RCCEx_GetD3PCLK1Freq  stm32h7xx_hal_rcc_ex.o
    0x08005420   0x08005420   0x00000230   Code   RO         1419    i.HAL_RCCEx_GetPLL2ClockFreq  stm32h7xx_hal_rcc_ex.o
    0x08005650   0x08005650   0x00000230   Code   RO         1420    i.HAL_RCCEx_GetPLL3ClockFreq  stm32h7xx_hal_rcc_ex.o
    0x08005880   0x08005880   0x00000d68   Code   RO         1426    i.HAL_RCCEx_PeriphCLKConfig  stm32h7xx_hal_rcc_ex.o
    0x080065e8   0x080065e8   0x00000320   Code   RO         1302    i.HAL_RCC_ClockConfig  stm32h7xx_hal_rcc.o
    0x08006908   0x08006908   0x0000006c   Code   RO         1306    i.HAL_RCC_GetClockConfig  stm32h7xx_hal_rcc.o
    0x08006974   0x08006974   0x0000004c   Code   RO         1307    i.HAL_RCC_GetHCLKFreq  stm32h7xx_hal_rcc.o
    0x080069c0   0x080069c0   0x00000024   Code   RO         1309    i.HAL_RCC_GetPCLK1Freq  stm32h7xx_hal_rcc.o
    0x080069e4   0x080069e4   0x00000024   Code   RO         1310    i.HAL_RCC_GetPCLK2Freq  stm32h7xx_hal_rcc.o
    0x08006a08   0x08006a08   0x0000022c   Code   RO         1311    i.HAL_RCC_GetSysClockFreq  stm32h7xx_hal_rcc.o
    0x08006c34   0x08006c34   0x00000858   Code   RO         1314    i.HAL_RCC_OscConfig  stm32h7xx_hal_rcc.o
    0x0800748c   0x0800748c   0x00000002   Code   RO          852    i.HAL_TIMEx_Break2Callback  stm32h7xx_hal_tim_ex.o
    0x0800748e   0x0800748e   0x00000002   Code   RO          853    i.HAL_TIMEx_BreakCallback  stm32h7xx_hal_tim_ex.o
    0x08007490   0x08007490   0x00000002   Code   RO          854    i.HAL_TIMEx_CommutCallback  stm32h7xx_hal_tim_ex.o
    0x08007492   0x08007492   0x00000002   PAD
    0x08007494   0x08007494   0x000000cc   Code   RO          874    i.HAL_TIMEx_MasterConfigSynchronization  stm32h7xx_hal_tim_ex.o
    0x08007560   0x08007560   0x0000006e   Code   RO           15    i.HAL_TIM_Base_Init  stm32h7xx_hal_tim.o
    0x080075ce   0x080075ce   0x00000002   PAD
    0x080075d0   0x080075d0   0x000000c4   Code   RO         5528    i.HAL_TIM_Base_MspInit  tim.o
    0x08007694   0x08007694   0x000000b4   Code   RO           20    i.HAL_TIM_Base_Start_IT  stm32h7xx_hal_tim.o
    0x08007748   0x08007748   0x00000134   Code   RO           24    i.HAL_TIM_ConfigClockSource  stm32h7xx_hal_tim.o
    0x0800787c   0x0800787c   0x000000cc   Code   RO           36    i.HAL_TIM_Encoder_Init  stm32h7xx_hal_tim.o
    0x08007948   0x08007948   0x000000e8   Code   RO         5530    i.HAL_TIM_Encoder_MspInit  tim.o
    0x08007a30   0x08007a30   0x000000cc   Code   RO           39    i.HAL_TIM_Encoder_Start  stm32h7xx_hal_tim.o
    0x08007afc   0x08007afc   0x00000002   Code   RO           49    i.HAL_TIM_IC_CaptureCallback  stm32h7xx_hal_tim.o
    0x08007afe   0x08007afe   0x00000198   Code   RO           63    i.HAL_TIM_IRQHandler  stm32h7xx_hal_tim.o
    0x08007c96   0x08007c96   0x00000002   PAD
    0x08007c98   0x08007c98   0x000000a8   Code   RO         5531    i.HAL_TIM_MspPostInit  tim.o
    0x08007d40   0x08007d40   0x00000002   Code   RO           66    i.HAL_TIM_OC_DelayElapsedCallback  stm32h7xx_hal_tim.o
    0x08007d42   0x08007d42   0x00000170   Code   RO           87    i.HAL_TIM_PWM_ConfigChannel  stm32h7xx_hal_tim.o
    0x08007eb2   0x08007eb2   0x0000006e   Code   RO           90    i.HAL_TIM_PWM_Init  stm32h7xx_hal_tim.o
    0x08007f20   0x08007f20   0x00000002   Code   RO           92    i.HAL_TIM_PWM_MspInit  stm32h7xx_hal_tim.o
    0x08007f22   0x08007f22   0x00000002   Code   RO           93    i.HAL_TIM_PWM_PulseFinishedCallback  stm32h7xx_hal_tim.o
    0x08007f24   0x08007f24   0x00000164   Code   RO           95    i.HAL_TIM_PWM_Start  stm32h7xx_hal_tim.o
    0x08008088   0x08008088   0x00000018   Code   RO         5347    i.HAL_TIM_PeriodElapsedCallback  main.o
    0x080080a0   0x080080a0   0x00000002   Code   RO          106    i.HAL_TIM_TriggerCallback  stm32h7xx_hal_tim.o
    0x080080a2   0x080080a2   0x0000004e   Code   RO         4043    i.HAL_UARTEx_DisableFifoMode  stm32h7xx_hal_uart_ex.o
    0x080080f0   0x080080f0   0x00000062   Code   RO         4049    i.HAL_UARTEx_ReceiveToIdle_DMA  stm32h7xx_hal_uart_ex.o
    0x08008152   0x08008152   0x00000002   PAD
    0x08008154   0x08008154   0x0000008c   Code   RO         6196    i.HAL_UARTEx_RxEventCallback  rescue_car.o
    0x080081e0   0x080081e0   0x00000002   Code   RO         4051    i.HAL_UARTEx_RxFifoFullCallback  stm32h7xx_hal_uart_ex.o
    0x080081e2   0x080081e2   0x0000005e   Code   RO         4052    i.HAL_UARTEx_SetRxFifoThreshold  stm32h7xx_hal_uart_ex.o
    0x08008240   0x08008240   0x0000005e   Code   RO         4053    i.HAL_UARTEx_SetTxFifoThreshold  stm32h7xx_hal_uart_ex.o
    0x0800829e   0x0800829e   0x00000002   Code   RO         4055    i.HAL_UARTEx_TxFifoEmptyCallback  stm32h7xx_hal_uart_ex.o
    0x080082a0   0x080082a0   0x00000002   Code   RO         4056    i.HAL_UARTEx_WakeupCallback  stm32h7xx_hal_uart_ex.o
    0x080082a2   0x080082a2   0x00000002   PAD
    0x080082a4   0x080082a4   0x00000030   Code   RO         6197    i.HAL_UART_AbortReceiveCpltCallback  rescue_car.o
    0x080082d4   0x080082d4   0x00000100   Code   RO         3632    i.HAL_UART_AbortReceive_IT  stm32h7xx_hal_uart.o
    0x080083d4   0x080083d4   0x00000002   Code   RO         3643    i.HAL_UART_ErrorCallback  stm32h7xx_hal_uart.o
    0x080083d6   0x080083d6   0x00000002   PAD
    0x080083d8   0x080083d8   0x000004b6   Code   RO         3646    i.HAL_UART_IRQHandler  stm32h7xx_hal_uart.o
    0x0800888e   0x0800888e   0x00000078   Code   RO         3647    i.HAL_UART_Init     stm32h7xx_hal_uart.o
    0x08008906   0x08008906   0x00000002   PAD
    0x08008908   0x08008908   0x00000374   Code   RO         5618    i.HAL_UART_MspInit  usart.o
    0x08008c7c   0x08008c7c   0x0000005c   Code   RO         3652    i.HAL_UART_Receive_IT  stm32h7xx_hal_uart.o
    0x08008cd8   0x08008cd8   0x00000002   Code   RO         3654    i.HAL_UART_RxCpltCallback  stm32h7xx_hal_uart.o
    0x08008cda   0x08008cda   0x00000002   Code   RO         3655    i.HAL_UART_RxHalfCpltCallback  stm32h7xx_hal_uart.o
    0x08008cdc   0x08008cdc   0x000000c2   Code   RO         3656    i.HAL_UART_Transmit  stm32h7xx_hal_uart.o
    0x08008d9e   0x08008d9e   0x00000002   Code   RO         3659    i.HAL_UART_TxCpltCallback  stm32h7xx_hal_uart.o
    0x08008da0   0x08008da0   0x00000004   Code   RO         5701    i.HardFault_Handler  stm32h7xx_it.o
    0x08008da4   0x08008da4   0x000001b8   Code   RO         5925    i.JY901S_DataConverse  jy901s.o
    0x08008f5c   0x08008f5c   0x00000158   Code   RO         5926    i.JY901S_GetData    jy901s.o
    0x080090b4   0x080090b4   0x00000056   Code   RO         5348    i.MPU_Config        main.o
    0x0800910a   0x0800910a   0x00000002   PAD
    0x0800910c   0x0800910c   0x00000064   Code   RO         5485    i.MX_DMA_Init       dma.o
    0x08009170   0x08009170   0x000000e8   Code   RO         5461    i.MX_GPIO_Init      gpio.o
    0x08009258   0x08009258   0x00000034   Code   RO         5532    i.MX_TIM16_Init     tim.o
    0x0800928c   0x0800928c   0x00000038   Code   RO         5533    i.MX_TIM17_Init     tim.o
    0x080092c4   0x080092c4   0x00000088   Code   RO         5534    i.MX_TIM1_Init      tim.o
    0x0800934c   0x0800934c   0x00000080   Code   RO         5535    i.MX_TIM2_Init      tim.o
    0x080093cc   0x080093cc   0x000000d4   Code   RO         5536    i.MX_TIM3_Init      tim.o
    0x080094a0   0x080094a0   0x000000d8   Code   RO         5537    i.MX_TIM4_Init      tim.o
    0x08009578   0x08009578   0x0000006c   Code   RO         5619    i.MX_UART5_Init     usart.o
    0x080095e4   0x080095e4   0x0000006c   Code   RO         5620    i.MX_UART8_Init     usart.o
    0x08009650   0x08009650   0x0000006c   Code   RO         5621    i.MX_USART1_UART_Init  usart.o
    0x080096bc   0x080096bc   0x0000006c   Code   RO         5622    i.MX_USART2_UART_Init  usart.o
    0x08009728   0x08009728   0x00000004   Code   RO         5702    i.MemManage_Handler  stm32h7xx_it.o
    0x0800972c   0x0800972c   0x00000004   Code   RO         5703    i.NMI_Handler       stm32h7xx_it.o
    0x08009730   0x08009730   0x0000002a   Code   RO         6078    i.PID_Clamp         pid.o
    0x0800975a   0x0800975a   0x00000002   PAD
    0x0800975c   0x0800975c   0x0000009c   Code   RO         6080    i.PID_Gyro          pid.o
    0x080097f8   0x080097f8   0x00000038   Code   RO         6081    i.PID_Init          pid.o
    0x08009830   0x08009830   0x00000178   Code   RO         6082    i.PID_Position      pid.o
    0x080099a8   0x080099a8   0x000000e4   Code   RO         6083    i.PID_Turn          pid.o
    0x08009a8c   0x08009a8c   0x0000007c   Code   RO         6084    i.PID_Velocity      pid.o
    0x08009b08   0x08009b08   0x00000164   Code   RO         1429    i.RCCEx_PLL2_Config  stm32h7xx_hal_rcc_ex.o
    0x08009c6c   0x08009c6c   0x00000164   Code   RO         1430    i.RCCEx_PLL3_Config  stm32h7xx_hal_rcc_ex.o
    0x08009dd0   0x08009dd0   0x00000038   Code   RO         6198    i.Rescue_Car_Init   rescue_car.o
    0x08009e08   0x08009e08   0x000000bc   Code   RO         6199    i.Rescue_Car_Start  rescue_car.o
    0x08009ec4   0x08009ec4   0x000000d0   Code   RO         5874    i.Set_Motor         control.o
    0x08009f94   0x08009f94   0x00000124   Code   RO         6200    i.Show_Task         rescue_car.o
    0x0800a0b8   0x0800a0b8   0x00000010   Code   RO         5704    i.SysTick_Handler   stm32h7xx_it.o
    0x0800a0c8   0x0800a0c8   0x000000d0   Code   RO         5349    i.SystemClock_Config  main.o
    0x0800a198   0x0800a198   0x00000128   Code   RO         4168    i.SystemInit        system_stm32h7xx.o
    0x0800a2c0   0x0800a2c0   0x00000010   Code   RO         5705    i.TIM17_IRQHandler  stm32h7xx_it.o
    0x0800a2d0   0x0800a2d0   0x00000010   Code   RO         5706    i.TIM5_IRQHandler   stm32h7xx_it.o
    0x0800a2e0   0x0800a2e0   0x000000d4   Code   RO          108    i.TIM_Base_SetConfig  stm32h7xx_hal_tim.o
    0x0800a3b4   0x0800a3b4   0x00000022   Code   RO          109    i.TIM_CCxChannelCmd  stm32h7xx_hal_tim.o
    0x0800a3d6   0x0800a3d6   0x00000016   Code   RO          119    i.TIM_ETR_SetConfig  stm32h7xx_hal_tim.o
    0x0800a3ec   0x0800a3ec   0x00000018   Code   RO          120    i.TIM_ITRx_SetConfig  stm32h7xx_hal_tim.o
    0x0800a404   0x0800a404   0x000000ac   Code   RO          121    i.TIM_OC1_SetConfig  stm32h7xx_hal_tim.o
    0x0800a4b0   0x0800a4b0   0x000000b4   Code   RO          122    i.TIM_OC2_SetConfig  stm32h7xx_hal_tim.o
    0x0800a564   0x0800a564   0x000000b4   Code   RO          123    i.TIM_OC3_SetConfig  stm32h7xx_hal_tim.o
    0x0800a618   0x0800a618   0x00000074   Code   RO          124    i.TIM_OC4_SetConfig  stm32h7xx_hal_tim.o
    0x0800a68c   0x0800a68c   0x00000070   Code   RO          125    i.TIM_OC5_SetConfig  stm32h7xx_hal_tim.o
    0x0800a6fc   0x0800a6fc   0x00000070   Code   RO          126    i.TIM_OC6_SetConfig  stm32h7xx_hal_tim.o
    0x0800a76c   0x0800a76c   0x00000026   Code   RO          128    i.TIM_TI1_ConfigInputStage  stm32h7xx_hal_tim.o
    0x0800a792   0x0800a792   0x00000028   Code   RO          130    i.TIM_TI2_ConfigInputStage  stm32h7xx_hal_tim.o
    0x0800a7ba   0x0800a7ba   0x00000002   PAD
    0x0800a7bc   0x0800a7bc   0x00000058   Code   RO         4057    i.UARTEx_SetNbDataToProcess  stm32h7xx_hal_uart_ex.o
    0x0800a814   0x0800a814   0x000000f8   Code   RO         3661    i.UART_AdvFeatureConfig  stm32h7xx_hal_uart.o
    0x0800a90c   0x0800a90c   0x000000ea   Code   RO         3662    i.UART_CheckIdleState  stm32h7xx_hal_uart.o
    0x0800a9f6   0x0800a9f6   0x00000014   Code   RO         3663    i.UART_DMAAbortOnError  stm32h7xx_hal_uart.o
    0x0800aa0a   0x0800aa0a   0x0000005e   Code   RO         3664    i.UART_DMAError     stm32h7xx_hal_uart.o
    0x0800aa68   0x0800aa68   0x000000ae   Code   RO         3665    i.UART_DMAReceiveCplt  stm32h7xx_hal_uart.o
    0x0800ab16   0x0800ab16   0x00000026   Code   RO         3667    i.UART_DMARxHalfCplt  stm32h7xx_hal_uart.o
    0x0800ab3c   0x0800ab3c   0x00000030   Code   RO         3668    i.UART_DMARxOnlyAbortCallback  stm32h7xx_hal_uart.o
    0x0800ab6c   0x0800ab6c   0x0000006c   Code   RO         3673    i.UART_EndRxTransfer  stm32h7xx_hal_uart.o
    0x0800abd8   0x0800abd8   0x00000030   Code   RO         3674    i.UART_EndTransmit_IT  stm32h7xx_hal_uart.o
    0x0800ac08   0x0800ac08   0x00000040   Code   RO         3675    i.UART_EndTxTransfer  stm32h7xx_hal_uart.o
    0x0800ac48   0x0800ac48   0x00000104   Code   RO         3676    i.UART_RxISR_16BIT  stm32h7xx_hal_uart.o
    0x0800ad4c   0x0800ad4c   0x00000200   Code   RO         3677    i.UART_RxISR_16BIT_FIFOEN  stm32h7xx_hal_uart.o
    0x0800af4c   0x0800af4c   0x00000104   Code   RO         3678    i.UART_RxISR_8BIT   stm32h7xx_hal_uart.o
    0x0800b050   0x0800b050   0x000001fc   Code   RO         3679    i.UART_RxISR_8BIT_FIFOEN  stm32h7xx_hal_uart.o
    0x0800b24c   0x0800b24c   0x0000058c   Code   RO         3680    i.UART_SetConfig    stm32h7xx_hal_uart.o
    0x0800b7d8   0x0800b7d8   0x000000c8   Code   RO         3681    i.UART_Start_Receive_DMA  stm32h7xx_hal_uart.o
    0x0800b8a0   0x0800b8a0   0x0000015c   Code   RO         3682    i.UART_Start_Receive_IT  stm32h7xx_hal_uart.o
    0x0800b9fc   0x0800b9fc   0x000000ac   Code   RO         3687    i.UART_WaitOnFlagUntilTimeout  stm32h7xx_hal_uart.o
    0x0800baa8   0x0800baa8   0x00000028   Code   RO         5707    i.USART1_IRQHandler  stm32h7xx_it.o
    0x0800bad0   0x0800bad0   0x00000010   Code   RO         5708    i.USART2_IRQHandler  stm32h7xx_it.o
    0x0800bae0   0x0800bae0   0x00000004   Code   RO         5709    i.UsageFault_Handler  stm32h7xx_it.o
    0x0800bae4   0x0800bae4   0x00000030   Code   RO         6486    i.__ARM_fpclassify  m_wm.l(fpclassify.o)
    0x0800bb14   0x0800bb14   0x00000026   Code   RO         6488    i.__ARM_fpclassifyf  m_wm.l(fpclassifyf.o)
    0x0800bb3a   0x0800bb3a   0x00000002   PAD
    0x0800bb3c   0x0800bb3c   0x00000010   Code   RO         1164    i.__NVIC_GetPriorityGrouping  stm32h7xx_hal_cortex.o
    0x0800bb4c   0x0800bb4c   0x00000028   Code   RO         1165    i.__NVIC_SetPriority  stm32h7xx_hal_cortex.o
    0x0800bb74   0x0800bb74   0x00000004   PAD
    0x0800bb78   0x0800bb78   0x000000f8   Code   RO         6589    i.__hardfp___mathlib_tofloat  m_wm.l(narrow.o)
    0x0800bc70   0x0800bc70   0x000002ac   Code   RO         6361    i.__hardfp_atan2f   m_wm.l(atan2f.o)
    0x0800bf1c   0x0800bf1c   0x00000150   Code   RO         6373    i.__hardfp_cosf     m_wm.l(cosf.o)
    0x0800c06c   0x0800c06c   0x00000014   Code   RO         6385    i.__hardfp_fabs     m_wm.l(fabs.o)
    0x0800c080   0x0800c080   0x000000d0   Code   RO         6698    i.__hardfp_ldexp    m_wm.l(ldexp.o)
    0x0800c150   0x0800c150   0x00000190   Code   RO         6405    i.__hardfp_sinf     m_wm.l(sinf.o)
    0x0800c2e0   0x0800c2e0   0x0000007a   Code   RO         6417    i.__hardfp_sqrt     m_wm.l(sqrt.o)
    0x0800c35a   0x0800c35a   0x00000006   PAD
    0x0800c360   0x0800c360   0x00000020   Code   RO         6476    i.__mathlib_dbl_overflow  m_wm.l(dunder.o)
    0x0800c380   0x0800c380   0x00000020   Code   RO         6478    i.__mathlib_dbl_underflow  m_wm.l(dunder.o)
    0x0800c3a0   0x0800c3a0   0x00000006   Code   RO         6491    i.__mathlib_flt_infnan  m_wm.l(funder.o)
    0x0800c3a6   0x0800c3a6   0x00000006   Code   RO         6492    i.__mathlib_flt_infnan2  m_wm.l(funder.o)
    0x0800c3ac   0x0800c3ac   0x00000010   Code   RO         6493    i.__mathlib_flt_invalid  m_wm.l(funder.o)
    0x0800c3bc   0x0800c3bc   0x00000010   Code   RO         6496    i.__mathlib_flt_underflow  m_wm.l(funder.o)
    0x0800c3cc   0x0800c3cc   0x00000012   Code   RO         6590    i.__mathlib_narrow  m_wm.l(narrow.o)
    0x0800c3de   0x0800c3de   0x00000002   PAD
    0x0800c3e0   0x0800c3e0   0x00000154   Code   RO         6507    i.__mathlib_rredf2  m_wm.l(rredf.o)
    0x0800c534   0x0800c534   0x00000014   Code   RO         6700    i.__support_ldexp   m_wm.l(ldexp.o)
    0x0800c548   0x0800c548   0x0000000e   Code   RO         6295    i._is_digit         c_w.l(__printf_wp.o)
    0x0800c556   0x0800c556   0x00000002   PAD
    0x0800c558   0x0800c558   0x0000007c   Code   RO         6003    i.calculate_target_speeds  xbox.o
    0x0800c5d4   0x0800c5d4   0x00000028   Code   RO         6046    i.data_Integer_calculate  algorithm.o
    0x0800c5fc   0x0800c5fc   0x00000006   Code   RO         5623    i.ferror            usart.o
    0x0800c602   0x0800c602   0x00000002   PAD
    0x0800c604   0x0800c604   0x0000001c   Code   RO         5624    i.fputc             usart.o
    0x0800c620   0x0800c620   0x0000008c   Code   RO         6673    i.frexp             m_wm.l(frexp.o)
    0x0800c6ac   0x0800c6ac   0x0000011c   Code   RO         5350    i.main              main.o
    0x0800c7c8   0x0800c7c8   0x0000001e   Code   RO         6004    i.map               xbox.o
    0x0800c7e6   0x0800c7e6   0x00000002   PAD
    0x0800c7e8   0x0800c7e8   0x000000c0   Code   RO         4770    i.prvAddCurrentTaskToDelayedList  tasks.o
    0x0800c8a8   0x0800c8a8   0x000000ec   Code   RO         4771    i.prvAddNewTaskToReadyList  tasks.o
    0x0800c994   0x0800c994   0x00000048   Code   RO         4772    i.prvCheckTasksWaitingTermination  tasks.o
    0x0800c9dc   0x0800c9dc   0x00000012   Code   RO         4773    i.prvDeleteTCB      tasks.o
    0x0800c9ee   0x0800c9ee   0x00000002   PAD
    0x0800c9f0   0x0800c9f0   0x00000070   Code   RO         5151    i.prvHeapInit       heap_4.o
    0x0800ca60   0x0800ca60   0x00000028   Code   RO         4774    i.prvIdleTask       tasks.o
    0x0800ca88   0x0800ca88   0x000000d4   Code   RO         4775    i.prvInitialiseNewTask  tasks.o
    0x0800cb5c   0x0800cb5c   0x00000068   Code   RO         4776    i.prvInitialiseTaskLists  tasks.o
    0x0800cbc4   0x0800cbc4   0x00000068   Code   RO         5152    i.prvInsertBlockIntoFreeList  heap_4.o
    0x0800cc2c   0x0800cc2c   0x00000030   Code   RO         4778    i.prvResetNextTaskUnblockTime  tasks.o
    0x0800cc5c   0x0800cc5c   0x00000048   Code   RO         5225    i.prvTaskExitError  port.o
    0x0800cca4   0x0800cca4   0x00000134   Code   RO         5154    i.pvPortMalloc      heap_4.o
    0x0800cdd8   0x0800cdd8   0x0000002c   Code   RO         5226    i.pxPortInitialiseStack  port.o
    0x0800ce04   0x0800ce04   0x00000028   Code   RO         4347    i.uxListRemove      list.o
    0x0800ce2c   0x0800ce2c   0x0000001a   Code   RO         4348    i.vListInitialise   list.o
    0x0800ce46   0x0800ce46   0x00000006   Code   RO         4349    i.vListInitialiseItem  list.o
    0x0800ce4c   0x0800ce4c   0x00000034   Code   RO         4350    i.vListInsert       list.o
    0x0800ce80   0x0800ce80   0x00000018   Code   RO         4351    i.vListInsertEnd    list.o
    0x0800ce98   0x0800ce98   0x0000005c   Code   RO         5228    i.vPortEnterCritical  port.o
    0x0800cef4   0x0800cef4   0x00000040   Code   RO         5229    i.vPortExitCritical  port.o
    0x0800cf34   0x0800cf34   0x00000094   Code   RO         5155    i.vPortFree         heap_4.o
    0x0800cfc8   0x0800cfc8   0x00000028   Code   RO         5230    i.vPortSetupTimerInterrupt  port.o
    0x0800cff0   0x0800cff0   0x00000060   Code   RO         4791    i.vTaskDelay        tasks.o
    0x0800d050   0x0800d050   0x00000100   Code   RO         4792    i.vTaskDelete       tasks.o
    0x0800d150   0x0800d150   0x00000098   Code   RO         4807    i.vTaskStartScheduler  tasks.o
    0x0800d1e8   0x0800d1e8   0x00000010   Code   RO         4809    i.vTaskSuspendAll   tasks.o
    0x0800d1f8   0x0800d1f8   0x00000090   Code   RO         4810    i.vTaskSwitchContext  tasks.o
    0x0800d288   0x0800d288   0x00000114   Code   RO         5232    i.xPortStartScheduler  port.o
    0x0800d39c   0x0800d39c   0x00000038   Code   RO         5233    i.xPortSysTickHandler  port.o
    0x0800d3d4   0x0800d3d4   0x00000068   Code   RO         4813    i.xTaskCreate       tasks.o
    0x0800d43c   0x0800d43c   0x000000e4   Code   RO         4814    i.xTaskDelayUntil   tasks.o
    0x0800d520   0x0800d520   0x00000020   Code   RO         4820    i.xTaskGetSchedulerState  tasks.o
    0x0800d540   0x0800d540   0x0000000c   Code   RO         4821    i.xTaskGetTickCount  tasks.o
    0x0800d54c   0x0800d54c   0x000001c0   Code   RO         4823    i.xTaskIncrementTick  tasks.o
    0x0800d70c   0x0800d70c   0x0000017c   Code   RO         4827    i.xTaskResumeAll    tasks.o
    0x0800d888   0x0800d888   0x0000002c   Code   RO         6573    locale$$code        c_w.l(lc_numeric_c.o)
    0x0800d8b4   0x0800d8b4   0x0000002c   Code   RO         6686    locale$$code        c_w.l(lc_ctype_c.o)
    0x0800d8e0   0x0800d8e0   0x00000062   Code   RO         6331    x$fpl$d2f           fz_wm.l(d2f.o)
    0x0800d942   0x0800d942   0x00000002   PAD
    0x0800d944   0x0800d944   0x00000150   Code   RO         6333    x$fpl$dadd          fz_wm.l(daddsub_clz.o)
    0x0800da94   0x0800da94   0x00000010   Code   RO         6575    x$fpl$dcheck1       fz_wm.l(dcheck1.o)
    0x0800daa4   0x0800daa4   0x00000018   Code   RO         6457    x$fpl$dcmpinf       fz_wm.l(dcmpi.o)
    0x0800dabc   0x0800dabc   0x00000078   Code   RO         6667    x$fpl$deqf          fz_wm.l(deqf.o)
    0x0800db34   0x0800db34   0x0000002e   Code   RO         6344    x$fpl$dflt          fz_wm.l(dflt_clz.o)
    0x0800db62   0x0800db62   0x00000002   PAD
    0x0800db64   0x0800db64   0x00000078   Code   RO         6349    x$fpl$dleqf         fz_wm.l(dleqf.o)
    0x0800dbdc   0x0800dbdc   0x00000154   Code   RO         6351    x$fpl$dmul          fz_wm.l(dmul.o)
    0x0800dd30   0x0800dd30   0x0000009c   Code   RO         6459    x$fpl$dnaninf       fz_wm.l(dnaninf.o)
    0x0800ddcc   0x0800ddcc   0x0000000c   Code   RO         6461    x$fpl$dretinf       fz_wm.l(dretinf.o)
    0x0800ddd8   0x0800ddd8   0x0000006c   Code   RO         6353    x$fpl$drleqf        fz_wm.l(drleqf.o)
    0x0800de44   0x0800de44   0x00000198   Code   RO         6463    x$fpl$dsqrt         fz_wm.l(dsqrt_umaal.o)
    0x0800dfdc   0x0800dfdc   0x000001d4   Code   RO         6335    x$fpl$dsub          fz_wm.l(daddsub_clz.o)
    0x0800e1b0   0x0800e1b0   0x00000056   Code   RO         6355    x$fpl$f2d           fz_wm.l(f2d.o)
    0x0800e206   0x0800e206   0x0000008c   Code   RO         6465    x$fpl$fnaninf       fz_wm.l(fnaninf.o)
    0x0800e292   0x0800e292   0x0000000a   Code   RO         6694    x$fpl$fpinit        fz_wm.l(fpinit.o)
    0x0800e29c   0x0800e29c   0x0000000a   Code   RO         6467    x$fpl$fretinf       fz_wm.l(fretinf.o)
    0x0800e2a6   0x0800e2a6   0x00000006   Code   RO         6581    x$fpl$ieeestatus    fz_wm.l(istatus.o)
    0x0800e2ac   0x0800e2ac   0x00000004   Code   RO         6357    x$fpl$printf1       fz_wm.l(printf1.o)
    0x0800e2b0   0x0800e2b0   0x00000064   Code   RO         6669    x$fpl$retnan        fz_wm.l(retnan.o)
    0x0800e314   0x0800e314   0x0000005c   Code   RO         6469    x$fpl$scalbn        fz_wm.l(scalbn.o)
    0x0800e370   0x0800e370   0x00000004   Code   RO         6359    x$fpl$scanf1        fz_wm.l(scanf1.o)
    0x0800e374   0x0800e374   0x00000008   Code   RO         6583    x$fpl$scanf2        fz_wm.l(scanf2.o)
    0x0800e37c   0x0800e37c   0x00000030   Code   RO         6696    x$fpl$trapveneer    fz_wm.l(trapv.o)
    0x0800e3ac   0x0800e3ac   0x00000000   Code   RO         6471    x$fpl$usenofp       fz_wm.l(usenofp.o)
    0x0800e3ac   0x0800e3ac   0x00000008   Data   RO         2018    .constdata          stm32h7xx_hal_dma.o
    0x0800e3b4   0x0800e3b4   0x00000018   Data   RO         3688    .constdata          stm32h7xx_hal_uart.o
    0x0800e3cc   0x0800e3cc   0x00000010   Data   RO         4059    .constdata          stm32h7xx_hal_uart_ex.o
    0x0800e3dc   0x0800e3dc   0x00000010   Data   RO         4169    .constdata          system_stm32h7xx.o
    0x0800e3ec   0x0800e3ec   0x00000020   Data   RO         6508    .constdata          m_wm.l(rredf.o)
    0x0800e40c   0x0800e40c   0x00000094   Data   RO         6548    .constdata          c_w.l(bigflt0.o)
    0x0800e4a0   0x0800e4a0   0x00000020   Data   RO         6783    Region$$Table       anon$$obj.o
    0x0800e4c0   0x0800e4c0   0x00000008   Data   RO         6577    c$$dinf             fz_wm.l(fpconst.o)
    0x0800e4c8   0x0800e4c8   0x00000008   Data   RO         6580    c$$dmax             fz_wm.l(fpconst.o)
    0x0800e4d0   0x0800e4d0   0x0000001c   Data   RO         6572    locale$$data        c_w.l(lc_numeric_c.o)
    0x0800e4ec   0x0800e4ec   0x00000110   Data   RO         6685    locale$$data        c_w.l(lc_ctype_c.o)


    Execution Region RW_IRAM1 (Exec base: 0x20000000, Load base: 0x0800e5fc, Size: 0x00000000, Max: 0x00020000, ABSOLUTE)

    **** No section assigned to this execution region ****


    Execution Region RW_IRAM2 (Exec base: 0x24000000, Load base: 0x0800e5fc, Size: 0x000060c0, Max: 0x00080000, ABSOLUTE)

    Exec Addr    Load Addr    Size         Type   Attr      Idx    E Section Name        Object

    0x24000000   0x0800e5fc   0x00000009   Data   RW         2756    .data               stm32h7xx_hal.o
    0x24000009   0x0800e605   0x00000003   PAD
    0x2400000c   0x0800e608   0x00000008   Data   RW         4170    .data               system_stm32h7xx.o
    0x24000014   0x0800e610   0x00000040   Data   RW         4830    .data               tasks.o
    0x24000054   0x0800e650   0x0000001c   Data   RW         5161    .data               heap_4.o
    0x24000070   0x0800e66c   0x0000000c   Data   RW         5234    .data               port.o
    0x2400007c   0x0800e678   0x00000014   Data   RW         5352    .data               main.o
    0x24000090   0x0800e68c   0x00000004   Data   RW         5626    .data               usart.o
    0x24000094   0x0800e690   0x00000002   Data   RW         5928    .data               jy901s.o
    0x24000096   0x0800e692   0x00000008   Data   RW         6005    .data               xbox.o
    0x2400009e   0x0800e69a   0x00000002   PAD
    0x240000a0   0x0800e69c   0x00000014   Data   RW         6086    .data               pid.o
    0x240000b4   0x0800e6b0   0x00000031   Data   RW         6202    .data               rescue_car.o
    0x240000e5   0x0800e6e1   0x00000003   PAD
    0x240000e8        -       0x000000f0   Zero   RW         4829    .bss                tasks.o
    0x240001d8        -       0x00005000   Zero   RW         5160    .bss                heap_4.o
    0x240051d8        -       0x000000b2   Zero   RW         5351    .bss                main.o
    0x2400528a   0x0800e6e1   0x00000002   PAD
    0x2400528c        -       0x000001c8   Zero   RW         5538    .bss                tim.o
    0x24005454        -       0x00000430   Zero   RW         5625    .bss                usart.o
    0x24005884        -       0x0000004c   Zero   RW         5838    .bss                stm32h7xx_hal_timebase_tim.o
    0x240058d0        -       0x000000a2   Zero   RW         5927    .bss                jy901s.o
    0x24005972   0x0800e6e1   0x00000006   PAD
    0x24005978        -       0x000000e6   Zero   RW         6201    .bss                rescue_car.o
    0x24005a5e   0x0800e6e1   0x00000002   PAD
    0x24005a60        -       0x00000060   Zero   RW         6598    .bss                c_w.l(libspace.o)
    0x24005ac0        -       0x00000200   Zero   RW            2    HEAP                startup_stm32h750xx.o
    0x24005cc0        -       0x00000400   Zero   RW            1    STACK               startup_stm32h750xx.o


==============================================================================

Image component sizes


      Code (inc. data)   RO Data    RW Data    ZI Data      Debug   Object Name

        40          0          0          0          0       1065   algorithm.o
       208         12          0          0          0        700   control.o
         0          0          0          0          0      14332   croutine.o
       100          4          0          0          0        786   dma.o
        48         10          0          0          0        566   encoder.o
         0          0          0          0          0       8508   event_groups.o
       232         12          0          0          0       1015   gpio.o
       672         58          0         28      20480       7811   heap_4.o
       784         66          0          2        162       2957   jy901s.o
       148          0          0          0          0       3486   list.o
       608         70          0         20        178       6015   main.o
       982         94          0         20          0       5913   pid.o
       838         72          0         12          0      10552   port.o
       368         26          0          0          0       2360   position.o
      1708        412          0         49        230       6602   rescue_car.o
        72         30        664          0       1536        860   startup_stm32h750xx.o
       184         38          0          9          0      22761   stm32h7xx_hal.o
       458         40          0          0          0      41532   stm32h7xx_hal_cortex.o
      8662        168          8          0          0      13358   stm32h7xx_hal_dma.o
       520         52          0          0          0       2160   stm32h7xx_hal_gpio.o
        48          6          0          0          0        814   stm32h7xx_hal_msp.o
        96          6          0          0          0        785   stm32h7xx_hal_pwr_ex.o
      3748        124          0          0          0       7673   stm32h7xx_hal_rcc.o
      5300        108          0          0          0       7377   stm32h7xx_hal_rcc_ex.o
      3500        284          0          0          0    1311919   stm32h7xx_hal_tim.o
       210         30          0          0          0       3204   stm32h7xx_hal_tim_ex.o
       160         20          0          0         76       1547   stm32h7xx_hal_timebase_tim.o
      6632        224         24          0          0      44641   stm32h7xx_hal_uart.o
       458         10         16          0          0       6469   stm32h7xx_hal_uart_ex.o
       190         46          0          0          0       7368   stm32h7xx_it.o
       332         46         16          8          0       1801   system_stm32h7xx.o
      2790        342          0         64        240      25016   tasks.o
      1396        114          0          0        456       6675   tim.o
      1350         98          0          4       1072       6680   usart.o
       410         20          0          8          0       2943   xbox.o

    ----------------------------------------------------------------------
     43292       2646        760        232      24440    1588251   Object Totals
         0          0         32          0          0          0   (incl. Generated)
        40          4          0          8         10          0   (incl. Padding)

    ----------------------------------------------------------------------

      Code (inc. data)   RO Data    RW Data    ZI Data      Debug   Library Member Name

        60          8          0          0          0         84   __0sscanf.o
         8          0          0          0          0         68   __main.o
       284          0          0          0          0        156   __printf_wp.o
         0          0          0          0          0          0   __rtentry.o
        12          0          0          0          0          0   __rtentry2.o
         6          0          0          0          0          0   __rtentry4.o
        52          8          0          0          0          0   __scatter.o
        26          0          0          0          0          0   __scatter_copy.o
        28          0          0          0          0          0   __scatter_zi.o
        28          0          0          0          0         68   _chval.o
        48          6          0          0          0         96   _printf_char_common.o
        36          4          0          0          0         80   _printf_char_file.o
         6          0          0          0          0          0   _printf_f.o
      1054          0          0          0          0        216   _printf_fp_dec.o
       128         16          0          0          0         84   _printf_fp_infnan.o
         0          0          0          0          0          0   _printf_percent.o
         4          0          0          0          0          0   _printf_percent_end.o
        22          0          0          0          0        100   _rserrno.o
       884          4          0          0          0        100   _scanf.o
        64          0          0          0          0         84   _sgetc.o
        16          0          0          0          0         68   aeabi_memset.o
       228          4        148          0          0         96   bigflt0.o
      2152        136          0          0          0        960   btod.o
        18          0          0          0          0         80   exit.o
         6          0          0          0          0        152   heapauxi.o
         0          0          0          0          0          0   indicate_semi.o
        18          0          0          0          0         76   isspace.o
        44         10        272          0          0         76   lc_ctype_c.o
        44         10         28          0          0         76   lc_numeric_c.o
         2          0          0          0          0          0   libinit.o
        34          0          0          0          0          0   libinit2.o
         2          0          0          0          0          0   libshutdown.o
         2          0          0          0          0          0   libshutdown2.o
         8          4          0          0         96         68   libspace.o
        38          0          0          0          0         68   llshl.o
       138          0          0          0          0         80   lludiv10.o
       238          0          0          0          0        100   lludivv7m.o
        24          4          0          0          0         84   noretval__2printf.o
        16          4          0          0          0         76   rt_ctype_table.o
         8          4          0          0          0         68   rt_errno_addr_intlibspace.o
         8          4          0          0          0         68   rt_locale_intlibspace.o
        68          0          0          0          0         68   rt_memclr.o
        78          0          0          0          0         80   rt_memclr_w.o
       138          0          0          0          0         68   rt_memcpy_v6.o
       100          0          0          0          0         80   rt_memcpy_w.o
         2          0          0          0          0          0   rtexit.o
        10          0          0          0          0          0   rtexit2.o
        44          8          0          0          0         84   scanf_char.o
      1272         16          0          0          0        168   scanf_fp.o
       800         14          0          0          0        100   scanf_hexfp.o
       308         16          0          0          0        100   scanf_infnan.o
       104          0          0          0          0         68   strcmpv7m_pel.o
        12          4          0          0          0         68   sys_exit.o
        74          0          0          0          0         80   sys_stackheap_outer.o
         2          0          0          0          0         68   use_no_semi.o
        98          4          0          0          0        140   d2f.o
       804         16          0          0          0        368   daddsub_clz.o
        16          4          0          0          0        116   dcheck1.o
        24          0          0          0          0        116   dcmpi.o
       120          4          0          0          0        140   deqf.o
        46          0          0          0          0        116   dflt_clz.o
       120          4          0          0          0        140   dleqf.o
       340         12          0          0          0        152   dmul.o
       156          4          0          0          0        140   dnaninf.o
        12          0          0          0          0        116   dretinf.o
       108          0          0          0          0        128   drleqf.o
       408         56          0          0          0        168   dsqrt_umaal.o
        86          4          0          0          0        132   f2d.o
       140          4          0          0          0        132   fnaninf.o
         0          0         16          0          0          0   fpconst.o
        10          0          0          0          0        116   fpinit.o
        10          0          0          0          0        116   fretinf.o
         6          0          0          0          0        116   istatus.o
         4          0          0          0          0        116   printf1.o
       100          0          0          0          0        116   retnan.o
        92          0          0          0          0        116   scalbn.o
         4          0          0          0          0        116   scanf1.o
         8          0          0          0          0        132   scanf2.o
        48          0          0          0          0        116   trapv.o
         0          0          0          0          0          0   usenofp.o
       684         90          0          0          0        208   atan2f.o
       336         56          0          0          0        136   cosf.o
        64         16          0          0          0        248   dunder.o
        20          0          0          0          0        124   fabs.o
        48          0          0          0          0        124   fpclassify.o
        38          0          0          0          0        116   fpclassifyf.o
       140         22          0          0          0        132   frexp.o
        44         12          0          0          0        464   funder.o
       228          8          0          0          0        308   ldexp.o
       266         16          0          0          0        308   narrow.o
       340         24         32          0          0        160   rredf.o
       400         56          0          0          0        212   sinf.o
       122          0          0          0          0        148   sqrt.o

    ----------------------------------------------------------------------
     14328        698        496          0         96      10216   Library Totals
        32          2          0          0          0          0   (incl. Padding)

    ----------------------------------------------------------------------

      Code (inc. data)   RO Data    RW Data    ZI Data      Debug   Library Name

      8806        284        448          0         96       4364   c_w.l
      2760        112         16          0          0       3164   fz_wm.l
      2730        300         32          0          0       2688   m_wm.l

    ----------------------------------------------------------------------
     14328        698        496          0         96      10216   Library Totals

    ----------------------------------------------------------------------

==============================================================================


      Code (inc. data)   RO Data    RW Data    ZI Data      Debug   

     57620       3344       1256        232      24536    1572423   Grand Totals
     57620       3344       1256        232      24536    1572423   ELF Image Totals
     57620       3344       1256        232          0          0   ROM Totals

==============================================================================

    Total RO  Size (Code + RO Data)                58876 (  57.50kB)
    Total RW  Size (RW Data + ZI Data)             24768 (  24.19kB)
    Total ROM Size (Code + RO Data + RW Data)      59108 (  57.72kB)

==============================================================================

