Component: ARM Compiler 5.06 update 7 (build 960) Tool: armlink [4d3601]

==============================================================================

Section Cross References

    startup_stm32h750xx.o(STACK) refers (Special) to heapauxi.o(.text) for __use_two_region_memory
    startup_stm32h750xx.o(HEAP) refers (Special) to heapauxi.o(.text) for __use_two_region_memory
    startup_stm32h750xx.o(RESET) refers (Special) to heapauxi.o(.text) for __use_two_region_memory
    startup_stm32h750xx.o(RESET) refers to startup_stm32h750xx.o(STACK) for __initial_sp
    startup_stm32h750xx.o(RESET) refers to startup_stm32h750xx.o(.text) for Reset_Handler
    startup_stm32h750xx.o(RESET) refers to stm32h7xx_it.o(i.NMI_Handler) for NMI_Handler
    startup_stm32h750xx.o(RESET) refers to stm32h7xx_it.o(i.HardFault_Handler) for HardFault_Handler
    startup_stm32h750xx.o(RESET) refers to stm32h7xx_it.o(i.MemManage_Handler) for MemManage_Handler
    startup_stm32h750xx.o(RESET) refers to stm32h7xx_it.o(i.BusFault_Handler) for BusFault_Handler
    startup_stm32h750xx.o(RESET) refers to stm32h7xx_it.o(i.UsageFault_Handler) for UsageFault_Handler
    startup_stm32h750xx.o(RESET) refers to port.o(.emb_text) for SVC_Handler
    startup_stm32h750xx.o(RESET) refers to stm32h7xx_it.o(i.DebugMon_Handler) for DebugMon_Handler
    startup_stm32h750xx.o(RESET) refers to stm32h7xx_it.o(i.SysTick_Handler) for SysTick_Handler
    startup_stm32h750xx.o(RESET) refers to stm32h7xx_it.o(i.DMA1_Stream0_IRQHandler) for DMA1_Stream0_IRQHandler
    startup_stm32h750xx.o(RESET) refers to stm32h7xx_it.o(i.DMA1_Stream1_IRQHandler) for DMA1_Stream1_IRQHandler
    startup_stm32h750xx.o(RESET) refers to stm32h7xx_it.o(i.DMA1_Stream2_IRQHandler) for DMA1_Stream2_IRQHandler
    startup_stm32h750xx.o(RESET) refers to stm32h7xx_it.o(i.DMA1_Stream3_IRQHandler) for DMA1_Stream3_IRQHandler
    startup_stm32h750xx.o(RESET) refers to stm32h7xx_it.o(i.USART1_IRQHandler) for USART1_IRQHandler
    startup_stm32h750xx.o(RESET) refers to stm32h7xx_it.o(i.USART2_IRQHandler) for USART2_IRQHandler
    startup_stm32h750xx.o(RESET) refers to stm32h7xx_it.o(i.TIM5_IRQHandler) for TIM5_IRQHandler
    startup_stm32h750xx.o(RESET) refers to stm32h7xx_it.o(i.TIM17_IRQHandler) for TIM17_IRQHandler
    startup_stm32h750xx.o(.text) refers (Special) to heapauxi.o(.text) for __use_two_region_memory
    startup_stm32h750xx.o(.text) refers to system_stm32h7xx.o(i.ExitRun0Mode) for ExitRun0Mode
    startup_stm32h750xx.o(.text) refers to system_stm32h7xx.o(i.SystemInit) for SystemInit
    startup_stm32h750xx.o(.text) refers to __main.o(!!!main) for __main
    startup_stm32h750xx.o(.text) refers to startup_stm32h750xx.o(HEAP) for Heap_Mem
    startup_stm32h750xx.o(.text) refers to startup_stm32h750xx.o(STACK) for Stack_Mem
    stm32h7xx_hal_tim.o(i.HAL_TIM_Base_DeInit) refers to tim.o(i.HAL_TIM_Base_MspDeInit) for HAL_TIM_Base_MspDeInit
    stm32h7xx_hal_tim.o(i.HAL_TIM_Base_Init) refers to tim.o(i.HAL_TIM_Base_MspInit) for HAL_TIM_Base_MspInit
    stm32h7xx_hal_tim.o(i.HAL_TIM_Base_Init) refers to stm32h7xx_hal_tim.o(i.TIM_Base_SetConfig) for TIM_Base_SetConfig
    stm32h7xx_hal_tim.o(i.HAL_TIM_Base_Start_DMA) refers to stm32h7xx_hal_dma.o(i.HAL_DMA_Start_IT) for HAL_DMA_Start_IT
    stm32h7xx_hal_tim.o(i.HAL_TIM_Base_Start_DMA) refers to stm32h7xx_hal_tim.o(i.TIM_DMAPeriodElapsedCplt) for TIM_DMAPeriodElapsedCplt
    stm32h7xx_hal_tim.o(i.HAL_TIM_Base_Start_DMA) refers to stm32h7xx_hal_tim.o(i.TIM_DMAPeriodElapsedHalfCplt) for TIM_DMAPeriodElapsedHalfCplt
    stm32h7xx_hal_tim.o(i.HAL_TIM_Base_Start_DMA) refers to stm32h7xx_hal_tim.o(i.TIM_DMAError) for TIM_DMAError
    stm32h7xx_hal_tim.o(i.HAL_TIM_Base_Stop_DMA) refers to stm32h7xx_hal_dma.o(i.HAL_DMA_Abort_IT) for HAL_DMA_Abort_IT
    stm32h7xx_hal_tim.o(i.HAL_TIM_ConfigClockSource) refers to stm32h7xx_hal_tim.o(i.TIM_ETR_SetConfig) for TIM_ETR_SetConfig
    stm32h7xx_hal_tim.o(i.HAL_TIM_ConfigClockSource) refers to stm32h7xx_hal_tim.o(i.TIM_TI1_ConfigInputStage) for TIM_TI1_ConfigInputStage
    stm32h7xx_hal_tim.o(i.HAL_TIM_ConfigClockSource) refers to stm32h7xx_hal_tim.o(i.TIM_ITRx_SetConfig) for TIM_ITRx_SetConfig
    stm32h7xx_hal_tim.o(i.HAL_TIM_ConfigClockSource) refers to stm32h7xx_hal_tim.o(i.TIM_TI2_ConfigInputStage) for TIM_TI2_ConfigInputStage
    stm32h7xx_hal_tim.o(i.HAL_TIM_ConfigOCrefClear) refers to stm32h7xx_hal_tim.o(i.TIM_ETR_SetConfig) for TIM_ETR_SetConfig
    stm32h7xx_hal_tim.o(i.HAL_TIM_DMABurst_MultiReadStart) refers to stm32h7xx_hal_dma.o(i.HAL_DMA_Start_IT) for HAL_DMA_Start_IT
    stm32h7xx_hal_tim.o(i.HAL_TIM_DMABurst_MultiReadStart) refers to stm32h7xx_hal_tim.o(i.TIM_DMAError) for TIM_DMAError
    stm32h7xx_hal_tim.o(i.HAL_TIM_DMABurst_MultiReadStart) refers to stm32h7xx_hal_tim.o(i.TIM_DMACaptureCplt) for TIM_DMACaptureCplt
    stm32h7xx_hal_tim.o(i.HAL_TIM_DMABurst_MultiReadStart) refers to stm32h7xx_hal_tim.o(i.TIM_DMACaptureHalfCplt) for TIM_DMACaptureHalfCplt
[...]
    i.HAL_IncTick                            0x080021e8   Section        0  stm32h7xx_hal.o(i.HAL_IncTick)
    i.HAL_Init                               0x080021f8   Section        0  stm32h7xx_hal.o(i.HAL_Init)
    i.HAL_InitTick                           0x08002254   Section        0  stm32h7xx_hal_timebase_tim.o(i.HAL_InitTick)
    i.HAL_MPU_ConfigRegion                   0x080022e4   Section        0  stm32h7xx_hal_cortex.o(i.HAL_MPU_ConfigRegion)
    i.HAL_MPU_Disable                        0x08002338   Section        0  stm32h7xx_hal_cortex.o(i.HAL_MPU_Disable)
    i.HAL_MPU_Enable                         0x08002354   Section        0  stm32h7xx_hal_cortex.o(i.HAL_MPU_Enable)
    i.HAL_MspInit                            0x08002378   Section        0  stm32h7xx_hal_msp.o(i.HAL_MspInit)
    i.HAL_NVIC_EnableIRQ                     0x080023a4   Section        0  stm32h7xx_hal_cortex.o(i.HAL_NVIC_EnableIRQ)
    i.HAL_NVIC_SetPriority                   0x080023c0   Section        0  stm32h7xx_hal_cortex.o(i.HAL_NVIC_SetPriority)
    i.HAL_NVIC_SetPriorityGrouping           0x08002400   Section        0  stm32h7xx_hal_cortex.o(i.HAL_NVIC_SetPriorityGrouping)
    i.HAL_PWREx_ConfigSupply                 0x08002424   Section        0  stm32h7xx_hal_pwr_ex.o(i.HAL_PWREx_ConfigSupply)
    i.HAL_RCCEx_GetD3PCLK1Freq               0x0800247c   Section        0  stm32h7xx_hal_rcc_ex.o(i.HAL_RCCEx_GetD3PCLK1Freq)
    i.HAL_RCCEx_GetPLL2ClockFreq             0x080024a0   Section        0  stm32h7xx_hal_rcc_ex.o(i.HAL_RCCEx_GetPLL2ClockFreq)
    i.HAL_RCCEx_GetPLL3ClockFreq             0x08002660   Section        0  stm32h7xx_hal_rcc_ex.o(i.HAL_RCCEx_GetPLL3ClockFreq)
    i.HAL_RCCEx_PeriphCLKConfig              0x08002820   Section        0  stm32h7xx_hal_rcc_ex.o(i.HAL_RCCEx_PeriphCLKConfig)
    i.HAL_RCC_ClockConfig                    0x08003224   Section        0  stm32h7xx_hal_rcc.o(i.HAL_RCC_ClockConfig)
    i.HAL_RCC_GetClockConfig                 0x080034a0   Section        0  stm32h7xx_hal_rcc.o(i.HAL_RCC_GetClockConfig)
    i.HAL_RCC_GetHCLKFreq                    0x08003500   Section        0  stm32h7xx_hal_rcc.o(i.HAL_RCC_GetHCLKFreq)
    i.HAL_RCC_GetPCLK1Freq                   0x08003544   Section        0  stm32h7xx_hal_rcc.o(i.HAL_RCC_GetPCLK1Freq)
    i.HAL_RCC_GetPCLK2Freq                   0x08003568   Section        0  stm32h7xx_hal_rcc.o(i.HAL_RCC_GetPCLK2Freq)
    i.HAL_RCC_GetSysClockFreq                0x0800358c   Section        0  stm32h7xx_hal_rcc.o(i.HAL_RCC_GetSysClockFreq)
    i.HAL_RCC_OscConfig                      0x08003740   Section        0  stm32h7xx_hal_rcc.o(i.HAL_RCC_OscConfig)
    i.HAL_TIMEx_Break2Callback               0x08003dc4   Section        0  stm32h7xx_hal_tim_ex.o(i.HAL_TIMEx_Break2Callback)
    i.HAL_TIMEx_BreakCallback                0x08003dc6   Section        0  stm32h7xx_hal_tim_ex.o(i.HAL_TIMEx_BreakCallback)
    i.HAL_TIMEx_CommutCallback               0x08003dc8   Section        0  stm32h7xx_hal_tim_ex.o(i.HAL_TIMEx_CommutCallback)
    i.HAL_TIMEx_MasterConfigSynchronization  0x08003dcc   Section        0  stm32h7xx_hal_tim_ex.o(i.HAL_TIMEx_MasterConfigSynchronization)
    i.HAL_TIM_Base_Init                      0x08003e6c   Section        0  stm32h7xx_hal_tim.o(i.HAL_TIM_Base_Init)
    i.HAL_TIM_Base_MspInit                   0x08003ebc   Section        0  tim.o(i.HAL_TIM_Base_MspInit)
    i.HAL_TIM_Base_Start_IT                  0x08003f4c   Section        0  stm32h7xx_hal_tim.o(i.HAL_TIM_Base_Start_IT)
    i.HAL_TIM_ConfigClockSource              0x08003fe0   Section        0  stm32h7xx_hal_tim.o(i.HAL_TIM_ConfigClockSource)
    i.HAL_TIM_Encoder_Init                   0x080040e8   Section        0  stm32h7xx_hal_tim.o(i.HAL_TIM_Encoder_Init)
    i.HAL_TIM_Encoder_MspInit                0x080041a0   Section        0  tim.o(i.HAL_TIM_Encoder_MspInit)
    i.HAL_TIM_Encoder_Start                  0x0800424c   Section        0  stm32h7xx_hal_tim.o(i.HAL_TIM_Encoder_Start)
    i.HAL_TIM_IC_CaptureCallback             0x080042f4   Section        0  stm32h7xx_hal_tim.o(i.HAL_TIM_IC_CaptureCallback)
    i.HAL_TIM_IRQHandler                     0x080042f6   Section        0  stm32h7xx_hal_tim.o(i.HAL_TIM_IRQHandler)
    i.HAL_TIM_MspPostInit                    0x08004448   Section        0  tim.o(i.HAL_TIM_MspPostInit)
    i.HAL_TIM_OC_DelayElapsedCallback        0x080044d0   Section        0  stm32h7xx_hal_tim.o(i.HAL_TIM_OC_DelayElapsedCallback)
    i.HAL_TIM_PWM_ConfigChannel              0x080044d2   Section        0  stm32h7xx_hal_tim.o(i.HAL_TIM_PWM_ConfigChannel)
    i.HAL_TIM_PWM_Init                       0x08004608   Section        0  stm32h7xx_hal_tim.o(i.HAL_TIM_PWM_Init)
    i.HAL_TIM_PWM_MspInit                    0x08004656   Section        0  stm32h7xx_hal_tim.o(i.HAL_TIM_PWM_MspInit)
    i.HAL_TIM_PWM_PulseFinishedCallback      0x08004658   Section        0  stm32h7xx_hal_tim.o(i.HAL_TIM_PWM_PulseFinishedCallback)
    i.HAL_TIM_PWM_Start                      0x0800465c   Section        0  stm32h7xx_hal_tim.o(i.HAL_TIM_PWM_Start)
    i.HAL_TIM_PeriodElapsedCallback          0x08004784   Section        0  main.o(i.HAL_TIM_PeriodElapsedCallback)
    i.HAL_TIM_TriggerCallback                0x08004798   Section        0  stm32h7xx_hal_tim.o(i.HAL_TIM_TriggerCallback)
    i.HAL_UARTEx_DisableFifoMode             0x0800479a   Section        0  stm32h7xx_hal_uart_ex.o(i.HAL_UARTEx_DisableFifoMode)
    i.HAL_UARTEx_RxEventCallback             0x080047d8   Section        0  main.o(i.HAL_UARTEx_RxEventCallback)
    i.HAL_UARTEx_RxFifoFullCallback          0x080047da   Section        0  stm32h7xx_hal_uart_ex.o(i.HAL_UARTEx_RxFifoFullCallback)
    i.HAL_UARTEx_SetRxFifoThreshold          0x080047dc   Section        0  stm32h7xx_hal_uart_ex.o(i.HAL_UARTEx_SetRxFifoThreshold)
    i.HAL_UARTEx_SetTxFifoThreshold          0x08004828   Section        0  stm32h7xx_hal_uart_ex.o(i.HAL_UARTEx_SetTxFifoThreshold)
    i.HAL_UARTEx_TxFifoEmptyCallback         0x08004874   Section        0  stm32h7xx_hal_uart_ex.o(i.HAL_UARTEx_TxFifoEmptyCallback)
    i.HAL_UARTEx_WakeupCallback              0x08004876   Section        0  stm32h7xx_hal_uart_ex.o(i.HAL_UARTEx_WakeupCallback)
    i.HAL_UART_AbortReceiveCpltCallback      0x08004878   Section        0  rescue_car.o(i.HAL_UART_AbortReceiveCpltCallback)
    i.HAL_UART_AbortReceive_IT               0x08004938   Section        0  stm32h7xx_hal_uart.o(i.HAL_UART_AbortReceive_IT)
    i.HAL_UART_ErrorCallback                 0x08004a04   Section        0  stm32h7xx_hal_uart.o(i.HAL_UART_ErrorCallback)
    i.HAL_UART_IRQHandler                    0x08004a08   Section        0  stm32h7xx_hal_uart.o(i.HAL_UART_IRQHandler)
    i.HAL_UART_Init                          0x08004db4   Section        0  stm32h7xx_hal_uart.o(i.HAL_UART_Init)
    i.HAL_UART_MspInit                       0x08004e24   Section        0  usart.o(i.HAL_UART_MspInit)
    i.HAL_UART_Receive_DMA                   0x08005108   Section        0  stm32h7xx_hal_uart.o(i.HAL_UART_Receive_DMA)
    i.HAL_UART_RxCpltCallback                0x08005150   Section        0  main.o(i.HAL_UART_RxCpltCallback)
    i.HAL_UART_RxHalfCpltCallback            0x08005152   Section        0  stm32h7xx_hal_uart.o(i.HAL_UART_RxHalfCpltCallback)
    i.HAL_UART_TxCpltCallback                0x08005154   Section        0  stm32h7xx_hal_uart.o(i.HAL_UART_TxCpltCallback)
    i.HardFault_Handler                      0x08005156   Section        0  stm32h7xx_it.o(i.HardFault_Handler)
    i.MPU_Config                             0x08005158   Section        0  main.o(i.MPU_Config)
    MPU_Config                               0x08005159   Thumb Code    78  main.o(i.MPU_Config)
    i.MX_DMA_Init                            0x080051a8   Section        0  dma.o(i.MX_DMA_Init)
    i.MX_GPIO_Init                           0x08005204   Section        0  gpio.o(i.MX_GPIO_Init)
    i.MX_TIM16_Init                          0x080052bc   Section        0  tim.o(i.MX_TIM16_Init)
    i.MX_TIM17_Init                          0x080052f4   Section        0  tim.o(i.MX_TIM17_Init)
    i.MX_TIM1_Init                           0x0800532c   Section        0  tim.o(i.MX_TIM1_Init)
    i.MX_TIM2_Init                           0x080053a0   Section        0  tim.o(i.MX_TIM2_Init)
    i.MX_TIM3_Init                           0x0800540c   Section        0  tim.o(i.MX_TIM3_Init)
    i.MX_TIM4_Init                           0x080054d8   Section        0  tim.o(i.MX_TIM4_Init)
    i.MX_UART5_Init                          0x080055a4   Section        0  usart.o(i.MX_UART5_Init)
    i.MX_UART8_Init                          0x0800560c   Section        0  usart.o(i.MX_UART8_Init)
    i.MX_USART1_UART_Init                    0x08005674   Section        0  usart.o(i.MX_USART1_UART_Init)
    i.MX_USART2_UART_Init                    0x080056dc   Section        0  usart.o(i.MX_USART2_UART_Init)
    i.MemManage_Handler                      0x08005744   Section        0  stm32h7xx_it.o(i.MemManage_Handler)
    i.NMI_Handler                            0x08005746   Section        0  stm32h7xx_it.o(i.NMI_Handler)
    i.RCCEx_PLL2_Config                      0x08005748   Section        0  stm32h7xx_hal_rcc_ex.o(i.RCCEx_PLL2_Config)
    RCCEx_PLL2_Config                        0x08005749   Thumb Code   286  stm32h7xx_hal_rcc_ex.o(i.RCCEx_PLL2_Config)
    i.RCCEx_PLL3_Config                      0x0800586c   Section        0  stm32h7xx_hal_rcc_ex.o(i.RCCEx_PLL3_Config)
    RCCEx_PLL3_Config                        0x0800586d   Thumb Code   286  stm32h7xx_hal_rcc_ex.o(i.RCCEx_PLL3_Config)
    i.SysTick_Handler                        0x08005990   Section        0  stm32h7xx_it.o(i.SysTick_Handler)
    i.SystemClock_Config                     0x080059a4   Section        0  main.o(i.SystemClock_Config)
    i.SystemInit                             0x08005a48   Section        0  system_stm32h7xx.o(i.SystemInit)
    i.TIM17_IRQHandler                       0x08005b3c   Section        0  stm32h7xx_it.o(i.TIM17_IRQHandler)
    i.TIM5_IRQHandler                        0x08005b48   Section        0  stm32h7xx_it.o(i.TIM5_IRQHandler)
    i.TIM_Base_SetConfig                     0x08005b54   Section        0  stm32h7xx_hal_tim.o(i.TIM_Base_SetConfig)
    i.TIM_CCxChannelCmd                      0x08005c1c   Section        0  stm32h7xx_hal_tim.o(i.TIM_CCxChannelCmd)
    i.TIM_ETR_SetConfig                      0x08005c36   Section        0  stm32h7xx_hal_tim.o(i.TIM_ETR_SetConfig)
    i.TIM_ITRx_SetConfig                     0x08005c4c   Section        0  stm32h7xx_hal_tim.o(i.TIM_ITRx_SetConfig)
    TIM_ITRx_SetConfig                       0x08005c4d   Thumb Code    16  stm32h7xx_hal_tim.o(i.TIM_ITRx_SetConfig)
    i.TIM_OC1_SetConfig                      0x08005c60   Section        0  stm32h7xx_hal_tim.o(i.TIM_OC1_SetConfig)
    TIM_OC1_SetConfig                        0x08005c61   Thumb Code   136  stm32h7xx_hal_tim.o(i.TIM_OC1_SetConfig)
    i.TIM_OC2_SetConfig                      0x08005d00   Section        0  stm32h7xx_hal_tim.o(i.TIM_OC2_SetConfig)
    i.TIM_OC3_SetConfig                      0x08005d94   Section        0  stm32h7xx_hal_tim.o(i.TIM_OC3_SetConfig)
    TIM_OC3_SetConfig                        0x08005d95   Thumb Code   122  stm32h7xx_hal_tim.o(i.TIM_OC3_SetConfig)
    i.TIM_OC4_SetConfig                      0x08005e28   Section        0  stm32h7xx_hal_tim.o(i.TIM_OC4_SetConfig)
    TIM_OC4_SetConfig                        0x08005e29   Thumb Code    92  stm32h7xx_hal_tim.o(i.TIM_OC4_SetConfig)
    i.TIM_OC5_SetConfig                      0x08005e9c   Section        0  stm32h7xx_hal_tim.o(i.TIM_OC5_SetConfig)
    TIM_OC5_SetConfig                        0x08005e9d   Thumb Code    86  stm32h7xx_hal_tim.o(i.TIM_OC5_SetConfig)
    i.TIM_OC6_SetConfig                      0x08005f0c   Section        0  stm32h7xx_hal_tim.o(i.TIM_OC6_SetConfig)
    TIM_OC6_SetConfig                        0x08005f0d   Thumb Code    88  stm32h7xx_hal_tim.o(i.TIM_OC6_SetConfig)
    i.TIM_TI1_ConfigInputStage               0x08005f7c   Section        0  stm32h7xx_hal_tim.o(i.TIM_TI1_ConfigInputStage)
    TIM_TI1_ConfigInputStage                 0x08005f7d   Thumb Code    34  stm32h7xx_hal_tim.o(i.TIM_TI1_ConfigInputStage)
    i.TIM_TI2_ConfigInputStage               0x08005f9e   Section        0  stm32h7xx_hal_tim.o(i.TIM_TI2_ConfigInputStage)
    TIM_TI2_ConfigInputStage                 0x08005f9f   Thumb Code    36  stm32h7xx_hal_tim.o(i.TIM_TI2_ConfigInputStage)
    i.UARTEx_SetNbDataToProcess              0x08005fc4   Section        0  stm32h7xx_hal_uart_ex.o(i.UARTEx_SetNbDataToProcess)
    UARTEx_SetNbDataToProcess                0x08005fc5   Thumb Code    66  stm32h7xx_hal_uart_ex.o(i.UARTEx_SetNbDataToProcess)
    i.UART_AdvFeatureConfig                  0x0800600c   Section        0  stm32h7xx_hal_uart.o(i.UART_AdvFeatureConfig)
    i.UART_CheckIdleState                    0x080060d4   Section        0  stm32h7xx_hal_uart.o(i.UART_CheckIdleState)
    i.UART_DMAAbortOnError                   0x0800617e   Section        0  stm32h7xx_hal_uart.o(i.UART_DMAAbortOnError)
    UART_DMAAbortOnError                     0x0800617f   Thumb Code    16  stm32h7xx_hal_uart.o(i.UART_DMAAbortOnError)
    i.UART_DMAError                          0x0800618e   Section        0  stm32h7xx_hal_uart.o(i.UART_DMAError)
    UART_DMAError                            0x0800618f   Thumb Code    80  stm32h7xx_hal_uart.o(i.UART_DMAError)
    i.UART_DMAReceiveCplt                    0x080061de   Section        0  stm32h7xx_hal_uart.o(i.UART_DMAReceiveCplt)
    UART_DMAReceiveCplt                      0x080061df   Thumb Code   132  stm32h7xx_hal_uart.o(i.UART_DMAReceiveCplt)
    i.UART_DMARxHalfCplt                     0x08006262   Section        0  stm32h7xx_hal_uart.o(i.UART_DMARxHalfCplt)
    UART_DMARxHalfCplt                       0x08006263   Thumb Code    32  stm32h7xx_hal_uart.o(i.UART_DMARxHalfCplt)
    i.UART_DMARxOnlyAbortCallback            0x08006282   Section        0  stm32h7xx_hal_uart.o(i.UART_DMARxOnlyAbortCallback)
    UART_DMARxOnlyAbortCallback              0x08006283   Thumb Code    40  stm32h7xx_hal_uart.o(i.UART_DMARxOnlyAbortCallback)
    i.UART_EndRxTransfer                     0x080062ac   Section        0  stm32h7xx_hal_uart.o(i.UART_EndRxTransfer)
    UART_EndRxTransfer                       0x080062ad   Thumb Code    78  stm32h7xx_hal_uart.o(i.UART_EndRxTransfer)
    i.UART_EndTransmit_IT                    0x08006300   Section        0  stm32h7xx_hal_uart.o(i.UART_EndTransmit_IT)
    UART_EndTransmit_IT                      0x08006301   Thumb Code    36  stm32h7xx_hal_uart.o(i.UART_EndTransmit_IT)
    i.UART_EndTxTransfer                     0x08006324   Section        0  stm32h7xx_hal_uart.o(i.UART_EndTxTransfer)
    UART_EndTxTransfer                       0x08006325   Thumb Code    46  stm32h7xx_hal_uart.o(i.UART_EndTxTransfer)
    i.UART_SetConfig                         0x08006354   Section        0  stm32h7xx_hal_uart.o(i.UART_SetConfig)
    i.UART_Start_Receive_DMA                 0x080067e4   Section        0  stm32h7xx_hal_uart.o(i.UART_Start_Receive_DMA)
    i.UART_WaitOnFlagUntilTimeout            0x08006888   Section        0  stm32h7xx_hal_uart.o(i.UART_WaitOnFlagUntilTimeout)
    i.USART1_IRQHandler                      0x08006920   Section        0  stm32h7xx_it.o(i.USART1_IRQHandler)
    i.USART2_IRQHandler                      0x0800692c   Section        0  stm32h7xx_it.o(i.USART2_IRQHandler)
    i.UsageFault_Handler                     0x080069f8   Section        0  stm32h7xx_it.o(i.UsageFault_Handler)
    i.__NVIC_SetPriority                     0x080069fa   Section        0  stm32h7xx_hal_cortex.o(i.__NVIC_SetPriority)
    __NVIC_SetPriority                       0x080069fb   Thumb Code    32  stm32h7xx_hal_cortex.o(i.__NVIC_SetPriority)
    i.main                                   0x08006a1c   Section        0  main.o(i.main)
    i.prvResetNextTaskUnblockTime            0x08006aac   Section        0  tasks.o(i.prvResetNextTaskUnblockTime)
    prvResetNextTaskUnblockTime              0x08006aad   Thumb Code    28  tasks.o(i.prvResetNextTaskUnblockTime)
    i.vTaskSwitchContext                     0x08006acc   Section        0  tasks.o(i.vTaskSwitchContext)
    i.xPortSysTickHandler                    0x08006b30   Section        0  port.o(i.xPortSysTickHandler)
    i.xTaskGetSchedulerState                 0x08006b60   Section        0  tasks.o(i.xTaskGetSchedulerState)
    i.xTaskIncrementTick                     0x08006b7c   Section        0  tasks.o(i.xTaskIncrementTick)
    x$fpl$fpinit                             0x08006cb0   Section       10  fpinit.o(x$fpl$fpinit)
    $v0                                      0x08006cb0   Number         0  fpinit.o(x$fpl$fpinit)
    .constdata                               0x08006cba   Section        8  stm32h7xx_hal_dma.o(.constdata)
    flagBitshiftOffset                       0x08006cba   Data           8  stm32h7xx_hal_dma.o(.constdata)
    .constdata                               0x08006cc2   Section       24  stm32h7xx_hal_uart.o(.constdata)
    .constdata                               0x08006cda   Section       16  stm32h7xx_hal_uart_ex.o(.constdata)
    numerator                                0x08006cda   Data           8  stm32h7xx_hal_uart_ex.o(.constdata)
    denominator                              0x08006ce2   Data           8  stm32h7xx_hal_uart_ex.o(.constdata)
    .constdata                               0x08006cea   Section       16  system_stm32h7xx.o(.constdata)
    .data                                    0x24000000   Section       12  stm32h7xx_hal.o(.data)
    .data                                    0x2400000c   Section        8  system_stm32h7xx.o(.data)
    .data                                    0x24000014   Section       64  tasks.o(.data)
    uxDeletedTasksWaitingCleanUp             0x24000018   Data           4  tasks.o(.data)
    uxCurrentNumberOfTasks                   0x2400001c   Data           4  tasks.o(.data)
    xTickCount                               0x24000020   Data           4  tasks.o(.data)
    uxTopReadyPriority                       0x24000024   Data           4  tasks.o(.data)
    xSchedulerRunning                        0x24000028   Data           4  tasks.o(.data)
    xPendedTicks                             0x2400002c   Data           4  tasks.o(.data)
    xYieldPending                            0x24000030   Data           4  tasks.o(.data)
    xNumOfOverflows                          0x24000034   Data           4  tasks.o(.data)
    uxTaskNumber                             0x24000038   Data           4  tasks.o(.data)
    xNextTaskUnblockTime                     0x2400003c   Data           4  tasks.o(.data)
    xIdleTaskHandle                          0x24000040   Data           4  tasks.o(.data)
    uxSchedulerSuspended                     0x24000048   Data           4  tasks.o(.data)
    pxDelayedTaskList                        0x2400004c   Data           4  tasks.o(.data)
    pxOverflowDelayedTaskList                0x24000050   Data           4  tasks.o(.data)
    .data                                    0x24000054   Section        1  jy901s.o(.data)
    .bss                                     0x24000058   Section      240  tasks.o(.bss)
    pxReadyTasksLists                        0x24000058   Data         140  tasks.o(.bss)
    xDelayedTaskList1                        0x240000e4   Data          20  tasks.o(.bss)
    xDelayedTaskList2                        0x240000f8   Data          20  tasks.o(.bss)
    xPendingReadyList                        0x2400010c   Data          20  tasks.o(.bss)
    xTasksWaitingTermination                 0x24000120   Data          20  tasks.o(.bss)
    xSuspendedTaskList                       0x24000134   Data          20  tasks.o(.bss)
    .bss                                     0x24000148   Section      456  tim.o(.bss)
    .bss                                     0x24000310   Section     1072  usart.o(.bss)
    .bss                                     0x24000740   Section       76  stm32h7xx_hal_timebase_tim.o(.bss)
    .bss                                     0x2400078c   Section      100  jy901s.o(.bss)
    .bss                                     0x240007f0   Section       96  libspace.o(.bss)
    HEAP                                     0x24000850   Section      512  startup_stm32h750xx.o(HEAP)
    Heap_Mem                                 0x24000850   Data         512  startup_stm32h750xx.o(HEAP)
    STACK                                    0x24000a50   Section     1024  startup_stm32h750xx.o(STACK)
    Stack_Mem                                0x24000a50   Data        1024  startup_stm32h750xx.o(STACK)
    __initial_sp                             0x24000e50   Data           0  startup_stm32h750xx.o(STACK)

    Global Symbols

    Symbol Name                              Value     Ov Type        Size  Object(Section)

    BuildAttributes$$THM_ISAv4$E$P$D$K$B$S$7EM$VFPv5_D16$PE$PLD8$A:L22UL41UL21$X:L11$S22US41US21$IEEE1$IW$USESV6$~STKCKD$USESV7$~SHL$OSPACE$ROPI$EBA8$UX$STANDARDLIB$REQ8$PRES8$EABIv2 0x00000000   Number         0  anon$$obj.o ABSOLUTE
    __ARM_use_no_argv                        0x00000000   Number         0  main.o ABSOLUTE
    __ARM_exceptions_init                     - Undefined Weak Reference
    __alloca_initialize                       - Undefined Weak Reference
    __arm_fini_                               - Undefined Weak Reference
    __arm_preinit_                            - Undefined Weak Reference
    __cpp_initialize__aeabi_                  - Undefined Weak Reference
    __cxa_finalize                            - Undefined Weak Reference
    __rt_locale                               - Undefined Weak Reference
    __sigvec_lookup                           - Undefined Weak Reference
    _atexit_init                              - Undefined Weak Reference
    _call_atexit_fns                          - Undefined Weak Reference
    _clock_init                               - Undefined Weak Reference
    _fp_trap_init                             - Undefined Weak Reference
    _fp_trap_shutdown                         - Undefined Weak Reference
    _get_lc_collate                           - Undefined Weak Reference
    _get_lc_ctype                             - Undefined Weak Reference
    _get_lc_monetary                          - Undefined Weak Reference
    _get_lc_numeric                           - Undefined Weak Reference
    _get_lc_time                              - Undefined Weak Reference
    _getenv_init                              - Undefined Weak Reference
    _handle_redirection                       - Undefined Weak Reference
    _init_alloc                               - Undefined Weak Reference
    _init_user_alloc                          - Undefined Weak Reference
    _initio                                   - Undefined Weak Reference
    _rand_init                                - Undefined Weak Reference
    _signal_finish                            - Undefined Weak Reference
    _signal_init                              - Undefined Weak Reference
    _terminate_alloc                          - Undefined Weak Reference
    _terminate_user_alloc                     - Undefined Weak Reference
    _terminateio                              - Undefined Weak Reference
    __Vectors_Size                           0x00000298   Number         0  startup_stm32h750xx.o ABSOLUTE
    __Vectors                                0x08000000   Data           4  startup_stm32h750xx.o(RESET)
    __Vectors_End                            0x08000298   Data           0  startup_stm32h750xx.o(RESET)
    __main                                   0x08000299   Thumb Code     8  __main.o(!!!main)
    __scatterload                            0x080002a1   Thumb Code     0  __scatter.o(!!!scatter)
    __scatterload_rt2                        0x080002a1   Thumb Code    44  __scatter.o(!!!scatter)
    __scatterload_rt2_thumb_only             0x080002a1   Thumb Code     0  __scatter.o(!!!scatter)
    __scatterload_null                       0x080002af   Thumb Code     0  __scatter.o(!!!scatter)
    __scatterload_copy                       0x080002d5   Thumb Code    26  __scatter_copy.o(!!handler_copy)
    __scatterload_zeroinit                   0x080002f1   Thumb Code    28  __scatter_zi.o(!!handler_zi)
    __rt_lib_init                            0x0800030d   Thumb Code     0  libinit.o(.ARM.Collect$$libinit$$00000000)
    __rt_lib_init_fp_1                       0x0800030f   Thumb Code     0  libinit2.o(.ARM.Collect$$libinit$$00000001)
    __rt_lib_init_alloca_1                   0x08000313   Thumb Code     0  libinit2.o(.ARM.Collect$$libinit$$0000002E)
    __rt_lib_init_argv_1                     0x08000313   Thumb Code     0  libinit2.o(.ARM.Collect$$libinit$$0000002C)
    __rt_lib_init_atexit_1                   0x08000313   Thumb Code     0  libinit2.o(.ARM.Collect$$libinit$$0000001B)
    __rt_lib_init_clock_1                    0x08000313   Thumb Code     0  libinit2.o(.ARM.Collect$$libinit$$00000021)
    __rt_lib_init_cpp_1                      0x08000313   Thumb Code     0  libinit2.o(.ARM.Collect$$libinit$$00000032)
    __rt_lib_init_exceptions_1               0x08000313   Thumb Code     0  libinit2.o(.ARM.Collect$$libinit$$00000030)
    __rt_lib_init_fp_trap_1                  0x08000313   Thumb Code     0  libinit2.o(.ARM.Collect$$libinit$$0000001F)
    __rt_lib_init_getenv_1                   0x08000313   Thumb Code     0  libinit2.o(.ARM.Collect$$libinit$$00000023)
    __rt_lib_init_heap_1                     0x08000313   Thumb Code     0  libinit2.o(.ARM.Collect$$libinit$$0000000A)
    __rt_lib_init_lc_collate_1               0x08000313   Thumb Code     0  libinit2.o(.ARM.Collect$$libinit$$00000011)
    __rt_lib_init_lc_ctype_1                 0x08000313   Thumb Code     0  libinit2.o(.ARM.Collect$$libinit$$00000013)
    __rt_lib_init_lc_monetary_1              0x08000313   Thumb Code     0  libinit2.o(.ARM.Collect$$libinit$$00000015)
    __rt_lib_init_lc_numeric_1               0x08000313   Thumb Code     0  libinit2.o(.ARM.Collect$$libinit$$00000017)
    __rt_lib_init_lc_time_1                  0x08000313   Thumb Code     0  libinit2.o(.ARM.Collect$$libinit$$00000019)
    __rt_lib_init_preinit_1                  0x08000313   Thumb Code     0  libinit2.o(.ARM.Collect$$libinit$$00000004)
    __rt_lib_init_rand_1                     0x08000313   Thumb Code     0  libinit2.o(.ARM.Collect$$libinit$$0000000E)
    __rt_lib_init_return                     0x08000313   Thumb Code     0  libinit2.o(.ARM.Collect$$libinit$$00000033)
    __rt_lib_init_signal_1                   0x08000313   Thumb Code     0  libinit2.o(.ARM.Collect$$libinit$$0000001D)
    __rt_lib_init_stdio_1                    0x08000313   Thumb Code     0  libinit2.o(.ARM.Collect$$libinit$$00000025)
    __rt_lib_init_user_alloc_1               0x08000313   Thumb Code     0  libinit2.o(.ARM.Collect$$libinit$$0000000C)
    __rt_lib_shutdown                        0x08000315   Thumb Code     0  libshutdown.o(.ARM.Collect$$libshutdown$$00000000)
    __rt_lib_shutdown_cpp_1                  0x08000317   Thumb Code     0  libshutdown2.o(.ARM.Collect$$libshutdown$$00000004)
    __rt_lib_shutdown_fini_1                 0x08000317   Thumb Code     0  libshutdown2.o(.ARM.Collect$$libshutdown$$00000002)
    __rt_lib_shutdown_fp_trap_1              0x08000317   Thumb Code     0  libshutdown2.o(.ARM.Collect$$libshutdown$$00000009)
    __rt_lib_shutdown_heap_1                 0x08000317   Thumb Code     0  libshutdown2.o(.ARM.Collect$$libshutdown$$00000011)
    __rt_lib_shutdown_return                 0x08000317   Thumb Code     0  libshutdown2.o(.ARM.Collect$$libshutdown$$00000012)
    __rt_lib_shutdown_signal_1               0x08000317   Thumb Code     0  libshutdown2.o(.ARM.Collect$$libshutdown$$0000000C)
    __rt_lib_shutdown_stdio_1                0x08000317   Thumb Code     0  libshutdown2.o(.ARM.Collect$$libshutdown$$00000006)
    __rt_lib_shutdown_user_alloc_1           0x08000317   Thumb Code     0  libshutdown2.o(.ARM.Collect$$libshutdown$$0000000E)
    __rt_entry                               0x08000319   Thumb Code     0  __rtentry.o(.ARM.Collect$$rtentry$$00000000)
    __rt_entry_presh_1                       0x08000319   Thumb Code     0  __rtentry2.o(.ARM.Collect$$rtentry$$00000002)
    __rt_entry_sh                            0x08000319   Thumb Code     0  __rtentry4.o(.ARM.Collect$$rtentry$$00000004)
    __rt_entry_li                            0x0800031f   Thumb Code     0  __rtentry2.o(.ARM.Collect$$rtentry$$0000000A)
    __rt_entry_postsh_1                      0x0800031f   Thumb Code     0  __rtentry2.o(.ARM.Collect$$rtentry$$00000009)
    __rt_entry_main                          0x08000323   Thumb Code     0  __rtentry2.o(.ARM.Collect$$rtentry$$0000000D)
    __rt_entry_postli_1                      0x08000323   Thumb Code     0  __rtentry2.o(.ARM.Collect$$rtentry$$0000000C)
    __rt_exit                                0x0800032b   Thumb Code     0  rtexit.o(.ARM.Collect$$rtexit$$00000000)
    __rt_exit_ls                             0x0800032d   Thumb Code     0  rtexit2.o(.ARM.Collect$$rtexit$$00000003)
    __rt_exit_prels_1                        0x0800032d   Thumb Code     0  rtexit2.o(.ARM.Collect$$rtexit$$00000002)
    __rt_exit_exit                           0x08000331   Thumb Code     0  rtexit2.o(.ARM.Collect$$rtexit$$00000004)
    SVC_Handler                              0x08000339   Thumb Code    28  port.o(.emb_text)
    __asm___6_port_c_39a90d8d__prvStartFirstTask 0x08000359   Thumb Code    36  port.o(.emb_text)
    __asm___6_port_c_39a90d8d__prvEnableVFP  0x08000381   Thumb Code    16  port.o(.emb_text)
    PendSV_Handler                           0x08000395   Thumb Code    92  port.o(.emb_text)
    vPortGetIPSR                             0x080003f5   Thumb Code     6  port.o(.emb_text)
    Reset_Handler                            0x080003fd   Thumb Code    12  startup_stm32h750xx.o(.text)
    ADC3_IRQHandler                          0x0800041b   Thumb Code     0  startup_stm32h750xx.o(.text)
    ADC_IRQHandler                           0x0800041b   Thumb Code     0  startup_stm32h750xx.o(.text)
    BDMA_Channel0_IRQHandler                 0x0800041b   Thumb Code     0  startup_stm32h750xx.o(.text)
    BDMA_Channel1_IRQHandler                 0x0800041b   Thumb Code     0  startup_stm32h750xx.o(.text)
    BDMA_Channel2_IRQHandler                 0x0800041b   Thumb Code     0  startup_stm32h750xx.o(.text)
    BDMA_Channel3_IRQHandler                 0x0800041b   Thumb Code     0  startup_stm32h750xx.o(.text)
    BDMA_Channel4_IRQHandler                 0x0800041b   Thumb Code     0  startup_stm32h750xx.o(.text)
    BDMA_Channel5_IRQHandler                 0x0800041b   Thumb Code     0  startup_stm32h750xx.o(.text)
    BDMA_Channel6_IRQHandler                 0x0800041b   Thumb Code     0  startup_stm32h750xx.o(.text)
    BDMA_Channel7_IRQHandler                 0x0800041b   Thumb Code     0  startup_stm32h750xx.o(.text)
    CEC_IRQHandler                           0x0800041b   Thumb Code     0  startup_stm32h750xx.o(.text)
    COMP1_IRQHandler                         0x0800041b   Thumb Code     0  startup_stm32h750xx.o(.text)
    CRS_IRQHandler                           0x0800041b   Thumb Code     0  startup_stm32h750xx.o(.text)
    CRYP_IRQHandler                          0x0800041b   Thumb Code     0  startup_stm32h750xx.o(.text)
    DCMI_IRQHandler                          0x0800041b   Thumb Code     0  startup_stm32h750xx.o(.text)
    DFSDM1_FLT0_IRQHandler                   0x0800041b   Thumb Code     0  startup_stm32h750xx.o(.text)
    DFSDM1_FLT1_IRQHandler                   0x0800041b   Thumb Code     0  startup_stm32h750xx.o(.text)
    DFSDM1_FLT2_IRQHandler                   0x0800041b   Thumb Code     0  startup_stm32h750xx.o(.text)
    DFSDM1_FLT3_IRQHandler                   0x0800041b   Thumb Code     0  startup_stm32h750xx.o(.text)
    DMA1_Stream4_IRQHandler                  0x0800041b   Thumb Code     0  startup_stm32h750xx.o(.text)
    DMA1_Stream5_IRQHandler                  0x0800041b   Thumb Code     0  startup_stm32h750xx.o(.text)
    DMA1_Stream6_IRQHandler                  0x0800041b   Thumb Code     0  startup_stm32h750xx.o(.text)
    DMA1_Stream7_IRQHandler                  0x0800041b   Thumb Code     0  startup_stm32h750xx.o(.text)
    DMA2D_IRQHandler                         0x0800041b   Thumb Code     0  startup_stm32h750xx.o(.text)
    DMA2_Stream0_IRQHandler                  0x0800041b   Thumb Code     0  startup_stm32h750xx.o(.text)
    DMA2_Stream1_IRQHandler                  0x0800041b   Thumb Code     0  startup_stm32h750xx.o(.text)
    DMA2_Stream2_IRQHandler                  0x0800041b   Thumb Code     0  startup_stm32h750xx.o(.text)
    DMA2_Stream3_IRQHandler                  0x0800041b   Thumb Code     0  startup_stm32h750xx.o(.text)
    DMA2_Stream4_IRQHandler                  0x0800041b   Thumb Code     0  startup_stm32h750xx.o(.text)
    DMA2_Stream5_IRQHandler                  0x0800041b   Thumb Code     0  startup_stm32h750xx.o(.text)
    DMA2_Stream6_IRQHandler                  0x0800041b   Thumb Code     0  startup_stm32h750xx.o(.text)
    DMA2_Stream7_IRQHandler                  0x0800041b   Thumb Code     0  startup_stm32h750xx.o(.text)
    DMAMUX1_OVR_IRQHandler                   0x0800041b   Thumb Code     0  startup_stm32h750xx.o(.text)
    DMAMUX2_OVR_IRQHandler                   0x0800041b   Thumb Code     0  startup_stm32h750xx.o(.text)
    ECC_IRQHandler                           0x0800041b   Thumb Code     0  startup_stm32h750xx.o(.text)
    ETH_IRQHandler                           0x0800041b   Thumb Code     0  startup_stm32h750xx.o(.text)
    ETH_WKUP_IRQHandler                      0x0800041b   Thumb Code     0  startup_stm32h750xx.o(.text)
    EXTI0_IRQHandler                         0x0800041b   Thumb Code     0  startup_stm32h750xx.o(.text)
    EXTI15_10_IRQHandler                     0x0800041b   Thumb Code     0  startup_stm32h750xx.o(.text)
    EXTI1_IRQHandler                         0x0800041b   Thumb Code     0  startup_stm32h750xx.o(.text)
    EXTI2_IRQHandler                         0x0800041b   Thumb Code     0  startup_stm32h750xx.o(.text)
    EXTI3_IRQHandler                         0x0800041b   Thumb Code     0  startup_stm32h750xx.o(.text)
    EXTI4_IRQHandler                         0x0800041b   Thumb Code     0  startup_stm32h750xx.o(.text)
    EXTI9_5_IRQHandler                       0x0800041b   Thumb Code     0  startup_stm32h750xx.o(.text)
    FDCAN1_IT0_IRQHandler                    0x0800041b   Thumb Code     0  startup_stm32h750xx.o(.text)
    FDCAN1_IT1_IRQHandler                    0x0800041b   Thumb Code     0  startup_stm32h750xx.o(.text)
    FDCAN2_IT0_IRQHandler                    0x0800041b   Thumb Code     0  startup_stm32h750xx.o(.text)
    FDCAN2_IT1_IRQHandler                    0x0800041b   Thumb Code     0  startup_stm32h750xx.o(.text)
    FDCAN_CAL_IRQHandler                     0x0800041b   Thumb Code     0  startup_stm32h750xx.o(.text)
    FLASH_IRQHandler                         0x0800041b   Thumb Code     0  startup_stm32h750xx.o(.text)
    FMC_IRQHandler                           0x0800041b   Thumb Code     0  startup_stm32h750xx.o(.text)
    FPU_IRQHandler                           0x0800041b   Thumb Code     0  startup_stm32h750xx.o(.text)
    HASH_RNG_IRQHandler                      0x0800041b   Thumb Code     0  startup_stm32h750xx.o(.text)
    HRTIM1_FLT_IRQHandler                    0x0800041b   Thumb Code     0  startup_stm32h750xx.o(.text)
    HRTIM1_Master_IRQHandler                 0x0800041b   Thumb Code     0  startup_stm32h750xx.o(.text)
    HRTIM1_TIMA_IRQHandler                   0x0800041b   Thumb Code     0  startup_stm32h750xx.o(.text)
    HRTIM1_TIMB_IRQHandler                   0x0800041b   Thumb Code     0  startup_stm32h750xx.o(.text)
    HRTIM1_TIMC_IRQHandler                   0x0800041b   Thumb Code     0  startup_stm32h750xx.o(.text)
    HRTIM1_TIMD_IRQHandler                   0x0800041b   Thumb Code     0  startup_stm32h750xx.o(.text)
    HRTIM1_TIME_IRQHandler                   0x0800041b   Thumb Code     0  startup_stm32h750xx.o(.text)
    HSEM1_IRQHandler                         0x0800041b   Thumb Code     0  startup_stm32h750xx.o(.text)
    I2C1_ER_IRQHandler                       0x0800041b   Thumb Code     0  startup_stm32h750xx.o(.text)
    I2C1_EV_IRQHandler                       0x0800041b   Thumb Code     0  startup_stm32h750xx.o(.text)
    I2C2_ER_IRQHandler                       0x0800041b   Thumb Code     0  startup_stm32h750xx.o(.text)
    I2C2_EV_IRQHandler                       0x0800041b   Thumb Code     0  startup_stm32h750xx.o(.text)
    I2C3_ER_IRQHandler                       0x0800041b   Thumb Code     0  startup_stm32h750xx.o(.text)
    I2C3_EV_IRQHandler                       0x0800041b   Thumb Code     0  startup_stm32h750xx.o(.text)
    I2C4_ER_IRQHandler                       0x0800041b   Thumb Code     0  startup_stm32h750xx.o(.text)
    I2C4_EV_IRQHandler                       0x0800041b   Thumb Code     0  startup_stm32h750xx.o(.text)
    JPEG_IRQHandler                          0x0800041b   Thumb Code     0  startup_stm32h750xx.o(.text)
    LPTIM1_IRQHandler                        0x0800041b   Thumb Code     0  startup_stm32h750xx.o(.text)
    LPTIM2_IRQHandler                        0x0800041b   Thumb Code     0  startup_stm32h750xx.o(.text)
    LPTIM3_IRQHandler                        0x0800041b   Thumb Code     0  startup_stm32h750xx.o(.text)
    LPTIM4_IRQHandler                        0x0800041b   Thumb Code     0  startup_stm32h750xx.o(.text)
    LPTIM5_IRQHandler                        0x0800041b   Thumb Code     0  startup_stm32h750xx.o(.text)
    LPUART1_IRQHandler                       0x0800041b   Thumb Code     0  startup_stm32h750xx.o(.text)
    LTDC_ER_IRQHandler                       0x0800041b   Thumb Code     0  startup_stm32h750xx.o(.text)
    LTDC_IRQHandler                          0x0800041b   Thumb Code     0  startup_stm32h750xx.o(.text)
    MDIOS_IRQHandler                         0x0800041b   Thumb Code     0  startup_stm32h750xx.o(.text)
    MDIOS_WKUP_IRQHandler                    0x0800041b   Thumb Code     0  startup_stm32h750xx.o(.text)
    MDMA_IRQHandler                          0x0800041b   Thumb Code     0  startup_stm32h750xx.o(.text)
    OTG_FS_EP1_IN_IRQHandler                 0x0800041b   Thumb Code     0  startup_stm32h750xx.o(.text)
    OTG_FS_EP1_OUT_IRQHandler                0x0800041b   Thumb Code     0  startup_stm32h750xx.o(.text)
    OTG_FS_IRQHandler                        0x0800041b   Thumb Code     0  startup_stm32h750xx.o(.text)
    OTG_FS_WKUP_IRQHandler                   0x0800041b   Thumb Code     0  startup_stm32h750xx.o(.text)
    OTG_HS_EP1_IN_IRQHandler                 0x0800041b   Thumb Code     0  startup_stm32h750xx.o(.text)
    OTG_HS_EP1_OUT_IRQHandler                0x0800041b   Thumb Code     0  startup_stm32h750xx.o(.text)
    OTG_HS_IRQHandler                        0x0800041b   Thumb Code     0  startup_stm32h750xx.o(.text)
    OTG_HS_WKUP_IRQHandler                   0x0800041b   Thumb Code     0  startup_stm32h750xx.o(.text)
    PVD_AVD_IRQHandler                       0x0800041b   Thumb Code     0  startup_stm32h750xx.o(.text)
    QUADSPI_IRQHandler                       0x0800041b   Thumb Code     0  startup_stm32h750xx.o(.text)
    RCC_IRQHandler                           0x0800041b   Thumb Code     0  startup_stm32h750xx.o(.text)
    RTC_Alarm_IRQHandler                     0x0800041b   Thumb Code     0  startup_stm32h750xx.o(.text)
    RTC_WKUP_IRQHandler                      0x0800041b   Thumb Code     0  startup_stm32h750xx.o(.text)
    SAI1_IRQHandler                          0x0800041b   Thumb Code     0  startup_stm32h750xx.o(.text)
    SAI2_IRQHandler                          0x0800041b   Thumb Code     0  startup_stm32h750xx.o(.text)
    SAI3_IRQHandler                          0x0800041b   Thumb Code     0  startup_stm32h750xx.o(.text)
    SAI4_IRQHandler                          0x0800041b   Thumb Code     0  startup_stm32h750xx.o(.text)
    SDMMC1_IRQHandler                        0x0800041b   Thumb Code     0  startup_stm32h750xx.o(.text)
    SDMMC2_IRQHandler                        0x0800041b   Thumb Code     0  startup_stm32h750xx.o(.text)
    SPDIF_RX_IRQHandler                      0x0800041b   Thumb Code     0  startup_stm32h750xx.o(.text)
    SPI1_IRQHandler                          0x0800041b   Thumb Code     0  startup_stm32h750xx.o(.text)
    SPI2_IRQHandler                          0x0800041b   Thumb Code     0  startup_stm32h750xx.o(.text)
    SPI3_IRQHandler                          0x0800041b   Thumb Code     0  startup_stm32h750xx.o(.text)
    SPI4_IRQHandler                          0x0800041b   Thumb Code     0  startup_stm32h750xx.o(.text)
    SPI5_IRQHandler                          0x0800041b   Thumb Code     0  startup_stm32h750xx.o(.text)
    SPI6_IRQHandler                          0x0800041b   Thumb Code     0  startup_stm32h750xx.o(.text)
    SWPMI1_IRQHandler                        0x0800041b   Thumb Code     0  startup_stm32h750xx.o(.text)
    TAMP_STAMP_IRQHandler                    0x0800041b   Thumb Code     0  startup_stm32h750xx.o(.text)
    TIM15_IRQHandler                         0x0800041b   Thumb Code     0  startup_stm32h750xx.o(.text)
    TIM16_IRQHandler                         0x0800041b   Thumb Code     0  startup_stm32h750xx.o(.text)
    TIM1_BRK_IRQHandler                      0x0800041b   Thumb Code     0  startup_stm32h750xx.o(.text)
    TIM1_CC_IRQHandler                       0x0800041b   Thumb Code     0  startup_stm32h750xx.o(.text)
    TIM1_TRG_COM_IRQHandler                  0x0800041b   Thumb Code     0  startup_stm32h750xx.o(.text)
    TIM1_UP_IRQHandler                       0x0800041b   Thumb Code     0  startup_stm32h750xx.o(.text)
    TIM2_IRQHandler                          0x0800041b   Thumb Code     0  startup_stm32h750xx.o(.text)
    TIM3_IRQHandler                          0x0800041b   Thumb Code     0  startup_stm32h750xx.o(.text)
    TIM4_IRQHandler                          0x0800041b   Thumb Code     0  startup_stm32h750xx.o(.text)
    TIM6_DAC_IRQHandler                      0x0800041b   Thumb Code     0  startup_stm32h750xx.o(.text)
    TIM7_IRQHandler                          0x0800041b   Thumb Code     0  startup_stm32h750xx.o(.text)
    TIM8_BRK_TIM12_IRQHandler                0x0800041b   Thumb Code     0  startup_stm32h750xx.o(.text)
    TIM8_CC_IRQHandler                       0x0800041b   Thumb Code     0  startup_stm32h750xx.o(.text)
    TIM8_TRG_COM_TIM14_IRQHandler            0x0800041b   Thumb Code     0  startup_stm32h750xx.o(.text)
    TIM8_UP_TIM13_IRQHandler                 0x0800041b   Thumb Code     0  startup_stm32h750xx.o(.text)
    UART4_IRQHandler                         0x0800041b   Thumb Code     0  startup_stm32h750xx.o(.text)
    UART5_IRQHandler                         0x0800041b   Thumb Code     0  startup_stm32h750xx.o(.text)
    UART7_IRQHandler                         0x0800041b   Thumb Code     0  startup_stm32h750xx.o(.text)
    UART8_IRQHandler                         0x0800041b   Thumb Code     0  startup_stm32h750xx.o(.text)
    USART3_IRQHandler                        0x0800041b   Thumb Code     0  startup_stm32h750xx.o(.text)
    USART6_IRQHandler                        0x0800041b   Thumb Code     0  startup_stm32h750xx.o(.text)
    WAKEUP_PIN_IRQHandler                    0x0800041b   Thumb Code     0  startup_stm32h750xx.o(.text)
    WWDG_IRQHandler                          0x0800041b   Thumb Code     0  startup_stm32h750xx.o(.text)
    __user_initial_stackheap                 0x0800041d   Thumb Code     0  startup_stm32h750xx.o(.text)
    __aeabi_uldivmod                         0x08000445   Thumb Code     0  lludivv7m.o(.text)
    _ll_udiv                                 0x08000445   Thumb Code   238  lludivv7m.o(.text)
    __aeabi_memclr4                          0x08000533   Thumb Code     0  rt_memclr_w.o(.text)
    __aeabi_memclr8                          0x08000533   Thumb Code     0  rt_memclr_w.o(.text)
    __rt_memclr_w                            0x08000533   Thumb Code    78  rt_memclr_w.o(.text)
    _memset_w                                0x08000537   Thumb Code     0  rt_memclr_w.o(.text)
    __use_two_region_memory                  0x08000581   Thumb Code     2  heapauxi.o(.text)
    __rt_heap_escrow$2region                 0x08000583   Thumb Code     2  heapauxi.o(.text)
    __rt_heap_expand$2region                 0x08000585   Thumb Code     2  heapauxi.o(.text)
    __user_setup_stackheap                   0x08000587   Thumb Code    74  sys_stackheap_outer.o(.text)
    exit                                     0x080005d1   Thumb Code    18  exit.o(.text)
    __user_libspace                          0x080005e5   Thumb Code     8  libspace.o(.text)
    __user_perproc_libspace                  0x080005e5   Thumb Code     0  libspace.o(.text)
    __user_perthread_libspace                0x080005e5   Thumb Code     0  libspace.o(.text)
    _sys_exit                                0x080005ed   Thumb Code     8  sys_exit.o(.text)
    __I$use$semihosting                      0x080005f9   Thumb Code     0  use_no_semi.o(.text)
    __use_no_semihosting_swi                 0x080005f9   Thumb Code     2  use_no_semi.o(.text)
    BusFault_Handler                         0x080005fb   Thumb Code     2  stm32h7xx_it.o(i.BusFault_Handler)
    __semihosting_library_function           0x080005fb   Thumb Code     0  indicate_semi.o(.text)
    DMA1_Stream0_IRQHandler                  0x080005fd   Thumb Code     6  stm32h7xx_it.o(i.DMA1_Stream0_IRQHandler)
    DMA1_Stream1_IRQHandler                  0x08000609   Thumb Code     6  stm32h7xx_it.o(i.DMA1_Stream1_IRQHandler)
    DMA1_Stream2_IRQHandler                  0x08000615   Thumb Code     6  stm32h7xx_it.o(i.DMA1_Stream2_IRQHandler)
    DMA1_Stream3_IRQHandler                  0x08000621   Thumb Code     6  stm32h7xx_it.o(i.DMA1_Stream3_IRQHandler)
    DebugMon_Handler                         0x08000abd   Thumb Code     2  stm32h7xx_it.o(i.DebugMon_Handler)
    Error_Handler                            0x08000abf   Thumb Code     4  main.o(i.Error_Handler)
    ExitRun0Mode                             0x08000ac5   Thumb Code    22  system_stm32h7xx.o(i.ExitRun0Mode)
    HAL_DMA_Abort                            0x08000ae1   Thumb Code   880  stm32h7xx_hal_dma.o(i.HAL_DMA_Abort)
    HAL_DMA_Abort_IT                         0x08000e5d   Thumb Code   674  stm32h7xx_hal_dma.o(i.HAL_DMA_Abort_IT)
    HAL_DMA_IRQHandler                       0x0800110d   Thumb Code  1948  stm32h7xx_hal_dma.o(i.HAL_DMA_IRQHandler)
    HAL_DMA_Init                             0x080018b5   Thumb Code   994  stm32h7xx_hal_dma.o(i.HAL_DMA_Init)
    HAL_DMA_Start_IT                         0x08001cb1   Thumb Code   734  stm32h7xx_hal_dma.o(i.HAL_DMA_Start_IT)
    HAL_GPIO_Init                            0x08001f9d   Thumb Code   498  stm32h7xx_hal_gpio.o(i.HAL_GPIO_Init)
    HAL_GPIO_WritePin                        0x080021c1   Thumb Code    14  stm32h7xx_hal_gpio.o(i.HAL_GPIO_WritePin)
    HAL_GetREVID                             0x080021d1   Thumb Code     8  stm32h7xx_hal.o(i.HAL_GetREVID)
    HAL_GetTick                              0x080021dd   Thumb Code     6  stm32h7xx_hal.o(i.HAL_GetTick)
    HAL_IncTick                              0x080021e9   Thumb Code    12  stm32h7xx_hal.o(i.HAL_IncTick)
    HAL_Init                                 0x080021f9   Thumb Code    74  stm32h7xx_hal.o(i.HAL_Init)
    HAL_InitTick                             0x08002255   Thumb Code   124  stm32h7xx_hal_timebase_tim.o(i.HAL_InitTick)
    HAL_MPU_ConfigRegion                     0x080022e5   Thumb Code    78  stm32h7xx_hal_cortex.o(i.HAL_MPU_ConfigRegion)
    HAL_MPU_Disable                          0x08002339   Thumb Code    24  stm32h7xx_hal_cortex.o(i.HAL_MPU_Disable)
    HAL_MPU_Enable                           0x08002355   Thumb Code    30  stm32h7xx_hal_cortex.o(i.HAL_MPU_Enable)
    HAL_MspInit                              0x08002379   Thumb Code    40  stm32h7xx_hal_msp.o(i.HAL_MspInit)
    HAL_NVIC_EnableIRQ                       0x080023a5   Thumb Code    26  stm32h7xx_hal_cortex.o(i.HAL_NVIC_EnableIRQ)
    HAL_NVIC_SetPriority                     0x080023c1   Thumb Code    60  stm32h7xx_hal_cortex.o(i.HAL_NVIC_SetPriority)
    HAL_NVIC_SetPriorityGrouping             0x08002401   Thumb Code    26  stm32h7xx_hal_cortex.o(i.HAL_NVIC_SetPriorityGrouping)
    HAL_PWREx_ConfigSupply                   0x08002425   Thumb Code    82  stm32h7xx_hal_pwr_ex.o(i.HAL_PWREx_ConfigSupply)
    HAL_RCCEx_GetD3PCLK1Freq                 0x0800247d   Thumb Code    26  stm32h7xx_hal_rcc_ex.o(i.HAL_RCCEx_GetD3PCLK1Freq)
    HAL_RCCEx_GetPLL2ClockFreq               0x080024a1   Thumb Code   424  stm32h7xx_hal_rcc_ex.o(i.HAL_RCCEx_GetPLL2ClockFreq)
    HAL_RCCEx_GetPLL3ClockFreq               0x08002661   Thumb Code   424  stm32h7xx_hal_rcc_ex.o(i.HAL_RCCEx_GetPLL3ClockFreq)
    HAL_RCCEx_PeriphCLKConfig                0x08002821   Thumb Code  2558  stm32h7xx_hal_rcc_ex.o(i.HAL_RCCEx_PeriphCLKConfig)
    HAL_RCC_ClockConfig                      0x08003225   Thumb Code   604  stm32h7xx_hal_rcc.o(i.HAL_RCC_ClockConfig)
    HAL_RCC_GetClockConfig                   0x080034a1   Thumb Code    86  stm32h7xx_hal_rcc.o(i.HAL_RCC_GetClockConfig)
    HAL_RCC_GetHCLKFreq                      0x08003501   Thumb Code    52  stm32h7xx_hal_rcc.o(i.HAL_RCC_GetHCLKFreq)
    HAL_RCC_GetPCLK1Freq                     0x08003545   Thumb Code    26  stm32h7xx_hal_rcc.o(i.HAL_RCC_GetPCLK1Freq)
    HAL_RCC_GetPCLK2Freq                     0x08003569   Thumb Code    26  stm32h7xx_hal_rcc.o(i.HAL_RCC_GetPCLK2Freq)
    HAL_RCC_GetSysClockFreq                  0x0800358d   Thumb Code   402  stm32h7xx_hal_rcc.o(i.HAL_RCC_GetSysClockFreq)
    HAL_RCC_OscConfig                        0x08003741   Thumb Code  1664  stm32h7xx_hal_rcc.o(i.HAL_RCC_OscConfig)
    HAL_TIMEx_Break2Callback                 0x08003dc5   Thumb Code     2  stm32h7xx_hal_tim_ex.o(i.HAL_TIMEx_Break2Callback)
    HAL_TIMEx_BreakCallback                  0x08003dc7   Thumb Code     2  stm32h7xx_hal_tim_ex.o(i.HAL_TIMEx_BreakCallback)
    HAL_TIMEx_CommutCallback                 0x08003dc9   Thumb Code     2  stm32h7xx_hal_tim_ex.o(i.HAL_TIMEx_CommutCallback)
    HAL_TIMEx_MasterConfigSynchronization    0x08003dcd   Thumb Code   132  stm32h7xx_hal_tim_ex.o(i.HAL_TIMEx_MasterConfigSynchronization)
    HAL_TIM_Base_Init                        0x08003e6d   Thumb Code    78  stm32h7xx_hal_tim.o(i.HAL_TIM_Base_Init)
    HAL_TIM_Base_MspInit                     0x08003ebd   Thumb Code   124  tim.o(i.HAL_TIM_Base_MspInit)
    HAL_TIM_Base_Start_IT                    0x08003f4d   Thumb Code   116  stm32h7xx_hal_tim.o(i.HAL_TIM_Base_Start_IT)
    HAL_TIM_ConfigClockSource                0x08003fe1   Thumb Code   260  stm32h7xx_hal_tim.o(i.HAL_TIM_ConfigClockSource)
    HAL_TIM_Encoder_Init                     0x080040e9   Thumb Code   178  stm32h7xx_hal_tim.o(i.HAL_TIM_Encoder_Init)
    HAL_TIM_Encoder_MspInit                  0x080041a1   Thumb Code   156  tim.o(i.HAL_TIM_Encoder_MspInit)
    HAL_TIM_Encoder_Start                    0x0800424d   Thumb Code   168  stm32h7xx_hal_tim.o(i.HAL_TIM_Encoder_Start)
    HAL_TIM_IC_CaptureCallback               0x080042f5   Thumb Code     2  stm32h7xx_hal_tim.o(i.HAL_TIM_IC_CaptureCallback)
    HAL_TIM_IRQHandler                       0x080042f7   Thumb Code   338  stm32h7xx_hal_tim.o(i.HAL_TIM_IRQHandler)
    HAL_TIM_MspPostInit                      0x08004449   Thumb Code   114  tim.o(i.HAL_TIM_MspPostInit)
    HAL_TIM_OC_DelayElapsedCallback          0x080044d1   Thumb Code     2  stm32h7xx_hal_tim.o(i.HAL_TIM_OC_DelayElapsedCallback)
    HAL_TIM_PWM_ConfigChannel                0x080044d3   Thumb Code   310  stm32h7xx_hal_tim.o(i.HAL_TIM_PWM_ConfigChannel)
    HAL_TIM_PWM_Init                         0x08004609   Thumb Code    78  stm32h7xx_hal_tim.o(i.HAL_TIM_PWM_Init)
    HAL_TIM_PWM_MspInit                      0x08004657   Thumb Code     2  stm32h7xx_hal_tim.o(i.HAL_TIM_PWM_MspInit)
    HAL_TIM_PWM_PulseFinishedCallback        0x08004659   Thumb Code     2  stm32h7xx_hal_tim.o(i.HAL_TIM_PWM_PulseFinishedCallback)
    HAL_TIM_PWM_Start                        0x0800465d   Thumb Code   254  stm32h7xx_hal_tim.o(i.HAL_TIM_PWM_Start)
    HAL_TIM_PeriodElapsedCallback            0x08004785   Thumb Code    14  main.o(i.HAL_TIM_PeriodElapsedCallback)
    HAL_TIM_TriggerCallback                  0x08004799   Thumb Code     2  stm32h7xx_hal_tim.o(i.HAL_TIM_TriggerCallback)
    HAL_UARTEx_DisableFifoMode               0x0800479b   Thumb Code    62  stm32h7xx_hal_uart_ex.o(i.HAL_UARTEx_DisableFifoMode)
    HAL_UARTEx_RxEventCallback               0x080047d9   Thumb Code     2  main.o(i.HAL_UARTEx_RxEventCallback)
    HAL_UARTEx_RxFifoFullCallback            0x080047db   Thumb Code     2  stm32h7xx_hal_uart_ex.o(i.HAL_UARTEx_RxFifoFullCallback)
    HAL_UARTEx_SetRxFifoThreshold            0x080047dd   Thumb Code    76  stm32h7xx_hal_uart_ex.o(i.HAL_UARTEx_SetRxFifoThreshold)
    HAL_UARTEx_SetTxFifoThreshold            0x08004829   Thumb Code    76  stm32h7xx_hal_uart_ex.o(i.HAL_UARTEx_SetTxFifoThreshold)
    HAL_UARTEx_TxFifoEmptyCallback           0x08004875   Thumb Code     2  stm32h7xx_hal_uart_ex.o(i.HAL_UARTEx_TxFifoEmptyCallback)
    HAL_UARTEx_WakeupCallback                0x08004877   Thumb Code     2  stm32h7xx_hal_uart_ex.o(i.HAL_UARTEx_WakeupCallback)
    HAL_UART_AbortReceiveCpltCallback        0x08004879   Thumb Code   162  rescue_car.o(i.HAL_UART_AbortReceiveCpltCallback)
    HAL_UART_AbortReceive_IT                 0x08004939   Thumb Code   194  stm32h7xx_hal_uart.o(i.HAL_UART_AbortReceive_IT)
    HAL_UART_ErrorCallback                   0x08004a05   Thumb Code     2  stm32h7xx_hal_uart.o(i.HAL_UART_ErrorCallback)
    HAL_UART_IRQHandler                      0x08004a09   Thumb Code   920  stm32h7xx_hal_uart.o(i.HAL_UART_IRQHandler)
    HAL_UART_Init                            0x08004db5   Thumb Code   112  stm32h7xx_hal_uart.o(i.HAL_UART_Init)
    HAL_UART_MspInit                         0x08004e25   Thumb Code   694  usart.o(i.HAL_UART_MspInit)
    HAL_UART_Receive_DMA                     0x08005109   Thumb Code    66  stm32h7xx_hal_uart.o(i.HAL_UART_Receive_DMA)
    HAL_UART_RxCpltCallback                  0x08005151   Thumb Code     2  main.o(i.HAL_UART_RxCpltCallback)
    HAL_UART_RxHalfCpltCallback              0x08005153   Thumb Code     2  stm32h7xx_hal_uart.o(i.HAL_UART_RxHalfCpltCallback)
    HAL_UART_TxCpltCallback                  0x08005155   Thumb Code     2  stm32h7xx_hal_uart.o(i.HAL_UART_TxCpltCallback)
    HardFault_Handler                        0x08005157   Thumb Code     2  stm32h7xx_it.o(i.HardFault_Handler)
    MX_DMA_Init                              0x080051a9   Thumb Code    88  dma.o(i.MX_DMA_Init)
    MX_GPIO_Init                             0x08005205   Thumb Code   172  gpio.o(i.MX_GPIO_Init)
    MX_TIM16_Init                            0x080052bd   Thumb Code    46  tim.o(i.MX_TIM16_Init)
    MX_TIM17_Init                            0x080052f5   Thumb Code    48  tim.o(i.MX_TIM17_Init)
    MX_TIM1_Init                             0x0800532d   Thumb Code   106  tim.o(i.MX_TIM1_Init)
    MX_TIM2_Init                             0x080053a1   Thumb Code   102  tim.o(i.MX_TIM2_Init)
    MX_TIM3_Init                             0x0800540d   Thumb Code   194  tim.o(i.MX_TIM3_Init)
    MX_TIM4_Init                             0x080054d9   Thumb Code   196  tim.o(i.MX_TIM4_Init)
    MX_UART5_Init                            0x080055a5   Thumb Code    94  usart.o(i.MX_UART5_Init)
    MX_UART8_Init                            0x0800560d   Thumb Code    94  usart.o(i.MX_UART8_Init)
    MX_USART1_UART_Init                      0x08005675   Thumb Code    94  usart.o(i.MX_USART1_UART_Init)
    MX_USART2_UART_Init                      0x080056dd   Thumb Code    94  usart.o(i.MX_USART2_UART_Init)
    MemManage_Handler                        0x08005745   Thumb Code     2  stm32h7xx_it.o(i.MemManage_Handler)
    NMI_Handler                              0x08005747   Thumb Code     2  stm32h7xx_it.o(i.NMI_Handler)
    SysTick_Handler                          0x08005991   Thumb Code    20  stm32h7xx_it.o(i.SysTick_Handler)
    SystemClock_Config                       0x080059a5   Thumb Code   156  main.o(i.SystemClock_Config)
    SystemInit                               0x08005a49   Thumb Code   204  system_stm32h7xx.o(i.SystemInit)
    TIM17_IRQHandler                         0x08005b3d   Thumb Code     6  stm32h7xx_it.o(i.TIM17_IRQHandler)
    TIM5_IRQHandler                          0x08005b49   Thumb Code     6  stm32h7xx_it.o(i.TIM5_IRQHandler)
    TIM_Base_SetConfig                       0x08005b55   Thumb Code   168  stm32h7xx_hal_tim.o(i.TIM_Base_SetConfig)
    TIM_CCxChannelCmd                        0x08005c1d   Thumb Code    26  stm32h7xx_hal_tim.o(i.TIM_CCxChannelCmd)
    TIM_ETR_SetConfig                        0x08005c37   Thumb Code    20  stm32h7xx_hal_tim.o(i.TIM_ETR_SetConfig)
    TIM_OC2_SetConfig                        0x08005d01   Thumb Code   124  stm32h7xx_hal_tim.o(i.TIM_OC2_SetConfig)
    UART_AdvFeatureConfig                    0x0800600d   Thumb Code   200  stm32h7xx_hal_uart.o(i.UART_AdvFeatureConfig)
    UART_CheckIdleState                      0x080060d5   Thumb Code   170  stm32h7xx_hal_uart.o(i.UART_CheckIdleState)
    UART_SetConfig                           0x08006355   Thumb Code  1168  stm32h7xx_hal_uart.o(i.UART_SetConfig)
    UART_Start_Receive_DMA                   0x080067e5   Thumb Code   152  stm32h7xx_hal_uart.o(i.UART_Start_Receive_DMA)
    UART_WaitOnFlagUntilTimeout              0x08006889   Thumb Code   152  stm32h7xx_hal_uart.o(i.UART_WaitOnFlagUntilTimeout)
    USART1_IRQHandler                        0x08006921   Thumb Code     6  stm32h7xx_it.o(i.USART1_IRQHandler)
    USART2_IRQHandler                        0x0800692d   Thumb Code   182  stm32h7xx_it.o(i.USART2_IRQHandler)
    UsageFault_Handler                       0x080069f9   Thumb Code     2  stm32h7xx_it.o(i.UsageFault_Handler)
    main                                     0x08006a1d   Thumb Code   122  main.o(i.main)
    vTaskSwitchContext                       0x08006acd   Thumb Code    90  tasks.o(i.vTaskSwitchContext)
    xPortSysTickHandler                      0x08006b31   Thumb Code    42  port.o(i.xPortSysTickHandler)
    xTaskGetSchedulerState                   0x08006b61   Thumb Code    24  tasks.o(i.xTaskGetSchedulerState)
    xTaskIncrementTick                       0x08006b7d   Thumb Code   300  tasks.o(i.xTaskIncrementTick)
    _fp_init                                 0x08006cb1   Thumb Code    10  fpinit.o(x$fpl$fpinit)
    __fplib_config_fpu_vfp                   0x08006cb9   Thumb Code     0  fpinit.o(x$fpl$fpinit)
    __fplib_config_pureend_doubles           0x08006cb9   Thumb Code     0  fpinit.o(x$fpl$fpinit)
    UARTPrescTable                           0x08006cc2   Data          24  stm32h7xx_hal_uart.o(.constdata)
    D1CorePrescTable                         0x08006cea   Data          16  system_stm32h7xx.o(.constdata)
    Region$$Table$$Base                      0x08006cfc   Number         0  anon$$obj.o(Region$$Table)
    Region$$Table$$Limit                     0x08006d1c   Number         0  anon$$obj.o(Region$$Table)
    uwTickFreq                               0x24000000   Data           1  stm32h7xx_hal.o(.data)
    uwTickPrio                               0x24000004   Data           4  stm32h7xx_hal.o(.data)
    uwTick                                   0x24000008   Data           4  stm32h7xx_hal.o(.data)
    SystemCoreClock                          0x2400000c   Data           4  system_stm32h7xx.o(.data)
    SystemD2Clock                            0x24000010   Data           4  system_stm32h7xx.o(.data)
    pxCurrentTCB                             0x24000014   Data           4  tasks.o(.data)
    uxTopUsedPriority                        0x24000044   Data           4  tasks.o(.data)
    rxflag                                   0x24000054   Data           1  jy901s.o(.data)
    htim1                                    0x24000148   Data          76  tim.o(.bss)
    htim2                                    0x24000194   Data          76  tim.o(.bss)
    htim3                                    0x240001e0   Data          76  tim.o(.bss)
    htim4                                    0x2400022c   Data          76  tim.o(.bss)
    htim16                                   0x24000278   Data          76  tim.o(.bss)
    htim17                                   0x240002c4   Data          76  tim.o(.bss)
    huart5                                   0x24000310   Data         148  usart.o(.bss)
    huart8                                   0x240003a4   Data         148  usart.o(.bss)
    huart1                                   0x24000438   Data         148  usart.o(.bss)
    huart2                                   0x240004cc   Data         148  usart.o(.bss)
    hdma_uart5_rx                            0x24000560   Data         120  usart.o(.bss)
    hdma_uart8_rx                            0x240005d8   Data         120  usart.o(.bss)
    hdma_usart1_rx                           0x24000650   Data         120  usart.o(.bss)
    hdma_usart2_rx                           0x240006c8   Data         120  usart.o(.bss)
    htim5                                    0x24000740   Data          76  stm32h7xx_hal_timebase_tim.o(.bss)
    rxbuffer                                 0x2400078c   Data         100  jy901s.o(.bss)
    __libspace_start                         0x240007f0   Data          96  libspace.o(.bss)
    __temporary_stack_top$libspace           0x24000850   Data           0  libspace.o(.bss)



==============================================================================

Memory Map of the image

  Image Entry point : 0x08000299

  Load Region LR_IROM1 (Base: 0x08000000, Size: 0x00006d74, Max: 0x00020000, ABSOLUTE)

    Execution Region ER_IROM1 (Exec base: 0x08000000, Load base: 0x08000000, Size: 0x00006d1c, Max: 0x00020000, ABSOLUTE)

    Exec Addr    Load Addr    Size         Type   Attr      Idx    E Section Name        Object

    0x08000000   0x08000000   0x00000298   Data   RO            3    RESET               startup_stm32h750xx.o
    0x08000298   0x08000298   0x00000008   Code   RO         6011  * !!!main             c_w.l(__main.o)
    0x080002a0   0x080002a0   0x00000034   Code   RO         6182    !!!scatter          c_w.l(__scatter.o)
    0x080002d4   0x080002d4   0x0000001a   Code   RO         6184    !!handler_copy      c_w.l(__scatter_copy.o)
    0x080002ee   0x080002ee   0x00000002   PAD
    0x080002f0   0x080002f0   0x0000001c   Code   RO         6186    !!handler_zi        c_w.l(__scatter_zi.o)
    0x0800030c   0x0800030c   0x00000002   Code   RO         6050    .ARM.Collect$$libinit$$00000000  c_w.l(libinit.o)
    0x0800030e   0x0800030e   0x00000004   Code   RO         6062    .ARM.Collect$$libinit$$00000001  c_w.l(libinit2.o)
    0x08000312   0x08000312   0x00000000   Code   RO         6065    .ARM.Collect$$libinit$$00000004  c_w.l(libinit2.o)
    0x08000312   0x08000312   0x00000000   Code   RO         6068    .ARM.Collect$$libinit$$0000000A  c_w.l(libinit2.o)
    0x08000312   0x08000312   0x00000000   Code   RO         6070    .ARM.Collect$$libinit$$0000000C  c_w.l(libinit2.o)
    0x08000312   0x08000312   0x00000000   Code   RO         6072    .ARM.Collect$$libinit$$0000000E  c_w.l(libinit2.o)
    0x08000312   0x08000312   0x00000000   Code   RO         6075    .ARM.Collect$$libinit$$00000011  c_w.l(libinit2.o)
    0x08000312   0x08000312   0x00000000   Code   RO         6077    .ARM.Collect$$libinit$$00000013  c_w.l(libinit2.o)
    0x08000312   0x08000312   0x00000000   Code   RO         6079    .ARM.Collect$$libinit$$00000015  c_w.l(libinit2.o)
    0x08000312   0x08000312   0x00000000   Code   RO         6081    .ARM.Collect$$libinit$$00000017  c_w.l(libinit2.o)
    0x08000312   0x08000312   0x00000000   Code   RO         6083    .ARM.Collect$$libinit$$00000019  c_w.l(libinit2.o)
    0x08000312   0x08000312   0x00000000   Code   RO         6085    .ARM.Collect$$libinit$$0000001B  c_w.l(libinit2.o)
    0x08000312   0x08000312   0x00000000   Code   RO         6087    .ARM.Collect$$libinit$$0000001D  c_w.l(libinit2.o)
    0x08000312   0x08000312   0x00000000   Code   RO         6089    .ARM.Collect$$libinit$$0000001F  c_w.l(libinit2.o)
    0x08000312   0x08000312   0x00000000   Code   RO         6091    .ARM.Collect$$libinit$$00000021  c_w.l(libinit2.o)
    0x08000312   0x08000312   0x00000000   Code   RO         6093    .ARM.Collect$$libinit$$00000023  c_w.l(libinit2.o)
    0x08000312   0x08000312   0x00000000   Code   RO         6095    .ARM.Collect$$libinit$$00000025  c_w.l(libinit2.o)
    0x08000312   0x08000312   0x00000000   Code   RO         6099    .ARM.Collect$$libinit$$0000002C  c_w.l(libinit2.o)
    0x08000312   0x08000312   0x00000000   Code   RO         6101    .ARM.Collect$$libinit$$0000002E  c_w.l(libinit2.o)
    0x08000312   0x08000312   0x00000000   Code   RO         6103    .ARM.Collect$$libinit$$00000030  c_w.l(libinit2.o)
    0x08000312   0x08000312   0x00000000   Code   RO         6105    .ARM.Collect$$libinit$$00000032  c_w.l(libinit2.o)
    0x08000312   0x08000312   0x00000002   Code   RO         6106    .ARM.Collect$$libinit$$00000033  c_w.l(libinit2.o)
    0x08000314   0x08000314   0x00000002   Code   RO         6137    .ARM.Collect$$libshutdown$$00000000  c_w.l(libshutdown.o)
    0x08000316   0x08000316   0x00000000   Code   RO         6163    .ARM.Collect$$libshutdown$$00000002  c_w.l(libshutdown2.o)
    0x08000316   0x08000316   0x00000000   Code   RO         6165    .ARM.Collect$$libshutdown$$00000004  c_w.l(libshutdown2.o)
    0x08000316   0x08000316   0x00000000   Code   RO         6167    .ARM.Collect$$libshutdown$$00000006  c_w.l(libshutdown2.o)
    0x08000316   0x08000316   0x00000000   Code   RO         6170    .ARM.Collect$$libshutdown$$00000009  c_w.l(libshutdown2.o)
    0x08000316   0x08000316   0x00000000   Code   RO         6173    .ARM.Collect$$libshutdown$$0000000C  c_w.l(libshutdown2.o)
    0x08000316   0x08000316   0x00000000   Code   RO         6175    .ARM.Collect$$libshutdown$$0000000E  c_w.l(libshutdown2.o)
    0x08000316   0x08000316   0x00000000   Code   RO         6178    .ARM.Collect$$libshutdown$$00000011  c_w.l(libshutdown2.o)
    0x08000316   0x08000316   0x00000002   Code   RO         6179    .ARM.Collect$$libshutdown$$00000012  c_w.l(libshutdown2.o)
    0x08000318   0x08000318   0x00000000   Code   RO         6013    .ARM.Collect$$rtentry$$00000000  c_w.l(__rtentry.o)
    0x08000318   0x08000318   0x00000000   Code   RO         6021    .ARM.Collect$$rtentry$$00000002  c_w.l(__rtentry2.o)
    0x08000318   0x08000318   0x00000006   Code   RO         6033    .ARM.Collect$$rtentry$$00000004  c_w.l(__rtentry4.o)
    0x0800031e   0x0800031e   0x00000000   Code   RO         6023    .ARM.Collect$$rtentry$$00000009  c_w.l(__rtentry2.o)
    0x0800031e   0x0800031e   0x00000004   Code   RO         6024    .ARM.Collect$$rtentry$$0000000A  c_w.l(__rtentry2.o)
    0x08000322   0x08000322   0x00000000   Code   RO         6026    .ARM.Collect$$rtentry$$0000000C  c_w.l(__rtentry2.o)
    0x08000322   0x08000322   0x00000008   Code   RO         6027    .ARM.Collect$$rtentry$$0000000D  c_w.l(__rtentry2.o)
    0x0800032a   0x0800032a   0x00000002   Code   RO         6054    .ARM.Collect$$rtexit$$00000000  c_w.l(rtexit.o)
    0x0800032c   0x0800032c   0x00000000   Code   RO         6110    .ARM.Collect$$rtexit$$00000002  c_w.l(rtexit2.o)
    0x0800032c   0x0800032c   0x00000004   Code   RO         6111    .ARM.Collect$$rtexit$$00000003  c_w.l(rtexit2.o)
    0x08000330   0x08000330   0x00000006   Code   RO         6112    .ARM.Collect$$rtexit$$00000004  c_w.l(rtexit2.o)
    0x08000336   0x08000336   0x00000002   PAD
    0x08000338   0x08000338   0x000000c2   Code   RO         5204    .emb_text           port.o
    0x080003fa   0x080003fa   0x00000002   PAD
    0x080003fc   0x080003fc   0x00000048   Code   RO            4    .text               startup_stm32h750xx.o
    0x08000444   0x08000444   0x000000ee   Code   RO         5997    .text               c_w.l(lludivv7m.o)
    0x08000532   0x08000532   0x0000004e   Code   RO         6007    .text               c_w.l(rt_memclr_w.o)
    0x08000580   0x08000580   0x00000006   Code   RO         6009    .text               c_w.l(heapauxi.o)
    0x08000586   0x08000586   0x0000004a   Code   RO         6037    .text               c_w.l(sys_stackheap_outer.o)
    0x080005d0   0x080005d0   0x00000012   Code   RO         6039    .text               c_w.l(exit.o)
    0x080005e2   0x080005e2   0x00000002   PAD
    0x080005e4   0x080005e4   0x00000008   Code   RO         6051    .text               c_w.l(libspace.o)
    0x080005ec   0x080005ec   0x0000000c   Code   RO         6107    .text               c_w.l(sys_exit.o)
    0x080005f8   0x080005f8   0x00000002   Code   RO         6126    .text               c_w.l(use_no_semi.o)
    0x080005fa   0x080005fa   0x00000000   Code   RO         6128    .text               c_w.l(indicate_semi.o)
    0x080005fa   0x080005fa   0x00000002   Code   RO         5677    i.BusFault_Handler  stm32h7xx_it.o
    0x080005fc   0x080005fc   0x0000000c   Code   RO         5678    i.DMA1_Stream0_IRQHandler  stm32h7xx_it.o
    0x08000608   0x08000608   0x0000000c   Code   RO         5679    i.DMA1_Stream1_IRQHandler  stm32h7xx_it.o
    0x08000614   0x08000614   0x0000000c   Code   RO         5680    i.DMA1_Stream2_IRQHandler  stm32h7xx_it.o
    0x08000620   0x08000620   0x0000000c   Code   RO         5681    i.DMA1_Stream3_IRQHandler  stm32h7xx_it.o
    0x0800062c   0x0800062c   0x000000c0   Code   RO         1996    i.DMA_CalcBaseAndBitshift  stm32h7xx_hal_dma.o
    0x080006ec   0x080006ec   0x000000a0   Code   RO         1997    i.DMA_CalcDMAMUXChannelBaseAndMask  stm32h7xx_hal_dma.o
    0x0800078c   0x0800078c   0x0000007c   Code   RO         1998    i.DMA_CalcDMAMUXRequestGenBaseAndMask  stm32h7xx_hal_dma.o
    0x08000808   0x08000808   0x00000078   Code   RO         1999    i.DMA_CheckFifoParam  stm32h7xx_hal_dma.o
    0x08000880   0x08000880   0x0000023c   Code   RO         2000    i.DMA_SetConfig     stm32h7xx_hal_dma.o
    0x08000abc   0x08000abc   0x00000002   Code   RO         5682    i.DebugMon_Handler  stm32h7xx_it.o
    0x08000abe   0x08000abe   0x00000004   Code   RO         5326    i.Error_Handler     main.o
    0x08000ac2   0x08000ac2   0x00000002   PAD
    0x08000ac4   0x08000ac4   0x0000001c   Code   RO         4161    i.ExitRun0Mode      system_stm32h7xx.o
    0x08000ae0   0x08000ae0   0x0000037c   Code   RO         2001    i.HAL_DMA_Abort     stm32h7xx_hal_dma.o
    0x08000e5c   0x08000e5c   0x000002b0   Code   RO         2002    i.HAL_DMA_Abort_IT  stm32h7xx_hal_dma.o
    0x0800110c   0x0800110c   0x000007a8   Code   RO         2006    i.HAL_DMA_IRQHandler  stm32h7xx_hal_dma.o
    0x080018b4   0x080018b4   0x000003fc   Code   RO         2007    i.HAL_DMA_Init      stm32h7xx_hal_dma.o
    0x08001cb0   0x08001cb0   0x000002ec   Code   RO         2011    i.HAL_DMA_Start_IT  stm32h7xx_hal_dma.o
    0x08001f9c   0x08001f9c   0x00000224   Code   RO         1849    i.HAL_GPIO_Init     stm32h7xx_hal_gpio.o
    0x080021c0   0x080021c0   0x0000000e   Code   RO         1853    i.HAL_GPIO_WritePin  stm32h7xx_hal_gpio.o
    0x080021ce   0x080021ce   0x00000002   PAD
    0x080021d0   0x080021d0   0x0000000c   Code   RO         2721    i.HAL_GetREVID      stm32h7xx_hal.o
    0x080021dc   0x080021dc   0x0000000c   Code   RO         2722    i.HAL_GetTick       stm32h7xx_hal.o
    0x080021e8   0x080021e8   0x00000010   Code   RO         2728    i.HAL_IncTick       stm32h7xx_hal.o
    0x080021f8   0x080021f8   0x0000005c   Code   RO         2729    i.HAL_Init          stm32h7xx_hal.o
    0x08002254   0x08002254   0x00000090   Code   RO         5816    i.HAL_InitTick      stm32h7xx_hal_timebase_tim.o
    0x080022e4   0x080022e4   0x00000054   Code   RO         1144    i.HAL_MPU_ConfigRegion  stm32h7xx_hal_cortex.o
    0x08002338   0x08002338   0x0000001c   Code   RO         1145    i.HAL_MPU_Disable   stm32h7xx_hal_cortex.o
    0x08002354   0x08002354   0x00000024   Code   RO         1147    i.HAL_MPU_Enable    stm32h7xx_hal_cortex.o
    0x08002378   0x08002378   0x0000002c   Code   RO         5792    i.HAL_MspInit       stm32h7xx_hal_msp.o
    0x080023a4   0x080023a4   0x0000001a   Code   RO         1151    i.HAL_NVIC_EnableIRQ  stm32h7xx_hal_cortex.o
    0x080023be   0x080023be   0x00000002   PAD
    0x080023c0   0x080023c0   0x00000040   Code   RO         1157    i.HAL_NVIC_SetPriority  stm32h7xx_hal_cortex.o
    0x08002400   0x08002400   0x00000024   Code   RO         1158    i.HAL_NVIC_SetPriorityGrouping  stm32h7xx_hal_cortex.o
    0x08002424   0x08002424   0x00000058   Code   RO         2450    i.HAL_PWREx_ConfigSupply  stm32h7xx_hal_pwr_ex.o
    0x0800247c   0x0800247c   0x00000024   Code   RO         1412    i.HAL_RCCEx_GetD3PCLK1Freq  stm32h7xx_hal_rcc_ex.o
    0x080024a0   0x080024a0   0x000001c0   Code   RO         1414    i.HAL_RCCEx_GetPLL2ClockFreq  stm32h7xx_hal_rcc_ex.o
    0x08002660   0x08002660   0x000001c0   Code   RO         1415    i.HAL_RCCEx_GetPLL3ClockFreq  stm32h7xx_hal_rcc_ex.o
    0x08002820   0x08002820   0x00000a04   Code   RO         1421    i.HAL_RCCEx_PeriphCLKConfig  stm32h7xx_hal_rcc_ex.o
    0x08003224   0x08003224   0x0000027c   Code   RO         1297    i.HAL_RCC_ClockConfig  stm32h7xx_hal_rcc.o
    0x080034a0   0x080034a0   0x00000060   Code   RO         1301    i.HAL_RCC_GetClockConfig  stm32h7xx_hal_rcc.o
    0x08003500   0x08003500   0x00000044   Code   RO         1302    i.HAL_RCC_GetHCLKFreq  stm32h7xx_hal_rcc.o
    0x08003544   0x08003544   0x00000024   Code   RO         1304    i.HAL_RCC_GetPCLK1Freq  stm32h7xx_hal_rcc.o
    0x08003568   0x08003568   0x00000024   Code   RO         1305    i.HAL_RCC_GetPCLK2Freq  stm32h7xx_hal_rcc.o
    0x0800358c   0x0800358c   0x000001b4   Code   RO         1306    i.HAL_RCC_GetSysClockFreq  stm32h7xx_hal_rcc.o
    0x08003740   0x08003740   0x00000684   Code   RO         1309    i.HAL_RCC_OscConfig  stm32h7xx_hal_rcc.o
    0x08003dc4   0x08003dc4   0x00000002   Code   RO          852    i.HAL_TIMEx_Break2Callback  stm32h7xx_hal_tim_ex.o
    0x08003dc6   0x08003dc6   0x00000002   Code   RO          853    i.HAL_TIMEx_BreakCallback  stm32h7xx_hal_tim_ex.o
    0x08003dc8   0x08003dc8   0x00000002   Code   RO          854    i.HAL_TIMEx_CommutCallback  stm32h7xx_hal_tim_ex.o
    0x08003dca   0x08003dca   0x00000002   PAD
    0x08003dcc   0x08003dcc   0x000000a0   Code   RO          874    i.HAL_TIMEx_MasterConfigSynchronization  stm32h7xx_hal_tim_ex.o
    0x08003e6c   0x08003e6c   0x0000004e   Code   RO           15    i.HAL_TIM_Base_Init  stm32h7xx_hal_tim.o
    0x08003eba   0x08003eba   0x00000002   PAD
    0x08003ebc   0x08003ebc   0x00000090   Code   RO         5510    i.HAL_TIM_Base_MspInit  tim.o
    0x08003f4c   0x08003f4c   0x00000094   Code   RO           20    i.HAL_TIM_Base_Start_IT  stm32h7xx_hal_tim.o
    0x08003fe0   0x08003fe0   0x00000108   Code   RO           24    i.HAL_TIM_ConfigClockSource  stm32h7xx_hal_tim.o
    0x080040e8   0x080040e8   0x000000b8   Code   RO           36    i.HAL_TIM_Encoder_Init  stm32h7xx_hal_tim.o
    0x080041a0   0x080041a0   0x000000ac   Code   RO         5512    i.HAL_TIM_Encoder_MspInit  tim.o
    0x0800424c   0x0800424c   0x000000a8   Code   RO           39    i.HAL_TIM_Encoder_Start  stm32h7xx_hal_tim.o
    0x080042f4   0x080042f4   0x00000002   Code   RO           49    i.HAL_TIM_IC_CaptureCallback  stm32h7xx_hal_tim.o
    0x080042f6   0x080042f6   0x00000152   Code   RO           63    i.HAL_TIM_IRQHandler  stm32h7xx_hal_tim.o
    0x08004448   0x08004448   0x00000088   Code   RO         5513    i.HAL_TIM_MspPostInit  tim.o
    0x080044d0   0x080044d0   0x00000002   Code   RO           66    i.HAL_TIM_OC_DelayElapsedCallback  stm32h7xx_hal_tim.o
    0x080044d2   0x080044d2   0x00000136   Code   RO           87    i.HAL_TIM_PWM_ConfigChannel  stm32h7xx_hal_tim.o
    0x08004608   0x08004608   0x0000004e   Code   RO           90    i.HAL_TIM_PWM_Init  stm32h7xx_hal_tim.o
    0x08004656   0x08004656   0x00000002   Code   RO           92    i.HAL_TIM_PWM_MspInit  stm32h7xx_hal_tim.o
    0x08004658   0x08004658   0x00000002   Code   RO           93    i.HAL_TIM_PWM_PulseFinishedCallback  stm32h7xx_hal_tim.o
    0x0800465a   0x0800465a   0x00000002   PAD
    0x0800465c   0x0800465c   0x00000128   Code   RO           95    i.HAL_TIM_PWM_Start  stm32h7xx_hal_tim.o
    0x08004784   0x08004784   0x00000014   Code   RO         5327    i.HAL_TIM_PeriodElapsedCallback  main.o
    0x08004798   0x08004798   0x00000002   Code   RO          106    i.HAL_TIM_TriggerCallback  stm32h7xx_hal_tim.o
    0x0800479a   0x0800479a   0x0000003e   Code   RO         4038    i.HAL_UARTEx_DisableFifoMode  stm32h7xx_hal_uart_ex.o
    0x080047d8   0x080047d8   0x00000002   Code   RO         5328    i.HAL_UARTEx_RxEventCallback  main.o
    0x080047da   0x080047da   0x00000002   Code   RO         4046    i.HAL_UARTEx_RxFifoFullCallback  stm32h7xx_hal_uart_ex.o
    0x080047dc   0x080047dc   0x0000004c   Code   RO         4047    i.HAL_UARTEx_SetRxFifoThreshold  stm32h7xx_hal_uart_ex.o
    0x08004828   0x08004828   0x0000004c   Code   RO         4048    i.HAL_UARTEx_SetTxFifoThreshold  stm32h7xx_hal_uart_ex.o
    0x08004874   0x08004874   0x00000002   Code   RO         4050    i.HAL_UARTEx_TxFifoEmptyCallback  stm32h7xx_hal_uart_ex.o
    0x08004876   0x08004876   0x00000002   Code   RO         4051    i.HAL_UARTEx_WakeupCallback  stm32h7xx_hal_uart_ex.o
    0x08004878   0x08004878   0x000000c0   Code   RO         5939    i.HAL_UART_AbortReceiveCpltCallback  rescue_car.o
    0x08004938   0x08004938   0x000000cc   Code   RO         3627    i.HAL_UART_AbortReceive_IT  stm32h7xx_hal_uart.o
    0x08004a04   0x08004a04   0x00000002   Code   RO         3638    i.HAL_UART_ErrorCallback  stm32h7xx_hal_uart.o
    0x08004a06   0x08004a06   0x00000002   PAD
    0x08004a08   0x08004a08   0x000003ac   Code   RO         3641    i.HAL_UART_IRQHandler  stm32h7xx_hal_uart.o
    0x08004db4   0x08004db4   0x00000070   Code   RO         3642    i.HAL_UART_Init     stm32h7xx_hal_uart.o
    0x08004e24   0x08004e24   0x000002e4   Code   RO         5600    i.HAL_UART_MspInit  usart.o
    0x08005108   0x08005108   0x00000048   Code   RO         3646    i.HAL_UART_Receive_DMA  stm32h7xx_hal_uart.o
    0x08005150   0x08005150   0x00000002   Code   RO         5329    i.HAL_UART_RxCpltCallback  main.o
    0x08005152   0x08005152   0x00000002   Code   RO         3650    i.HAL_UART_RxHalfCpltCallback  stm32h7xx_hal_uart.o
    0x08005154   0x08005154   0x00000002   Code   RO         3654    i.HAL_UART_TxCpltCallback  stm32h7xx_hal_uart.o
    0x08005156   0x08005156   0x00000002   Code   RO         5683    i.HardFault_Handler  stm32h7xx_it.o
    0x08005158   0x08005158   0x0000004e   Code   RO         5330    i.MPU_Config        main.o
    0x080051a6   0x080051a6   0x00000002   PAD
    0x080051a8   0x080051a8   0x0000005c   Code   RO         5467    i.MX_DMA_Init       dma.o
    0x08005204   0x08005204   0x000000b8   Code   RO         5443    i.MX_GPIO_Init      gpio.o
    0x080052bc   0x080052bc   0x00000038   Code   RO         5514    i.MX_TIM16_Init     tim.o
    0x080052f4   0x080052f4   0x00000038   Code   RO         5515    i.MX_TIM17_Init     tim.o
    0x0800532c   0x0800532c   0x00000074   Code   RO         5516    i.MX_TIM1_Init      tim.o
    0x080053a0   0x080053a0   0x0000006c   Code   RO         5517    i.MX_TIM2_Init      tim.o
    0x0800540c   0x0800540c   0x000000cc   Code   RO         5518    i.MX_TIM3_Init      tim.o
    0x080054d8   0x080054d8   0x000000cc   Code   RO         5519    i.MX_TIM4_Init      tim.o
    0x080055a4   0x080055a4   0x00000068   Code   RO         5601    i.MX_UART5_Init     usart.o
    0x0800560c   0x0800560c   0x00000068   Code   RO         5602    i.MX_UART8_Init     usart.o
    0x08005674   0x08005674   0x00000068   Code   RO         5603    i.MX_USART1_UART_Init  usart.o
    0x080056dc   0x080056dc   0x00000068   Code   RO         5604    i.MX_USART2_UART_Init  usart.o
    0x08005744   0x08005744   0x00000002   Code   RO         5684    i.MemManage_Handler  stm32h7xx_it.o
    0x08005746   0x08005746   0x00000002   Code   RO         5685    i.NMI_Handler       stm32h7xx_it.o
    0x08005748   0x08005748   0x00000124   Code   RO         1424    i.RCCEx_PLL2_Config  stm32h7xx_hal_rcc_ex.o
    0x0800586c   0x0800586c   0x00000124   Code   RO         1425    i.RCCEx_PLL3_Config  stm32h7xx_hal_rcc_ex.o
    0x08005990   0x08005990   0x00000014   Code   RO         5686    i.SysTick_Handler   stm32h7xx_it.o
    0x080059a4   0x080059a4   0x000000a4   Code   RO         5331    i.SystemClock_Config  main.o
    0x08005a48   0x08005a48   0x000000f4   Code   RO         4163    i.SystemInit        system_stm32h7xx.o
    0x08005b3c   0x08005b3c   0x0000000c   Code   RO         5687    i.TIM17_IRQHandler  stm32h7xx_it.o
    0x08005b48   0x08005b48   0x0000000c   Code   RO         5688    i.TIM5_IRQHandler   stm32h7xx_it.o
    0x08005b54   0x08005b54   0x000000c8   Code   RO          108    i.TIM_Base_SetConfig  stm32h7xx_hal_tim.o
    0x08005c1c   0x08005c1c   0x0000001a   Code   RO          109    i.TIM_CCxChannelCmd  stm32h7xx_hal_tim.o
    0x08005c36   0x08005c36   0x00000014   Code   RO          119    i.TIM_ETR_SetConfig  stm32h7xx_hal_tim.o
    0x08005c4a   0x08005c4a   0x00000002   PAD
    0x08005c4c   0x08005c4c   0x00000014   Code   RO          120    i.TIM_ITRx_SetConfig  stm32h7xx_hal_tim.o
    0x08005c60   0x08005c60   0x000000a0   Code   RO          121    i.TIM_OC1_SetConfig  stm32h7xx_hal_tim.o
    0x08005d00   0x08005d00   0x00000094   Code   RO          122    i.TIM_OC2_SetConfig  stm32h7xx_hal_tim.o
    0x08005d94   0x08005d94   0x00000094   Code   RO          123    i.TIM_OC3_SetConfig  stm32h7xx_hal_tim.o
    0x08005e28   0x08005e28   0x00000074   Code   RO          124    i.TIM_OC4_SetConfig  stm32h7xx_hal_tim.o
    0x08005e9c   0x08005e9c   0x00000070   Code   RO          125    i.TIM_OC5_SetConfig  stm32h7xx_hal_tim.o
    0x08005f0c   0x08005f0c   0x00000070   Code   RO          126    i.TIM_OC6_SetConfig  stm32h7xx_hal_tim.o
    0x08005f7c   0x08005f7c   0x00000022   Code   RO          128    i.TIM_TI1_ConfigInputStage  stm32h7xx_hal_tim.o
    0x08005f9e   0x08005f9e   0x00000024   Code   RO          130    i.TIM_TI2_ConfigInputStage  stm32h7xx_hal_tim.o
    0x08005fc2   0x08005fc2   0x00000002   PAD
    0x08005fc4   0x08005fc4   0x00000048   Code   RO         4052    i.UARTEx_SetNbDataToProcess  stm32h7xx_hal_uart_ex.o
    0x0800600c   0x0800600c   0x000000c8   Code   RO         3656    i.UART_AdvFeatureConfig  stm32h7xx_hal_uart.o
    0x080060d4   0x080060d4   0x000000aa   Code   RO         3657    i.UART_CheckIdleState  stm32h7xx_hal_uart.o
    0x0800617e   0x0800617e   0x00000010   Code   RO         3658    i.UART_DMAAbortOnError  stm32h7xx_hal_uart.o
    0x0800618e   0x0800618e   0x00000050   Code   RO         3659    i.UART_DMAError     stm32h7xx_hal_uart.o
    0x080061de   0x080061de   0x00000084   Code   RO         3660    i.UART_DMAReceiveCplt  stm32h7xx_hal_uart.o
    0x08006262   0x08006262   0x00000020   Code   RO         3662    i.UART_DMARxHalfCplt  stm32h7xx_hal_uart.o
    0x08006282   0x08006282   0x00000028   Code   RO         3663    i.UART_DMARxOnlyAbortCallback  stm32h7xx_hal_uart.o
    0x080062aa   0x080062aa   0x00000002   PAD
    0x080062ac   0x080062ac   0x00000054   Code   RO         3668    i.UART_EndRxTransfer  stm32h7xx_hal_uart.o
    0x08006300   0x08006300   0x00000024   Code   RO         3669    i.UART_EndTransmit_IT  stm32h7xx_hal_uart.o
    0x08006324   0x08006324   0x0000002e   Code   RO         3670    i.UART_EndTxTransfer  stm32h7xx_hal_uart.o
    0x08006352   0x08006352   0x00000002   PAD
    0x08006354   0x08006354   0x00000490   Code   RO         3675    i.UART_SetConfig    stm32h7xx_hal_uart.o
    0x080067e4   0x080067e4   0x000000a4   Code   RO         3676    i.UART_Start_Receive_DMA  stm32h7xx_hal_uart.o
    0x08006888   0x08006888   0x00000098   Code   RO         3682    i.UART_WaitOnFlagUntilTimeout  stm32h7xx_hal_uart.o
    0x08006920   0x08006920   0x0000000c   Code   RO         5689    i.USART1_IRQHandler  stm32h7xx_it.o
    0x0800692c   0x0800692c   0x000000cc   Code   RO         5690    i.USART2_IRQHandler  stm32h7xx_it.o
    0x080069f8   0x080069f8   0x00000002   Code   RO         5691    i.UsageFault_Handler  stm32h7xx_it.o
    0x080069fa   0x080069fa   0x00000020   Code   RO         1164    i.__NVIC_SetPriority  stm32h7xx_hal_cortex.o
    0x08006a1a   0x08006a1a   0x00000002   PAD
    0x08006a1c   0x08006a1c   0x00000090   Code   RO         5332    i.main              main.o
    0x08006aac   0x08006aac   0x00000020   Code   RO         4773    i.prvResetNextTaskUnblockTime  tasks.o
    0x08006acc   0x08006acc   0x00000064   Code   RO         4803    i.vTaskSwitchContext  tasks.o
    0x08006b30   0x08006b30   0x00000030   Code   RO         5213    i.xPortSysTickHandler  port.o
    0x08006b60   0x08006b60   0x0000001c   Code   RO         4813    i.xTaskGetSchedulerState  tasks.o
    0x08006b7c   0x08006b7c   0x00000134   Code   RO         4816    i.xTaskIncrementTick  tasks.o
    0x08006cb0   0x08006cb0   0x0000000a   Code   RO         6122    x$fpl$fpinit        fz_wv.l(fpinit.o)
    0x08006cba   0x08006cba   0x00000008   Data   RO         2013    .constdata          stm32h7xx_hal_dma.o
    0x08006cc2   0x08006cc2   0x00000018   Data   RO         3683    .constdata          stm32h7xx_hal_uart.o
    0x08006cda   0x08006cda   0x00000010   Data   RO         4054    .constdata          stm32h7xx_hal_uart_ex.o
    0x08006cea   0x08006cea   0x00000010   Data   RO         4164    .constdata          system_stm32h7xx.o
    0x08006cfa   0x08006cfa   0x00000002   PAD
    0x08006cfc   0x08006cfc   0x00000020   Data   RO         6180    Region$$Table       anon$$obj.o


    Execution Region RW_IRAM1 (Exec base: 0x20000000, Load base: 0x08006d1c, Size: 0x00000000, Max: 0x00020000, ABSOLUTE)

    **** No section assigned to this execution region ****


    Execution Region RW_IRAM2 (Exec base: 0x24000000, Load base: 0x08006d1c, Size: 0x00000e50, Max: 0x00080000, ABSOLUTE)

    Exec Addr    Load Addr    Size         Type   Attr      Idx    E Section Name        Object

    0x24000000   0x08006d1c   0x0000000c   Data   RW         2751    .data               stm32h7xx_hal.o
    0x2400000c   0x08006d28   0x00000008   Data   RW         4165    .data               system_stm32h7xx.o
    0x24000014   0x08006d30   0x00000040   Data   RW         4823    .data               tasks.o
    0x24000054   0x08006d70   0x00000001   Data   RW         5905    .data               jy901s.o
    0x24000055   0x08006d71   0x00000003   PAD
    0x24000058        -       0x000000f0   Zero   RW         4822    .bss                tasks.o
    0x24000148        -       0x000001c8   Zero   RW         5520    .bss                tim.o
    0x24000310        -       0x00000430   Zero   RW         5607    .bss                usart.o
    0x24000740        -       0x0000004c   Zero   RW         5819    .bss                stm32h7xx_hal_timebase_tim.o
    0x2400078c        -       0x00000064   Zero   RW         5904    .bss                jy901s.o
    0x240007f0        -       0x00000060   Zero   RW         6052    .bss                c_w.l(libspace.o)
    0x24000850        -       0x00000200   Zero   RW            2    HEAP                startup_stm32h750xx.o
    0x24000a50        -       0x00000400   Zero   RW            1    STACK               startup_stm32h750xx.o


==============================================================================

Image component sizes


      Code (inc. data)   RO Data    RW Data    ZI Data      Debug   Object Name

         0          0          0          0          0       2180   croutine.o
        92          4          0          0          0        798   dma.o
         0          0          0          0          0       6004   event_groups.o
       184         12          0          0          0       1011   gpio.o
         0          0          0          1        100       1010   jy901s.o
       414         36          0          0          0       4319   main.o
       242         22          0          0          0       3962   port.o
       192         30          0          0          0       1212   rescue_car.o
        72         30        664          0       1536        860   startup_stm32h750xx.o
       132         32          0         12          0      22117   stm32h7xx_hal.o
       306         30          0          0          0      41056   stm32h7xx_hal_cortex.o
      6476        144          8          0          0      14506   stm32h7xx_hal_dma.o
       562         50          0          0          0       2376   stm32h7xx_hal_gpio.o
        44          4          0          0          0        826   stm32h7xx_hal_msp.o
        88          6          0          0          0        845   stm32h7xx_hal_pwr_ex.o
      2976        136          0          0          0       8809   stm32h7xx_hal_rcc.o
      4080        132          0          0          0       8417   stm32h7xx_hal_rcc_ex.o
      3006        276          0          0          0    1312915   stm32h7xx_hal_tim.o
       166         28          0          0          0       3264   stm32h7xx_hal_tim_ex.o
       144         20          0          0         76       1595   stm32h7xx_hal_timebase_tim.o
      3654        156         24          0          0      37512   stm32h7xx_hal_uart.o
       292          6         16          0          0       5554   stm32h7xx_hal_uart_ex.o
       320         64          0          0          0       7296   stm32h7xx_it.o
       272         46         16          8          0       1841   system_stm32h7xx.o
       468         26          0         64        240      13284   tasks.o
      1196        110          0          0        456       6759   tim.o
      1156         86          0          0       1072       5779   usart.o

    ----------------------------------------------------------------------
     26562       1486        762         88       3480    1516107   Object Totals
         0          0         32          0          0          0   (incl. Generated)
        28          0          2          3          0          0   (incl. Padding)

    ----------------------------------------------------------------------

      Code (inc. data)   RO Data    RW Data    ZI Data      Debug   Library Member Name

         8          0          0          0          0         68   __main.o
         0          0          0          0          0          0   __rtentry.o
        12          0          0          0          0          0   __rtentry2.o
         6          0          0          0          0          0   __rtentry4.o
        52          8          0          0          0          0   __scatter.o
        26          0          0          0          0          0   __scatter_copy.o
        28          0          0          0          0          0   __scatter_zi.o
        18          0          0          0          0         80   exit.o
         6          0          0          0          0        152   heapauxi.o
         0          0          0          0          0          0   indicate_semi.o
         2          0          0          0          0          0   libinit.o
         6          0          0          0          0          0   libinit2.o
         2          0          0          0          0          0   libshutdown.o
         2          0          0          0          0          0   libshutdown2.o
         8          4          0          0         96         68   libspace.o
       238          0          0          0          0        100   lludivv7m.o
        78          0          0          0          0         80   rt_memclr_w.o
         2          0          0          0          0          0   rtexit.o
        10          0          0          0          0          0   rtexit2.o
        12          4          0          0          0         68   sys_exit.o
        74          0          0          0          0         80   sys_stackheap_outer.o
         2          0          0          0          0         68   use_no_semi.o
        10          0          0          0          0        116   fpinit.o

    ----------------------------------------------------------------------
       608         16          0          0         96        880   Library Totals
         6          0          0          0          0          0   (incl. Padding)

    ----------------------------------------------------------------------

      Code (inc. data)   RO Data    RW Data    ZI Data      Debug   Library Name

       592         16          0          0         96        764   c_w.l
        10          0          0          0          0        116   fz_wv.l

    ----------------------------------------------------------------------
       608         16          0          0         96        880   Library Totals

    ----------------------------------------------------------------------

==============================================================================


      Code (inc. data)   RO Data    RW Data    ZI Data      Debug   

     27170       1502        762         88       3576    1503127   Grand Totals
     27170       1502        762         88       3576    1503127   ELF Image Totals
     27170       1502        762         88          0          0   ROM Totals

==============================================================================

    Total RO  Size (Code + RO Data)                27932 (  27.28kB)
    Total RW  Size (RW Data + ZI Data)              3664 (   3.58kB)
    Total ROM Size (Code + RO Data + RW Data)      28020 (  27.36kB)

==============================================================================

